Component: ARM Compiler 5.06 update 5 (build 528) Tool: armlink [4d35e2]

==============================================================================

Section Cross References

    startup_stm32f407xx.o(STACK) refers (Special) to heapauxi.o(.text) for __use_two_region_memory
    startup_stm32f407xx.o(HEAP) refers (Special) to heapauxi.o(.text) for __use_two_region_memory
    startup_stm32f407xx.o(RESET) refers (Special) to heapauxi.o(.text) for __use_two_region_memory
    startup_stm32f407xx.o(RESET) refers to startup_stm32f407xx.o(STACK) for __initial_sp
    startup_stm32f407xx.o(RESET) refers to startup_stm32f407xx.o(.text) for Reset_Handler
    startup_stm32f407xx.o(RESET) refers to stm32f4xx_it.o(i.NMI_Handler) for NMI_Handler
    startup_stm32f407xx.o(RESET) refers to stm32f4xx_it.o(i.HardFault_Handler) for HardFault_Handler
    startup_stm32f407xx.o(RESET) refers to stm32f4xx_it.o(i.MemManage_Handler) for MemManage_Handler
    startup_stm32f407xx.o(RESET) refers to stm32f4xx_it.o(i.BusFault_Handler) for BusFault_Handler
    startup_stm32f407xx.o(RESET) refers to stm32f4xx_it.o(i.UsageFault_Handler) for UsageFault_Handler
    startup_stm32f407xx.o(RESET) refers to stm32f4xx_it.o(i.SVC_Handler) for SVC_Handler
    startup_stm32f407xx.o(RESET) refers to stm32f4xx_it.o(i.DebugMon_Handler) for DebugMon_Handler
    startup_stm32f407xx.o(RESET) refers to stm32f4xx_it.o(i.PendSV_Handler) for PendSV_Handler
    startup_stm32f407xx.o(RESET) refers to stm32f4xx_it.o(i.SysTick_Handler) for SysTick_Handler
    startup_stm32f407xx.o(RESET) refers to stm32f4xx_it.o(i.DMA1_Stream5_IRQHandler) for DMA1_Stream5_IRQHandler
    startup_stm32f407xx.o(RESET) refers to stm32f4xx_it.o(i.DMA1_Stream6_IRQHandler) for DMA1_Stream6_IRQHandler
    startup_stm32f407xx.o(RESET) refers to stm32f4xx_it.o(i.TIM1_UP_TIM10_IRQHandler) for TIM1_UP_TIM10_IRQHandler
    startup_stm32f407xx.o(RESET) refers to stm32f4xx_it.o(i.TIM2_IRQHandler) for TIM2_IRQHandler
    startup_stm32f407xx.o(RESET) refers to stm32f4xx_it.o(i.USART1_IRQHandler) for USART1_IRQHandler
    startup_stm32f407xx.o(RESET) refers to stm32f4xx_it.o(i.USART2_IRQHandler) for USART2_IRQHandler
    startup_stm32f407xx.o(RESET) refers to stm32f4xx_it.o(i.DMA2_Stream0_IRQHandler) for DMA2_Stream0_IRQHandler
    startup_stm32f407xx.o(RESET) refers to stm32f4xx_it.o(i.DMA2_Stream1_IRQHandler) for DMA2_Stream1_IRQHandler
    startup_stm32f407xx.o(RESET) refers to stm32f4xx_it.o(i.DMA2_Stream2_IRQHandler) for DMA2_Stream2_IRQHandler
    startup_stm32f407xx.o(.text) refers (Special) to heapauxi.o(.text) for __use_two_region_memory
    startup_stm32f407xx.o(.text) refers to system_stm32f4xx.o(i.SystemInit) for SystemInit
    startup_stm32f407xx.o(.text) refers to __main.o(!!!main) for __main
    startup_stm32f407xx.o(.text) refers to startup_stm32f407xx.o(HEAP) for Heap_Mem
    startup_stm32f407xx.o(.text) refers to startup_stm32f407xx.o(STACK) for Stack_Mem
    main.o(.rev16_text) refers (Special) to use_no_semi_2.o(.text) for __use_no_semihosting
    main.o(.revsh_text) refers (Special) to use_no_semi_2.o(.text) for __use_no_semihosting
    main.o(.rrx_text) refers (Special) to use_no_semi_2.o(.text) for __use_no_semihosting
    main.o(i.BootMarker) refers (Special) to use_no_semi_2.o(.text) for __use_no_semihosting
    main.o(i.Error_Handler) refers (Special) to use_no_semi_2.o(.text) for __use_no_semihosting
    main.o(i.SystemClock_Config) refers (Special) to use_no_semi_2.o(.text) for __use_no_semihosting
    main.o(i._sys_exit) refers (Special) to use_no_semi_2.o(.text) for __use_no_semihosting
    main.o(i._write) refers (Special) to use_no_semi_2.o(.text) for __use_no_semihosting
    main.o(i._write) refers to stm32f4xx_hal_uart.o(i.HAL_UART_Transmit) for HAL_UART_Transmit
    main.o(i._write) refers to usart.o(.bss) for huart1
    main.o(i.fputc) refers (Special) to use_no_semi_2.o(.text) for __use_no_semihosting
    main.o(i.fputc) refers to stm32f4xx_hal_uart.o(i.HAL_UART_Transmit) for HAL_UART_Transmit
    main.o(i.fputc) refers to usart.o(.bss) for huart1
    main.o(i.main) refers (Special) to use_no_semi_2.o(.text) for __use_no_semihosting
    main.o(i.main) refers to _printf_percent.o(.ARM.Collect$$_printf_percent$$00000000) for _printf_percent
    main.o(i.main) refers to _printf_f.o(.ARM.Collect$$_printf_percent$$00000003) for _printf_f
    main.o(i.main) refers to printf1.o(x$fpl$printf1) for _printf_fp_dec
    main.o(i.main) refers to _printf_pad.o(.text) for _printf_pre_padding
    main.o(i.main) refers to _printf_d.o(.ARM.Collect$$_printf_percent$$00000009) for _printf_d
    main.o(i.main) refers to _printf_u.o(.ARM.Collect$$_printf_percent$$0000000A) for _printf_u
    main.o(i.main) refers to _printf_dec.o(.text) for _printf_int_dec
    main.o(i.main) refers to main.o(i.BootMarker) for BootMarker
    main.o(i.main) refers to stm32f4xx_hal.o(i.HAL_Init) for HAL_Init
    main.o(i.main) refers to gpio.o(i.MX_GPIO_Init) for MX_GPIO_Init
[...]
    .data                                    0x20000028   Section        4  main.o(.data)
    .data                                    0x2000002c   Section        4  system_stm32f4xx.o(.data)
    .data                                    0x20000030   Section        4  bsp_adc.o(.data)
    filtered_voltage                         0x20000030   Data           4  bsp_adc.o(.data)
    .data                                    0x20000034   Section       16  bsp_encoder.o(.data)
    filtered_speed_left                      0x20000034   Data           4  bsp_encoder.o(.data)
    filtered_speed_right                     0x20000038   Data           4  bsp_encoder.o(.data)
    accum_left                               0x2000003c   Data           4  bsp_encoder.o(.data)
    accum_right                              0x20000040   Data           4  bsp_encoder.o(.data)
    .data                                    0x20000044   Section        4  bsp_motor.o(.data)
    .data                                    0x20000048   Section       12  bsp_protocol.o(.data)
    .data                                    0x20000054   Section        3  bsp_debug.o(.data)
    dbg_idx                                  0x20000054   Data           1  bsp_debug.o(.data)
    dbg_line_ready                           0x20000055   Data           1  bsp_debug.o(.data)
    dbg_rx_char                              0x20000056   Data           1  bsp_debug.o(.data)
    .data                                    0x20000058   Section       12  stm32f4xx_hal.o(.data)
    .bss                                     0x20000064   Section      112  main.o(.bss)
    .bss                                     0x200000d4   Section      240  adc.o(.bss)
    .bss                                     0x200001c4   Section       12  iwdg.o(.bss)
    .bss                                     0x200001d0   Section      408  tim.o(.bss)
    .bss                                     0x20000368   Section      336  usart.o(.bss)
    .bss                                     0x200004b8   Section       40  bsp_adc.o(.bss)
    .bss                                     0x200004e0   Section       64  bsp_protocol.o(.bss)
    .bss                                     0x20000520   Section       64  bsp_debug.o(.bss)
    dbg_line                                 0x20000520   Data          64  bsp_debug.o(.bss)
    .bss                                     0x20000560   Section       96  libspace.o(.bss)
    HEAP                                     0x200005c0   Section      512  startup_stm32f407xx.o(HEAP)
    Heap_Mem                                 0x200005c0   Data         512  startup_stm32f407xx.o(HEAP)
    STACK                                    0x200007c0   Section     1024  startup_stm32f407xx.o(STACK)
    Stack_Mem                                0x200007c0   Data        1024  startup_stm32f407xx.o(STACK)
    __initial_sp                             0x20000bc0   Data           0  startup_stm32f407xx.o(STACK)

    Global Symbols

    Symbol Name                              Value     Ov Type        Size  Object(Section)

    BuildAttributes$$THM_ISAv4$E$P$D$K$B$S$7EM$VFPi3$EXTD16$VFPS$VFMA$PE$A:L22UL41UL21$X:L11$S22US41US21$IEEE1$IW$USESV6$~STKCKD$USESV7$~SHL$OTIME$ROPI$IEEEJ$EBA8$UX$STANDARDLIB$REQ8$PRES8$EABIv2 0x00000000   Number         0  anon$$obj.o ABSOLUTE
    __ARM_use_no_argv                        0x00000000   Number         0  main.o ABSOLUTE
    _printf_flags                            0x00000000   Number         0  printf_stubs.o ABSOLUTE
    _printf_return_value                     0x00000000   Number         0  printf_stubs.o ABSOLUTE
    _printf_sizespec                         0x00000000   Number         0  printf_stubs.o ABSOLUTE
    _printf_widthprec                        0x00000000   Number         0  printf_stubs.o ABSOLUTE
    __ARM_exceptions_init                     - Undefined Weak Reference
    __alloca_initialize                       - Undefined Weak Reference
    __arm_preinit_                            - Undefined Weak Reference
    __cpp_initialize__aeabi_                  - Undefined Weak Reference
    __cxa_finalize                            - Undefined Weak Reference
    __sigvec_lookup                           - Undefined Weak Reference
    _atexit_init                              - Undefined Weak Reference
    _call_atexit_fns                          - Undefined Weak Reference
    _clock_init                               - Undefined Weak Reference
    _fp_trap_init                             - Undefined Weak Reference
    _fp_trap_shutdown                         - Undefined Weak Reference
    _get_lc_collate                           - Undefined Weak Reference
    _get_lc_monetary                          - Undefined Weak Reference
    _get_lc_time                              - Undefined Weak Reference
    _getenv_init                              - Undefined Weak Reference
    _handle_redirection                       - Undefined Weak Reference
    _init_alloc                               - Undefined Weak Reference
    _init_user_alloc                          - Undefined Weak Reference
    _initio                                   - Undefined Weak Reference
    _mutex_acquire                            - Undefined Weak Reference
    _mutex_release                            - Undefined Weak Reference
    _printf_mbtowc                            - Undefined Weak Reference
    _printf_truncate_signed                   - Undefined Weak Reference
    _printf_truncate_unsigned                 - Undefined Weak Reference
    _rand_init                                - Undefined Weak Reference
    _scanf_longlong                           - Undefined Weak Reference
    _scanf_mbtowc                             - Undefined Weak Reference
    _scanf_real                               - Undefined Weak Reference
    _scanf_string                             - Undefined Weak Reference
    _scanf_wctomb                             - Undefined Weak Reference
    _scanf_wstring                            - Undefined Weak Reference
    _signal_finish                            - Undefined Weak Reference
    _signal_init                              - Undefined Weak Reference
    _terminate_alloc                          - Undefined Weak Reference
    _terminate_user_alloc                     - Undefined Weak Reference
    _terminateio                              - Undefined Weak Reference
    __Vectors_Size                           0x00000188   Number         0  startup_stm32f407xx.o ABSOLUTE
    __Vectors                                0x08000000   Data           4  startup_stm32f407xx.o(RESET)
    __Vectors_End                            0x08000188   Data           0  startup_stm32f407xx.o(RESET)
    __main                                   0x08000189   Thumb Code     8  __main.o(!!!main)
    __scatterload                            0x08000191   Thumb Code     0  __scatter.o(!!!scatter)
    __scatterload_rt2                        0x08000191   Thumb Code    44  __scatter.o(!!!scatter)
    __scatterload_rt2_thumb_only             0x08000191   Thumb Code     0  __scatter.o(!!!scatter)
    __scatterload_null                       0x0800019f   Thumb Code     0  __scatter.o(!!!scatter)
    __scatterload_copy                       0x080001c5   Thumb Code    26  __scatter_copy.o(!!handler_copy)
    __scatterload_zeroinit                   0x080001e1   Thumb Code    28  __scatter_zi.o(!!handler_zi)
    _printf_f                                0x080001fd   Thumb Code     0  _printf_f.o(.ARM.Collect$$_printf_percent$$00000003)
    _printf_percent                          0x080001fd   Thumb Code     0  _printf_percent.o(.ARM.Collect$$_printf_percent$$00000000)
    _printf_d                                0x08000203   Thumb Code     0  _printf_d.o(.ARM.Collect$$_printf_percent$$00000009)
    _printf_u                                0x08000209   Thumb Code     0  _printf_u.o(.ARM.Collect$$_printf_percent$$0000000A)
    _printf_x                                0x0800020f   Thumb Code     0  _printf_x.o(.ARM.Collect$$_printf_percent$$0000000C)
    _printf_s                                0x08000215   Thumb Code     0  _printf_s.o(.ARM.Collect$$_printf_percent$$00000014)
    _printf_percent_end                      0x0800021b   Thumb Code     0  _printf_percent_end.o(.ARM.Collect$$_printf_percent$$00000017)
    __rt_lib_init                            0x0800021f   Thumb Code     0  libinit.o(.ARM.Collect$$libinit$$00000000)
    __rt_lib_init_fp_1                       0x08000221   Thumb Code     0  libinit2.o(.ARM.Collect$$libinit$$00000001)
    __rt_lib_init_heap_1                     0x08000225   Thumb Code     0  libinit2.o(.ARM.Collect$$libinit$$0000000A)
    __rt_lib_init_lc_common                  0x08000225   Thumb Code     0  libinit2.o(.ARM.Collect$$libinit$$0000000F)
    __rt_lib_init_preinit_1                  0x08000225   Thumb Code     0  libinit2.o(.ARM.Collect$$libinit$$00000004)
    __rt_lib_init_rand_1                     0x08000225   Thumb Code     0  libinit2.o(.ARM.Collect$$libinit$$0000000E)
    __rt_lib_init_user_alloc_1               0x08000225   Thumb Code     0  libinit2.o(.ARM.Collect$$libinit$$0000000C)
    __rt_lib_init_lc_collate_1               0x0800022b   Thumb Code     0  libinit2.o(.ARM.Collect$$libinit$$00000011)
    __rt_lib_init_lc_ctype_2                 0x0800022b   Thumb Code     0  libinit2.o(.ARM.Collect$$libinit$$00000012)
    __rt_lib_init_lc_ctype_1                 0x08000237   Thumb Code     0  libinit2.o(.ARM.Collect$$libinit$$00000013)
    __rt_lib_init_lc_monetary_1              0x08000237   Thumb Code     0  libinit2.o(.ARM.Collect$$libinit$$00000015)
    __rt_lib_init_lc_numeric_2               0x08000237   Thumb Code     0  libinit2.o(.ARM.Collect$$libinit$$00000016)
    __rt_lib_init_alloca_1                   0x08000241   Thumb Code     0  libinit2.o(.ARM.Collect$$libinit$$0000002E)
    __rt_lib_init_argv_1                     0x08000241   Thumb Code     0  libinit2.o(.ARM.Collect$$libinit$$0000002C)
    __rt_lib_init_atexit_1                   0x08000241   Thumb Code     0  libinit2.o(.ARM.Collect$$libinit$$0000001B)
    __rt_lib_init_clock_1                    0x08000241   Thumb Code     0  libinit2.o(.ARM.Collect$$libinit$$00000021)
    __rt_lib_init_cpp_1                      0x08000241   Thumb Code     0  libinit2.o(.ARM.Collect$$libinit$$00000032)
    __rt_lib_init_exceptions_1               0x08000241   Thumb Code     0  libinit2.o(.ARM.Collect$$libinit$$00000030)
    __rt_lib_init_fp_trap_1                  0x08000241   Thumb Code     0  libinit2.o(.ARM.Collect$$libinit$$0000001F)
    __rt_lib_init_getenv_1                   0x08000241   Thumb Code     0  libinit2.o(.ARM.Collect$$libinit$$00000023)
    __rt_lib_init_lc_numeric_1               0x08000241   Thumb Code     0  libinit2.o(.ARM.Collect$$libinit$$00000017)
    __rt_lib_init_lc_time_1                  0x08000241   Thumb Code     0  libinit2.o(.ARM.Collect$$libinit$$00000019)
    __rt_lib_init_return                     0x08000241   Thumb Code     0  libinit2.o(.ARM.Collect$$libinit$$00000033)
    __rt_lib_init_signal_1                   0x08000241   Thumb Code     0  libinit2.o(.ARM.Collect$$libinit$$0000001D)
    __rt_lib_init_stdio_1                    0x08000241   Thumb Code     0  libinit2.o(.ARM.Collect$$libinit$$00000025)
    __rt_lib_shutdown                        0x08000243   Thumb Code     0  libshutdown.o(.ARM.Collect$$libshutdown$$00000000)
    __rt_lib_shutdown_cpp_1                  0x08000245   Thumb Code     0  libshutdown2.o(.ARM.Collect$$libshutdown$$00000002)
    __rt_lib_shutdown_fp_trap_1              0x08000245   Thumb Code     0  libshutdown2.o(.ARM.Collect$$libshutdown$$00000007)
    __rt_lib_shutdown_heap_1                 0x08000245   Thumb Code     0  libshutdown2.o(.ARM.Collect$$libshutdown$$0000000F)
    __rt_lib_shutdown_return                 0x08000245   Thumb Code     0  libshutdown2.o(.ARM.Collect$$libshutdown$$00000010)
    __rt_lib_shutdown_signal_1               0x08000245   Thumb Code     0  libshutdown2.o(.ARM.Collect$$libshutdown$$0000000A)
    __rt_lib_shutdown_stdio_1                0x08000245   Thumb Code     0  libshutdown2.o(.ARM.Collect$$libshutdown$$00000004)
    __rt_lib_shutdown_user_alloc_1           0x08000245   Thumb Code     0  libshutdown2.o(.ARM.Collect$$libshutdown$$0000000C)
    __rt_entry                               0x08000247   Thumb Code     0  __rtentry.o(.ARM.Collect$$rtentry$$00000000)
    __rt_entry_presh_1                       0x08000247   Thumb Code     0  __rtentry2.o(.ARM.Collect$$rtentry$$00000002)
    __rt_entry_sh                            0x08000247   Thumb Code     0  __rtentry4.o(.ARM.Collect$$rtentry$$00000004)
    __rt_entry_li                            0x0800024d   Thumb Code     0  __rtentry2.o(.ARM.Collect$$rtentry$$0000000A)
    __rt_entry_postsh_1                      0x0800024d   Thumb Code     0  __rtentry2.o(.ARM.Collect$$rtentry$$00000009)
    __rt_entry_main                          0x08000251   Thumb Code     0  __rtentry2.o(.ARM.Collect$$rtentry$$0000000D)
    __rt_entry_postli_1                      0x08000251   Thumb Code     0  __rtentry2.o(.ARM.Collect$$rtentry$$0000000C)
    __rt_exit                                0x08000259   Thumb Code     0  rtexit.o(.ARM.Collect$$rtexit$$00000000)
    __rt_exit_ls                             0x0800025b   Thumb Code     0  rtexit2.o(.ARM.Collect$$rtexit$$00000003)
    __rt_exit_prels_1                        0x0800025b   Thumb Code     0  rtexit2.o(.ARM.Collect$$rtexit$$00000002)
    __rt_exit_exit                           0x0800025f   Thumb Code     0  rtexit2.o(.ARM.Collect$$rtexit$$00000004)
    Reset_Handler                            0x08000265   Thumb Code     8  startup_stm32f407xx.o(.text)
    ADC_IRQHandler                           0x0800027f   Thumb Code     0  startup_stm32f407xx.o(.text)
    CAN1_RX0_IRQHandler                      0x0800027f   Thumb Code     0  startup_stm32f407xx.o(.text)
    CAN1_RX1_IRQHandler                      0x0800027f   Thumb Code     0  startup_stm32f407xx.o(.text)
    CAN1_SCE_IRQHandler                      0x0800027f   Thumb Code     0  startup_stm32f407xx.o(.text)
    CAN1_TX_IRQHandler                       0x0800027f   Thumb Code     0  startup_stm32f407xx.o(.text)
    CAN2_RX0_IRQHandler                      0x0800027f   Thumb Code     0  startup_stm32f407xx.o(.text)
    CAN2_RX1_IRQHandler                      0x0800027f   Thumb Code     0  startup_stm32f407xx.o(.text)
    CAN2_SCE_IRQHandler                      0x0800027f   Thumb Code     0  startup_stm32f407xx.o(.text)
    CAN2_TX_IRQHandler                       0x0800027f   Thumb Code     0  startup_stm32f407xx.o(.text)
    DCMI_IRQHandler                          0x0800027f   Thumb Code     0  startup_stm32f407xx.o(.text)
    DMA1_Stream0_IRQHandler                  0x0800027f   Thumb Code     0  startup_stm32f407xx.o(.text)
    DMA1_Stream1_IRQHandler                  0x0800027f   Thumb Code     0  startup_stm32f407xx.o(.text)
    DMA1_Stream2_IRQHandler                  0x0800027f   Thumb Code     0  startup_stm32f407xx.o(.text)
    DMA1_Stream3_IRQHandler                  0x0800027f   Thumb Code     0  startup_stm32f407xx.o(.text)
    DMA1_Stream4_IRQHandler                  0x0800027f   Thumb Code     0  startup_stm32f407xx.o(.text)
    DMA1_Stream7_IRQHandler                  0x0800027f   Thumb Code     0  startup_stm32f407xx.o(.text)
    DMA2_Stream3_IRQHandler                  0x0800027f   Thumb Code     0  startup_stm32f407xx.o(.text)
    DMA2_Stream4_IRQHandler                  0x0800027f   Thumb Code     0  startup_stm32f407xx.o(.text)
    DMA2_Stream5_IRQHandler                  0x0800027f   Thumb Code     0  startup_stm32f407xx.o(.text)
    DMA2_Stream6_IRQHandler                  0x0800027f   Thumb Code     0  startup_stm32f407xx.o(.text)
    DMA2_Stream7_IRQHandler                  0x0800027f   Thumb Code     0  startup_stm32f407xx.o(.text)
    ETH_IRQHandler                           0x0800027f   Thumb Code     0  startup_stm32f407xx.o(.text)
    ETH_WKUP_IRQHandler                      0x0800027f   Thumb Code     0  startup_stm32f407xx.o(.text)
    EXTI0_IRQHandler                         0x0800027f   Thumb Code     0  startup_stm32f407xx.o(.text)
    EXTI15_10_IRQHandler                     0x0800027f   Thumb Code     0  startup_stm32f407xx.o(.text)
    EXTI1_IRQHandler                         0x0800027f   Thumb Code     0  startup_stm32f407xx.o(.text)
    EXTI2_IRQHandler                         0x0800027f   Thumb Code     0  startup_stm32f407xx.o(.text)
    EXTI3_IRQHandler                         0x0800027f   Thumb Code     0  startup_stm32f407xx.o(.text)
    EXTI4_IRQHandler                         0x0800027f   Thumb Code     0  startup_stm32f407xx.o(.text)
    EXTI9_5_IRQHandler                       0x0800027f   Thumb Code     0  startup_stm32f407xx.o(.text)
    FLASH_IRQHandler                         0x0800027f   Thumb Code     0  startup_stm32f407xx.o(.text)
    FMC_IRQHandler                           0x0800027f   Thumb Code     0  startup_stm32f407xx.o(.text)
    FPU_IRQHandler                           0x0800027f   Thumb Code     0  startup_stm32f407xx.o(.text)
    HASH_RNG_IRQHandler                      0x0800027f   Thumb Code     0  startup_stm32f407xx.o(.text)
    I2C1_ER_IRQHandler                       0x0800027f   Thumb Code     0  startup_stm32f407xx.o(.text)
    I2C1_EV_IRQHandler                       0x0800027f   Thumb Code     0  startup_stm32f407xx.o(.text)
    I2C2_ER_IRQHandler                       0x0800027f   Thumb Code     0  startup_stm32f407xx.o(.text)
    I2C2_EV_IRQHandler                       0x0800027f   Thumb Code     0  startup_stm32f407xx.o(.text)
    I2C3_ER_IRQHandler                       0x0800027f   Thumb Code     0  startup_stm32f407xx.o(.text)
    I2C3_EV_IRQHandler                       0x0800027f   Thumb Code     0  startup_stm32f407xx.o(.text)
    OTG_FS_IRQHandler                        0x0800027f   Thumb Code     0  startup_stm32f407xx.o(.text)
    OTG_FS_WKUP_IRQHandler                   0x0800027f   Thumb Code     0  startup_stm32f407xx.o(.text)
    OTG_HS_EP1_IN_IRQHandler                 0x0800027f   Thumb Code     0  startup_stm32f407xx.o(.text)
    OTG_HS_EP1_OUT_IRQHandler                0x0800027f   Thumb Code     0  startup_stm32f407xx.o(.text)
    OTG_HS_IRQHandler                        0x0800027f   Thumb Code     0  startup_stm32f407xx.o(.text)
    OTG_HS_WKUP_IRQHandler                   0x0800027f   Thumb Code     0  startup_stm32f407xx.o(.text)
    PVD_IRQHandler                           0x0800027f   Thumb Code     0  startup_stm32f407xx.o(.text)
    RCC_IRQHandler                           0x0800027f   Thumb Code     0  startup_stm32f407xx.o(.text)
    RTC_Alarm_IRQHandler                     0x0800027f   Thumb Code     0  startup_stm32f407xx.o(.text)
    RTC_WKUP_IRQHandler                      0x0800027f   Thumb Code     0  startup_stm32f407xx.o(.text)
    SDIO_IRQHandler                          0x0800027f   Thumb Code     0  startup_stm32f407xx.o(.text)
    SPI1_IRQHandler                          0x0800027f   Thumb Code     0  startup_stm32f407xx.o(.text)
    SPI2_IRQHandler                          0x0800027f   Thumb Code     0  startup_stm32f407xx.o(.text)
    SPI3_IRQHandler                          0x0800027f   Thumb Code     0  startup_stm32f407xx.o(.text)
    TAMP_STAMP_IRQHandler                    0x0800027f   Thumb Code     0  startup_stm32f407xx.o(.text)
    TIM1_BRK_TIM9_IRQHandler                 0x0800027f   Thumb Code     0  startup_stm32f407xx.o(.text)
    TIM1_CC_IRQHandler                       0x0800027f   Thumb Code     0  startup_stm32f407xx.o(.text)
    TIM1_TRG_COM_TIM11_IRQHandler            0x0800027f   Thumb Code     0  startup_stm32f407xx.o(.text)
    TIM3_IRQHandler                          0x0800027f   Thumb Code     0  startup_stm32f407xx.o(.text)
    TIM4_IRQHandler                          0x0800027f   Thumb Code     0  startup_stm32f407xx.o(.text)
    TIM5_IRQHandler                          0x0800027f   Thumb Code     0  startup_stm32f407xx.o(.text)
    TIM6_DAC_IRQHandler                      0x0800027f   Thumb Code     0  startup_stm32f407xx.o(.text)
    TIM7_IRQHandler                          0x0800027f   Thumb Code     0  startup_stm32f407xx.o(.text)
    TIM8_BRK_TIM12_IRQHandler                0x0800027f   Thumb Code     0  startup_stm32f407xx.o(.text)
    TIM8_CC_IRQHandler                       0x0800027f   Thumb Code     0  startup_stm32f407xx.o(.text)
    TIM8_TRG_COM_TIM14_IRQHandler            0x0800027f   Thumb Code     0  startup_stm32f407xx.o(.text)
    TIM8_UP_TIM13_IRQHandler                 0x0800027f   Thumb Code     0  startup_stm32f407xx.o(.text)
    UART4_IRQHandler                         0x0800027f   Thumb Code     0  startup_stm32f407xx.o(.text)
    UART5_IRQHandler                         0x0800027f   Thumb Code     0  startup_stm32f407xx.o(.text)
    USART3_IRQHandler                        0x0800027f   Thumb Code     0  startup_stm32f407xx.o(.text)
    USART6_IRQHandler                        0x0800027f   Thumb Code     0  startup_stm32f407xx.o(.text)
    WWDG_IRQHandler                          0x0800027f   Thumb Code     0  startup_stm32f407xx.o(.text)
    __user_initial_stackheap                 0x08000281   Thumb Code     0  startup_stm32f407xx.o(.text)
    __use_no_semihosting                     0x080002a5   Thumb Code     2  use_no_semi_2.o(.text)
    __aeabi_uldivmod                         0x080002a7   Thumb Code     0  lludivv7m.o(.text)
    _ll_udiv                                 0x080002a7   Thumb Code   238  lludivv7m.o(.text)
    __2printf                                0x08000395   Thumb Code    20  noretval__2printf.o(.text)
    _printf_pre_padding                      0x080003ad   Thumb Code    44  _printf_pad.o(.text)
    _printf_post_padding                     0x080003d9   Thumb Code    34  _printf_pad.o(.text)
    _printf_str                              0x080003fb   Thumb Code    82  _printf_str.o(.text)
    _printf_int_dec                          0x0800044d   Thumb Code   104  _printf_dec.o(.text)
    _printf_int_hex                          0x080004c5   Thumb Code    84  _printf_hex_int.o(.text)
    _printf_longlong_hex                     0x080004c5   Thumb Code     0  _printf_hex_int.o(.text)
    __printf                                 0x0800051d   Thumb Code   388  __printf_flags_ss_wp.o(.text)
    __0sscanf                                0x080006a5   Thumb Code    52  __0sscanf.o(.text)
    _scanf_int                               0x080006e1   Thumb Code   332  _scanf_int.o(.text)
    strtol                                   0x0800082d   Thumb Code   112  strtol.o(.text)
    strlen                                   0x0800089d   Thumb Code    62  strlen.o(.text)
    strncmp                                  0x080008db   Thumb Code   150  strncmp.o(.text)
    __aeabi_memclr4                          0x08000971   Thumb Code     0  rt_memclr_w.o(.text)
    __aeabi_memclr8                          0x08000971   Thumb Code     0  rt_memclr_w.o(.text)
    __rt_memclr_w                            0x08000971   Thumb Code    78  rt_memclr_w.o(.text)
    _memset_w                                0x08000975   Thumb Code     0  rt_memclr_w.o(.text)
    strncpy                                  0x080009bf   Thumb Code    86  strncpy.o(.text)
    __use_two_region_memory                  0x08000a15   Thumb Code     2  heapauxi.o(.text)
    __rt_heap_escrow$2region                 0x08000a17   Thumb Code     2  heapauxi.o(.text)
    __rt_heap_expand$2region                 0x08000a19   Thumb Code     2  heapauxi.o(.text)
    __I$use$semihosting                      0x08000a1b   Thumb Code     0  use_no_semi.o(.text)
    __use_no_semihosting_swi                 0x08000a1b   Thumb Code     2  use_no_semi.o(.text)
    __rt_ctype_table                         0x08000a1d   Thumb Code    16  rt_ctype_table.o(.text)
    __aeabi_errno_addr                       0x08000a2d   Thumb Code     8  rt_errno_addr_intlibspace.o(.text)
    __errno$intlibspace                      0x08000a2d   Thumb Code     0  rt_errno_addr_intlibspace.o(.text)
    __rt_errno_addr$intlibspace              0x08000a2d   Thumb Code     0  rt_errno_addr_intlibspace.o(.text)
    _printf_int_common                       0x08000a35   Thumb Code   178  _printf_intcommon.o(.text)
    __lib_sel_fp_printf                      0x08000ae7   Thumb Code     2  _printf_fp_dec.o(.text)
    _printf_fp_dec_real                      0x08000c99   Thumb Code   620  _printf_fp_dec.o(.text)
    _printf_cs_common                        0x08000f05   Thumb Code    20  _printf_char.o(.text)
    _printf_char                             0x08000f19   Thumb Code    16  _printf_char.o(.text)
    _printf_string                           0x08000f29   Thumb Code     8  _printf_char.o(.text)
    _printf_char_file                        0x08000f31   Thumb Code    32  _printf_char_file.o(.text)
    _chval                                   0x08000f55   Thumb Code    28  _chval.o(.text)
    __vfscanf_char                           0x08000f7d   Thumb Code    24  scanf_char.o(.text)
    _sgetc                                   0x08000f9d   Thumb Code    30  _sgetc.o(.text)
    _sbackspace                              0x08000fbb   Thumb Code    34  _sgetc.o(.text)
    _strtoul                                 0x08000fdd   Thumb Code   158  _strtoul.o(.text)
    __aeabi_memclr                           0x0800107b   Thumb Code     0  rt_memclr.o(.text)
    __rt_memclr                              0x0800107b   Thumb Code    68  rt_memclr.o(.text)
    _memset                                  0x0800107f   Thumb Code     0  rt_memclr.o(.text)
    __user_libspace                          0x080010c1   Thumb Code     8  libspace.o(.text)
    __user_perproc_libspace                  0x080010c1   Thumb Code     0  libspace.o(.text)
    __user_perthread_libspace                0x080010c1   Thumb Code     0  libspace.o(.text)
    __rt_locale                              0x080010c9   Thumb Code     8  rt_locale_intlibspace.o(.text)
    _ll_udiv10                               0x080010d1   Thumb Code   138  lludiv10.o(.text)
    isspace                                  0x0800115b   Thumb Code    18  isspace.o(.text)
    _printf_char_common                      0x08001177   Thumb Code    32  _printf_char_common.o(.text)
    _printf_fp_infnan                        0x0800119d   Thumb Code   112  _printf_fp_infnan.o(.text)
    __vfscanf                                0x0800121d   Thumb Code   878  _scanf.o(.text)
    _btod_etento                             0x08001591   Thumb Code   224  bigflt0.o(.text)
    ferror                                   0x08001675   Thumb Code     8  ferror.o(.text)
    __user_setup_stackheap                   0x0800167d   Thumb Code    74  sys_stackheap_outer.o(.text)
    exit                                     0x080016c7   Thumb Code    18  exit.o(.text)
    strcmp                                   0x080016d9   Thumb Code   128  strcmpv7m.o(.text)
    _btod_d2e                                0x08001759   Thumb Code    62  btod.o(CL$$btod_d2e)
    _d2e_denorm_low                          0x08001797   Thumb Code    70  btod.o(CL$$btod_d2e_denorm_low)
    _d2e_norm_op1                            0x080017dd   Thumb Code    96  btod.o(CL$$btod_d2e_norm_op1)
    __btod_div_common                        0x0800183d   Thumb Code   696  btod.o(CL$$btod_div_common)
    _e2e                                     0x08001b75   Thumb Code   220  btod.o(CL$$btod_e2e)
    _btod_ediv                               0x08001c51   Thumb Code    42  btod.o(CL$$btod_ediv)
    _btod_emul                               0x08001c7b   Thumb Code    42  btod.o(CL$$btod_emul)
    __btod_mult_common                       0x08001ca5   Thumb Code   580  btod.o(CL$$btod_mult_common)
    BSP_ADC_Init                             0x080020a1   Thumb Code    10  bsp_adc.o(i.BSP_ADC_Init)
    BSP_Get_Battery_Voltage                  0x080020b5   Thumb Code    90  bsp_adc.o(i.BSP_Get_Battery_Voltage)
    BusFault_Handler                         0x08002155   Thumb Code     2  stm32f4xx_it.o(i.BusFault_Handler)
    DMA1_Stream5_IRQHandler                  0x08002be5   Thumb Code     6  stm32f4xx_it.o(i.DMA1_Stream5_IRQHandler)
    DMA1_Stream6_IRQHandler                  0x08002bf1   Thumb Code     6  stm32f4xx_it.o(i.DMA1_Stream6_IRQHandler)
    DMA2_Stream0_IRQHandler                  0x08002bfd   Thumb Code     6  stm32f4xx_it.o(i.DMA2_Stream0_IRQHandler)
    DMA2_Stream1_IRQHandler                  0x08002c09   Thumb Code     6  stm32f4xx_it.o(i.DMA2_Stream1_IRQHandler)
    DMA2_Stream2_IRQHandler                  0x08002c15   Thumb Code     6  stm32f4xx_it.o(i.DMA2_Stream2_IRQHandler)
    DebugMon_Handler                         0x08002cc5   Thumb Code     2  stm32f4xx_it.o(i.DebugMon_Handler)
    Debug_Init                               0x08002cc9   Thumb Code    30  bsp_debug.o(i.Debug_Init)
    Debug_Process                            0x08002cf9   Thumb Code   564  bsp_debug.o(i.Debug_Process)
    Diag_Heartbeat_Init                      0x0800313d   Thumb Code    54  bsp_diag.o(i.Diag_Heartbeat_Init)
    Diag_Heartbeat_Toggle                    0x0800317d   Thumb Code    12  bsp_diag.o(i.Diag_Heartbeat_Toggle)
    Encoder_Get_Left_Accum                   0x0800318d   Thumb Code     6  bsp_encoder.o(i.Encoder_Get_Left_Accum)
    Encoder_Get_Left_Distance_M              0x08003199   Thumb Code    20  bsp_encoder.o(i.Encoder_Get_Left_Distance_M)
    Encoder_Get_Left_Speed                   0x080031b5   Thumb Code    64  bsp_encoder.o(i.Encoder_Get_Left_Speed)
    Encoder_Get_Right_Accum                  0x08003205   Thumb Code     6  bsp_encoder.o(i.Encoder_Get_Right_Accum)
    Encoder_Get_Right_Distance_M             0x08003211   Thumb Code    20  bsp_encoder.o(i.Encoder_Get_Right_Distance_M)
    Encoder_Get_Right_Speed                  0x0800322d   Thumb Code    62  bsp_encoder.o(i.Encoder_Get_Right_Speed)
    Encoder_Init                             0x0800327d   Thumb Code   114  bsp_encoder.o(i.Encoder_Init)
    Encoder_Reset_Filters                    0x08003305   Thumb Code    30  bsp_encoder.o(i.Encoder_Reset_Filters)
    Error_Handler                            0x08003335   Thumb Code     6  main.o(i.Error_Handler)
    HAL_ADCEx_MultiModeConfigChannel         0x0800333d   Thumb Code    78  stm32f4xx_hal_adc_ex.o(i.HAL_ADCEx_MultiModeConfigChannel)
    HAL_ADC_ConfigChannel                    0x08003391   Thumb Code   316  stm32f4xx_hal_adc.o(i.HAL_ADC_ConfigChannel)
    HAL_ADC_ConvCpltCallback                 0x080034dd   Thumb Code     2  stm32f4xx_hal_adc.o(i.HAL_ADC_ConvCpltCallback)
    HAL_ADC_ConvHalfCpltCallback             0x080034df   Thumb Code     2  stm32f4xx_hal_adc.o(i.HAL_ADC_ConvHalfCpltCallback)
    HAL_ADC_ErrorCallback                    0x080034e1   Thumb Code     2  stm32f4xx_hal_adc.o(i.HAL_ADC_ErrorCallback)
    HAL_ADC_Init                             0x080034e3   Thumb Code    84  stm32f4xx_hal_adc.o(i.HAL_ADC_Init)
    HAL_ADC_MspInit                          0x08003539   Thumb Code   216  adc.o(i.HAL_ADC_MspInit)
    HAL_ADC_Start_DMA                        0x08003631   Thumb Code   306  stm32f4xx_hal_adc.o(i.HAL_ADC_Start_DMA)
    HAL_DMA_Abort                            0x08003789   Thumb Code   146  stm32f4xx_hal_dma.o(i.HAL_DMA_Abort)
    HAL_DMA_Abort_IT                         0x0800381b   Thumb Code    36  stm32f4xx_hal_dma.o(i.HAL_DMA_Abort_IT)
    HAL_DMA_IRQHandler                       0x08003841   Thumb Code   412  stm32f4xx_hal_dma.o(i.HAL_DMA_IRQHandler)
    HAL_DMA_Init                             0x080039e1   Thumb Code   206  stm32f4xx_hal_dma.o(i.HAL_DMA_Init)
    HAL_DMA_Start_IT                         0x08003ab5   Thumb Code   110  stm32f4xx_hal_dma.o(i.HAL_DMA_Start_IT)
    HAL_GPIO_Init                            0x08003b25   Thumb Code   450  stm32f4xx_hal_gpio.o(i.HAL_GPIO_Init)
    HAL_GPIO_WritePin                        0x08003d15   Thumb Code    10  stm32f4xx_hal_gpio.o(i.HAL_GPIO_WritePin)
    HAL_GetTick                              0x08003d21   Thumb Code     6  stm32f4xx_hal.o(i.HAL_GetTick)
    HAL_IWDG_Init                            0x08003d2d   Thumb Code    94  stm32f4xx_hal_iwdg.o(i.HAL_IWDG_Init)
    HAL_IWDG_Refresh                         0x08003d8b   Thumb Code    12  stm32f4xx_hal_iwdg.o(i.HAL_IWDG_Refresh)
    HAL_IncTick                              0x08003d99   Thumb Code    12  stm32f4xx_hal.o(i.HAL_IncTick)
    HAL_Init                                 0x08003da9   Thumb Code    48  stm32f4xx_hal.o(i.HAL_Init)
    HAL_InitTick                             0x08003ddd   Thumb Code    54  stm32f4xx_hal.o(i.HAL_InitTick)
    HAL_MspInit                              0x08003e1d   Thumb Code    42  stm32f4xx_hal_msp.o(i.HAL_MspInit)
    HAL_NVIC_EnableIRQ                       0x08003e4d   Thumb Code    26  stm32f4xx_hal_cortex.o(i.HAL_NVIC_EnableIRQ)
    HAL_NVIC_SetPriority                     0x08003e69   Thumb Code    60  stm32f4xx_hal_cortex.o(i.HAL_NVIC_SetPriority)
    HAL_NVIC_SetPriorityGrouping             0x08003ea9   Thumb Code    26  stm32f4xx_hal_cortex.o(i.HAL_NVIC_SetPriorityGrouping)
    HAL_RCC_CSSCallback                      0x08003ecd   Thumb Code     2  stm32f4xx_hal_rcc.o(i.HAL_RCC_CSSCallback)
    HAL_RCC_GetClockConfig                   0x08003ed1   Thumb Code    54  stm32f4xx_hal_rcc.o(i.HAL_RCC_GetClockConfig)
    HAL_RCC_GetHCLKFreq                      0x08003f11   Thumb Code     6  stm32f4xx_hal_rcc.o(i.HAL_RCC_GetHCLKFreq)
    HAL_RCC_GetPCLK1Freq                     0x08003f1d   Thumb Code    20  stm32f4xx_hal_rcc.o(i.HAL_RCC_GetPCLK1Freq)
    HAL_RCC_GetPCLK2Freq                     0x08003f3d   Thumb Code    20  stm32f4xx_hal_rcc.o(i.HAL_RCC_GetPCLK2Freq)
    HAL_RCC_GetSysClockFreq                  0x08003f5d   Thumb Code    88  stm32f4xx_hal_rcc.o(i.HAL_RCC_GetSysClockFreq)
    HAL_RCC_NMI_IRQHandler                   0x08003fc1   Thumb Code    24  stm32f4xx_hal_rcc.o(i.HAL_RCC_NMI_IRQHandler)
    HAL_SYSTICK_Config                       0x08003fdd   Thumb Code    40  stm32f4xx_hal_cortex.o(i.HAL_SYSTICK_Config)
    HAL_TIMEx_BreakCallback                  0x08004005   Thumb Code     2  stm32f4xx_hal_tim_ex.o(i.HAL_TIMEx_BreakCallback)
    HAL_TIMEx_CommutCallback                 0x08004007   Thumb Code     2  stm32f4xx_hal_tim_ex.o(i.HAL_TIMEx_CommutCallback)
    HAL_TIMEx_ConfigBreakDeadTime            0x08004009   Thumb Code    84  stm32f4xx_hal_tim_ex.o(i.HAL_TIMEx_ConfigBreakDeadTime)
    HAL_TIMEx_MasterConfigSynchronization    0x0800405d   Thumb Code   116  stm32f4xx_hal_tim_ex.o(i.HAL_TIMEx_MasterConfigSynchronization)
    HAL_TIM_Base_Init                        0x080040ed   Thumb Code    90  stm32f4xx_hal_tim.o(i.HAL_TIM_Base_Init)
    HAL_TIM_Base_MspInit                     0x08004149   Thumb Code   168  tim.o(i.HAL_TIM_Base_MspInit)
    HAL_TIM_ConfigClockSource                0x08004201   Thumb Code   220  stm32f4xx_hal_tim.o(i.HAL_TIM_ConfigClockSource)
    HAL_TIM_Encoder_Init                     0x080042dd   Thumb Code   164  stm32f4xx_hal_tim.o(i.HAL_TIM_Encoder_Init)
    HAL_TIM_Encoder_MspInit                  0x08004381   Thumb Code   236  tim.o(i.HAL_TIM_Encoder_MspInit)
    HAL_TIM_Encoder_Start                    0x08004481   Thumb Code   142  stm32f4xx_hal_tim.o(i.HAL_TIM_Encoder_Start)
    HAL_TIM_ErrorCallback                    0x0800450f   Thumb Code     2  stm32f4xx_hal_tim.o(i.HAL_TIM_ErrorCallback)
    HAL_TIM_IC_CaptureCallback               0x08004511   Thumb Code     2  stm32f4xx_hal_tim.o(i.HAL_TIM_IC_CaptureCallback)
    HAL_TIM_IRQHandler                       0x08004513   Thumb Code   304  stm32f4xx_hal_tim.o(i.HAL_TIM_IRQHandler)
    HAL_TIM_MspPostInit                      0x08004645   Thumb Code    72  tim.o(i.HAL_TIM_MspPostInit)
    HAL_TIM_OC_DelayElapsedCallback          0x08004699   Thumb Code     2  stm32f4xx_hal_tim.o(i.HAL_TIM_OC_DelayElapsedCallback)
    HAL_TIM_PWM_ConfigChannel                0x0800469b   Thumb Code   204  stm32f4xx_hal_tim.o(i.HAL_TIM_PWM_ConfigChannel)
    HAL_TIM_PWM_Init                         0x08004767   Thumb Code    90  stm32f4xx_hal_tim.o(i.HAL_TIM_PWM_Init)
    HAL_TIM_PWM_MspInit                      0x080047c1   Thumb Code     2  stm32f4xx_hal_tim.o(i.HAL_TIM_PWM_MspInit)
    HAL_TIM_PWM_PulseFinishedCallback        0x080047c3   Thumb Code     2  stm32f4xx_hal_tim.o(i.HAL_TIM_PWM_PulseFinishedCallback)
    HAL_TIM_PWM_PulseFinishedHalfCpltCallback 0x080047c5   Thumb Code     2  stm32f4xx_hal_tim.o(i.HAL_TIM_PWM_PulseFinishedHalfCpltCallback)
    HAL_TIM_PWM_Start_DMA                    0x080047c9   Thumb Code   406  stm32f4xx_hal_tim.o(i.HAL_TIM_PWM_Start_DMA)
    HAL_TIM_PeriodElapsedCallback            0x08004989   Thumb Code     2  stm32f4xx_hal_tim.o(i.HAL_TIM_PeriodElapsedCallback)
    HAL_TIM_TriggerCallback                  0x0800498b   Thumb Code     2  stm32f4xx_hal_tim.o(i.HAL_TIM_TriggerCallback)
    HAL_UARTEx_ReceiveToIdle_DMA             0x0800498d   Thumb Code    74  stm32f4xx_hal_uart.o(i.HAL_UARTEx_ReceiveToIdle_DMA)
    HAL_UARTEx_RxEventCallback               0x080049d7   Thumb Code     2  stm32f4xx_hal_uart.o(i.HAL_UARTEx_RxEventCallback)
    HAL_UART_DMAStop                         0x080049d9   Thumb Code   112  stm32f4xx_hal_uart.o(i.HAL_UART_DMAStop)
    HAL_UART_ErrorCallback                   0x08004a49   Thumb Code     2  stm32f4xx_hal_uart.o(i.HAL_UART_ErrorCallback)
    HAL_UART_IRQHandler                      0x08004a4d   Thumb Code   636  stm32f4xx_hal_uart.o(i.HAL_UART_IRQHandler)
    HAL_UART_Init                            0x08004ccd   Thumb Code   100  stm32f4xx_hal_uart.o(i.HAL_UART_Init)
    HAL_UART_MspInit                         0x08004d31   Thumb Code   296  usart.o(i.HAL_UART_MspInit)
    HAL_UART_Receive_IT                      0x08004e71   Thumb Code    28  stm32f4xx_hal_uart.o(i.HAL_UART_Receive_IT)
    HAL_UART_RxCpltCallback                  0x08004e8d   Thumb Code    82  bsp_debug.o(i.HAL_UART_RxCpltCallback)
    HAL_UART_RxHalfCpltCallback              0x08004ef1   Thumb Code     2  stm32f4xx_hal_uart.o(i.HAL_UART_RxHalfCpltCallback)
    HAL_UART_Transmit                        0x08004ef3   Thumb Code   160  stm32f4xx_hal_uart.o(i.HAL_UART_Transmit)
    HAL_UART_TxCpltCallback                  0x08004f93   Thumb Code     2  stm32f4xx_hal_uart.o(i.HAL_UART_TxCpltCallback)
    HardFault_Handler                        0x08004f95   Thumb Code     2  stm32f4xx_it.o(i.HardFault_Handler)
    MX_ADC1_Init                             0x08004f99   Thumb Code   124  adc.o(i.MX_ADC1_Init)
    MX_ADC2_Init                             0x08005021   Thumb Code    80  adc.o(i.MX_ADC2_Init)
    MX_DMA_Init                              0x08005079   Thumb Code   120  dma.o(i.MX_DMA_Init)
    MX_GPIO_Init                             0x080050f5   Thumb Code   348  gpio.o(i.MX_GPIO_Init)
    MX_IWDG_Init                             0x08005271   Thumb Code    36  iwdg.o(i.MX_IWDG_Init)
    MX_TIM1_Init                             0x0800529d   Thumb Code   210  tim.o(i.MX_TIM1_Init)
    MX_TIM2_Init                             0x08005379   Thumb Code   102  tim.o(i.MX_TIM2_Init)
    MX_TIM3_Init                             0x080053e5   Thumb Code   100  tim.o(i.MX_TIM3_Init)
    MX_USART2_UART_Init                      0x08005451   Thumb Code    48  usart.o(i.MX_USART2_UART_Init)
    MemManage_Handler                        0x08005489   Thumb Code     2  stm32f4xx_it.o(i.MemManage_Handler)
    Motor_Init                               0x0800548d   Thumb Code    54  bsp_motor.o(i.Motor_Init)
    Motor_Set_PWM                            0x080054d1   Thumb Code   142  bsp_motor.o(i.Motor_Set_PWM)
    NMI_Handler                              0x0800556d   Thumb Code     6  stm32f4xx_it.o(i.NMI_Handler)
    PID_Calc                                 0x08005575   Thumb Code   382  pid.o(i.PID_Calc)
    PID_Init                                 0x0800570d   Thumb Code    62  pid.o(i.PID_Init)
    PID_Reset                                0x08005759   Thumb Code    26  pid.o(i.PID_Reset)
    PendSV_Handler                           0x08005779   Thumb Code     2  stm32f4xx_it.o(i.PendSV_Handler)
    Protocol_Init                            0x0800577d   Thumb Code    38  bsp_protocol.o(i.Protocol_Init)
    Protocol_Process                         0x080057b1   Thumb Code   240  bsp_protocol.o(i.Protocol_Process)
    Protocol_Send_Telemetry                  0x080058ad   Thumb Code    90  bsp_protocol.o(i.Protocol_Send_Telemetry)
    SVC_Handler                              0x0800590d   Thumb Code     2  stm32f4xx_it.o(i.SVC_Handler)
    SysTick_Handler                          0x0800590f   Thumb Code     4  stm32f4xx_it.o(i.SysTick_Handler)
    SystemInit                               0x08005915   Thumb Code    12  system_stm32f4xx.o(i.SystemInit)
    TIM1_UP_TIM10_IRQHandler                 0x08005925   Thumb Code     6  stm32f4xx_it.o(i.TIM1_UP_TIM10_IRQHandler)
    TIM2_IRQHandler                          0x08005931   Thumb Code     6  stm32f4xx_it.o(i.TIM2_IRQHandler)
    TIM_Base_SetConfig                       0x0800593d   Thumb Code   164  stm32f4xx_hal_tim.o(i.TIM_Base_SetConfig)
    TIM_CCxChannelCmd                        0x08005a0d   Thumb Code    26  stm32f4xx_hal_tim.o(i.TIM_CCxChannelCmd)
    TIM_DMADelayPulseHalfCplt                0x08005a85   Thumb Code    56  stm32f4xx_hal_tim.o(i.TIM_DMADelayPulseHalfCplt)
    TIM_DMAError                             0x08005abd   Thumb Code    84  stm32f4xx_hal_tim.o(i.TIM_DMAError)
    TIM_ETR_SetConfig                        0x08005b11   Thumb Code    20  stm32f4xx_hal_tim.o(i.TIM_ETR_SetConfig)
    TIM_OC2_SetConfig                        0x08005b95   Thumb Code    98  stm32f4xx_hal_tim.o(i.TIM_OC2_SetConfig)
    UART_Start_Receive_DMA                   0x08006035   Thumb Code   146  stm32f4xx_hal_uart.o(i.UART_Start_Receive_DMA)
    UART_Start_Receive_IT                    0x080060d5   Thumb Code    54  stm32f4xx_hal_uart.o(i.UART_Start_Receive_IT)
    USART1_IRQHandler                        0x0800617d   Thumb Code    34  stm32f4xx_it.o(i.USART1_IRQHandler)
    USART2_IRQHandler                        0x080061a5   Thumb Code    56  stm32f4xx_it.o(i.USART2_IRQHandler)
    UsageFault_Handler                       0x080061f9   Thumb Code     2  stm32f4xx_it.o(i.UsageFault_Handler)
    __ARM_fpclassify                         0x080061fb   Thumb Code    48  fpclassify.o(i.__ARM_fpclassify)
    _is_digit                                0x0800624b   Thumb Code    14  __printf_wp.o(i._is_digit)
    _sys_exit                                0x08006259   Thumb Code     2  main.o(i._sys_exit)
    fputc                                    0x0800625d   Thumb Code    20  main.o(i.fputc)
    main                                     0x08006275   Thumb Code   870  main.o(i.main)
    _get_lc_ctype                            0x08006841   Thumb Code    44  lc_ctype_c.o(locale$$code)
    _get_lc_numeric                          0x0800686d   Thumb Code    44  lc_numeric_c.o(locale$$code)
    __fpl_dretinf                            0x08006899   Thumb Code    12  dretinf.o(x$fpl$dretinf)
    __aeabi_f2d                              0x080068a5   Thumb Code     0  f2d.o(x$fpl$f2d)
    _f2d                                     0x080068a5   Thumb Code    86  f2d.o(x$fpl$f2d)
    __fpl_fnaninf                            0x080068fb   Thumb Code   140  fnaninf.o(x$fpl$fnaninf)
    _fp_init                                 0x08006987   Thumb Code    10  fpinit.o(x$fpl$fpinit)
    __fplib_config_fpu_vfp                   0x0800698f   Thumb Code     0  fpinit.o(x$fpl$fpinit)
    __fplib_config_pureend_doubles           0x0800698f   Thumb Code     0  fpinit.o(x$fpl$fpinit)
    _printf_fp_dec                           0x08006991   Thumb Code     4  printf1.o(x$fpl$printf1)
    APBPrescTable                            0x08006994   Data           8  system_stm32f4xx.o(.constdata)
    __I$use$fp                               0x08006994   Number         0  usenofp.o(x$fpl$usenofp)
    Region$$Table$$Base                      0x08006ae0   Number         0  anon$$obj.o(Region$$Table)
    Region$$Table$$Limit                     0x08006b00   Number         0  anon$$obj.o(Region$$Table)
    __ctype                                  0x08006b0d   Data           0  lc_ctype_c.o(locale$$data)
    speed_left                               0x20000000   Data           4  main.o(.data)
    speed_right                              0x20000004   Data           4  main.o(.data)
    out_left                                 0x20000008   Data           4  main.o(.data)
    out_right                                0x2000000c   Data           4  main.o(.data)
    battery_voltage                          0x20000010   Data           4  main.o(.data)
    last_pid_tick                            0x20000014   Data           4  main.o(.data)
    last_print_tick                          0x20000018   Data           4  main.o(.data)
    last_heartbeat_tick                      0x2000001c   Data           4  main.o(.data)
    last_iwdg_tick                           0x20000020   Data           4  main.o(.data)
    last_telem_tick                          0x20000024   Data           4  main.o(.data)
    __stdout                                 0x20000028   Data           4  main.o(.data)
    SystemCoreClock                          0x2000002c   Data           4  system_stm32f4xx.o(.data)
    pwm_dma_buf                              0x20000044   Data           4  bsp_motor.o(.data)
    rx_flag                                  0x20000048   Data           1  bsp_protocol.o(.data)
    rx_len                                   0x2000004a   Data           2  bsp_protocol.o(.data)
    target_speed_left                        0x2000004c   Data           4  bsp_protocol.o(.data)
    target_speed_right                       0x20000050   Data           4  bsp_protocol.o(.data)
    uwTickFreq                               0x20000058   Data           1  stm32f4xx_hal.o(.data)
    uwTickPrio                               0x2000005c   Data           4  stm32f4xx_hal.o(.data)
    uwTick                                   0x20000060   Data           4  stm32f4xx_hal.o(.data)
    pid_left                                 0x20000064   Data          56  main.o(.bss)
    pid_right                                0x2000009c   Data          56  main.o(.bss)
    hadc1                                    0x200000d4   Data          72  adc.o(.bss)
    hadc2                                    0x2000011c   Data          72  adc.o(.bss)
    hdma_adc1                                0x20000164   Data          96  adc.o(.bss)
    hiwdg                                    0x200001c4   Data          12  iwdg.o(.bss)
    htim1                                    0x200001d0   Data          72  tim.o(.bss)
    htim2                                    0x20000218   Data          72  tim.o(.bss)
    htim3                                    0x20000260   Data          72  tim.o(.bss)
    hdma_tim1_ch1                            0x200002a8   Data          96  tim.o(.bss)
    hdma_tim1_ch2                            0x20000308   Data          96  tim.o(.bss)
    huart1                                   0x20000368   Data          72  usart.o(.bss)
    huart2                                   0x200003b0   Data          72  usart.o(.bss)
    hdma_usart2_rx                           0x200003f8   Data          96  usart.o(.bss)
    hdma_usart2_tx                           0x20000458   Data          96  usart.o(.bss)
    adc_dma_buf                              0x200004b8   Data          40  bsp_adc.o(.bss)
    rx_buff                                  0x200004e0   Data          64  bsp_protocol.o(.bss)
    __libspace_start                         0x20000560   Data          96  libspace.o(.bss)
    __temporary_stack_top$libspace           0x200005c0   Data           0  libspace.o(.bss)



==============================================================================

Memory Map of the image

  Image Entry point : 0x08000189

  Load Region LR_IROM1 (Base: 0x08000000, Size: 0x00006c90, Max: 0x00100000, ABSOLUTE)

    Execution Region ER_IROM1 (Exec base: 0x08000000, Load base: 0x08000000, Size: 0x00006c2c, Max: 0x00100000, ABSOLUTE)

    Exec Addr    Load Addr    Size         Type   Attr      Idx    E Section Name        Object

    0x08000000   0x08000000   0x00000188   Data   RO            3    RESET               startup_stm32f407xx.o
    0x08000188   0x08000188   0x00000008   Code   RO         3934  * !!!main             c_w.l(__main.o)
    0x08000190   0x08000190   0x00000034   Code   RO         4192    !!!scatter          c_w.l(__scatter.o)
    0x080001c4   0x080001c4   0x0000001a   Code   RO         4194    !!handler_copy      c_w.l(__scatter_copy.o)
    0x080001de   0x080001de   0x00000002   PAD
    0x080001e0   0x080001e0   0x0000001c   Code   RO         4196    !!handler_zi        c_w.l(__scatter_zi.o)
    0x080001fc   0x080001fc   0x00000000   Code   RO         3917    .ARM.Collect$$_printf_percent$$00000000  c_w.l(_printf_percent.o)
    0x080001fc   0x080001fc   0x00000006   Code   RO         3916    .ARM.Collect$$_printf_percent$$00000003  c_w.l(_printf_f.o)
    0x08000202   0x08000202   0x00000006   Code   RO         3914    .ARM.Collect$$_printf_percent$$00000009  c_w.l(_printf_d.o)
    0x08000208   0x08000208   0x00000006   Code   RO         3915    .ARM.Collect$$_printf_percent$$0000000A  c_w.l(_printf_u.o)
    0x0800020e   0x0800020e   0x00000006   Code   RO         3913    .ARM.Collect$$_printf_percent$$0000000C  c_w.l(_printf_x.o)
    0x08000214   0x08000214   0x00000006   Code   RO         3912    .ARM.Collect$$_printf_percent$$00000014  c_w.l(_printf_s.o)
    0x0800021a   0x0800021a   0x00000004   Code   RO         3962    .ARM.Collect$$_printf_percent$$00000017  c_w.l(_printf_percent_end.o)
    0x0800021e   0x0800021e   0x00000002   Code   RO         4069    .ARM.Collect$$libinit$$00000000  c_w.l(libinit.o)
    0x08000220   0x08000220   0x00000004   Code   RO         4070    .ARM.Collect$$libinit$$00000001  c_w.l(libinit2.o)
    0x08000224   0x08000224   0x00000000   Code   RO         4073    .ARM.Collect$$libinit$$00000004  c_w.l(libinit2.o)
    0x08000224   0x08000224   0x00000000   Code   RO         4076    .ARM.Collect$$libinit$$0000000A  c_w.l(libinit2.o)
    0x08000224   0x08000224   0x00000000   Code   RO         4078    .ARM.Collect$$libinit$$0000000C  c_w.l(libinit2.o)
    0x08000224   0x08000224   0x00000000   Code   RO         4080    .ARM.Collect$$libinit$$0000000E  c_w.l(libinit2.o)
    0x08000224   0x08000224   0x00000006   Code   RO         4081    .ARM.Collect$$libinit$$0000000F  c_w.l(libinit2.o)
    0x0800022a   0x0800022a   0x00000000   Code   RO         4083    .ARM.Collect$$libinit$$00000011  c_w.l(libinit2.o)
    0x0800022a   0x0800022a   0x0000000c   Code   RO         4084    .ARM.Collect$$libinit$$00000012  c_w.l(libinit2.o)
    0x08000236   0x08000236   0x00000000   Code   RO         4085    .ARM.Collect$$libinit$$00000013  c_w.l(libinit2.o)
    0x08000236   0x08000236   0x00000000   Code   RO         4087    .ARM.Collect$$libinit$$00000015  c_w.l(libinit2.o)
    0x08000236   0x08000236   0x0000000a   Code   RO         4088    .ARM.Collect$$libinit$$00000016  c_w.l(libinit2.o)
    0x08000240   0x08000240   0x00000000   Code   RO         4089    .ARM.Collect$$libinit$$00000017  c_w.l(libinit2.o)
    0x08000240   0x08000240   0x00000000   Code   RO         4091    .ARM.Collect$$libinit$$00000019  c_w.l(libinit2.o)
    0x08000240   0x08000240   0x00000000   Code   RO         4093    .ARM.Collect$$libinit$$0000001B  c_w.l(libinit2.o)
    0x08000240   0x08000240   0x00000000   Code   RO         4095    .ARM.Collect$$libinit$$0000001D  c_w.l(libinit2.o)
    0x08000240   0x08000240   0x00000000   Code   RO         4097    .ARM.Collect$$libinit$$0000001F  c_w.l(libinit2.o)
    0x08000240   0x08000240   0x00000000   Code   RO         4099    .ARM.Collect$$libinit$$00000021  c_w.l(libinit2.o)
    0x08000240   0x08000240   0x00000000   Code   RO         4101    .ARM.Collect$$libinit$$00000023  c_w.l(libinit2.o)
    0x08000240   0x08000240   0x00000000   Code   RO         4103    .ARM.Collect$$libinit$$00000025  c_w.l(libinit2.o)
    0x08000240   0x08000240   0x00000000   Code   RO         4107    .ARM.Collect$$libinit$$0000002C  c_w.l(libinit2.o)
    0x08000240   0x08000240   0x00000000   Code   RO         4109    .ARM.Collect$$libinit$$0000002E  c_w.l(libinit2.o)
    0x08000240   0x08000240   0x00000000   Code   RO         4111    .ARM.Collect$$libinit$$00000030  c_w.l(libinit2.o)
    0x08000240   0x08000240   0x00000000   Code   RO         4113    .ARM.Collect$$libinit$$00000032  c_w.l(libinit2.o)
    0x08000240   0x08000240   0x00000002   Code   RO         4114    .ARM.Collect$$libinit$$00000033  c_w.l(libinit2.o)
    0x08000242   0x08000242   0x00000002   Code   RO         4156    .ARM.Collect$$libshutdown$$00000000  c_w.l(libshutdown.o)
    0x08000244   0x08000244   0x00000000   Code   RO         4175    .ARM.Collect$$libshutdown$$00000002  c_w.l(libshutdown2.o)
    0x08000244   0x08000244   0x00000000   Code   RO         4177    .ARM.Collect$$libshutdown$$00000004  c_w.l(libshutdown2.o)
    0x08000244   0x08000244   0x00000000   Code   RO         4180    .ARM.Collect$$libshutdown$$00000007  c_w.l(libshutdown2.o)
    0x08000244   0x08000244   0x00000000   Code   RO         4183    .ARM.Collect$$libshutdown$$0000000A  c_w.l(libshutdown2.o)
    0x08000244   0x08000244   0x00000000   Code   RO         4185    .ARM.Collect$$libshutdown$$0000000C  c_w.l(libshutdown2.o)
    0x08000244   0x08000244   0x00000000   Code   RO         4188    .ARM.Collect$$libshutdown$$0000000F  c_w.l(libshutdown2.o)
    0x08000244   0x08000244   0x00000002   Code   RO         4189    .ARM.Collect$$libshutdown$$00000010  c_w.l(libshutdown2.o)
    0x08000246   0x08000246   0x00000000   Code   RO         3942    .ARM.Collect$$rtentry$$00000000  c_w.l(__rtentry.o)
    0x08000246   0x08000246   0x00000000   Code   RO         3982    .ARM.Collect$$rtentry$$00000002  c_w.l(__rtentry2.o)
    0x08000246   0x08000246   0x00000006   Code   RO         3994    .ARM.Collect$$rtentry$$00000004  c_w.l(__rtentry4.o)
    0x0800024c   0x0800024c   0x00000000   Code   RO         3984    .ARM.Collect$$rtentry$$00000009  c_w.l(__rtentry2.o)
    0x0800024c   0x0800024c   0x00000004   Code   RO         3985    .ARM.Collect$$rtentry$$0000000A  c_w.l(__rtentry2.o)
    0x08000250   0x08000250   0x00000000   Code   RO         3987    .ARM.Collect$$rtentry$$0000000C  c_w.l(__rtentry2.o)
    0x08000250   0x08000250   0x00000008   Code   RO         3988    .ARM.Collect$$rtentry$$0000000D  c_w.l(__rtentry2.o)
    0x08000258   0x08000258   0x00000002   Code   RO         4115    .ARM.Collect$$rtexit$$00000000  c_w.l(rtexit.o)
    0x0800025a   0x0800025a   0x00000000   Code   RO         4128    .ARM.Collect$$rtexit$$00000002  c_w.l(rtexit2.o)
    0x0800025a   0x0800025a   0x00000004   Code   RO         4129    .ARM.Collect$$rtexit$$00000003  c_w.l(rtexit2.o)
    0x0800025e   0x0800025e   0x00000006   Code   RO         4130    .ARM.Collect$$rtexit$$00000004  c_w.l(rtexit2.o)
    0x08000264   0x08000264   0x00000040   Code   RO            4    .text               startup_stm32f407xx.o
    0x080002a4   0x080002a4   0x00000002   Code   RO         3855    .text               c_w.l(use_no_semi_2.o)
    0x080002a6   0x080002a6   0x000000ee   Code   RO         3857    .text               c_w.l(lludivv7m.o)
    0x08000394   0x08000394   0x00000018   Code   RO         3861    .text               c_w.l(noretval__2printf.o)
    0x080003ac   0x080003ac   0x0000004e   Code   RO         3865    .text               c_w.l(_printf_pad.o)
    0x080003fa   0x080003fa   0x00000052   Code   RO         3867    .text               c_w.l(_printf_str.o)
    0x0800044c   0x0800044c   0x00000078   Code   RO         3869    .text               c_w.l(_printf_dec.o)
    0x080004c4   0x080004c4   0x00000058   Code   RO         3874    .text               c_w.l(_printf_hex_int.o)
    0x0800051c   0x0800051c   0x00000188   Code   RO         3909    .text               c_w.l(__printf_flags_ss_wp.o)
    0x080006a4   0x080006a4   0x0000003c   Code   RO         3918    .text               c_w.l(__0sscanf.o)
    0x080006e0   0x080006e0   0x0000014c   Code   RO         3920    .text               c_w.l(_scanf_int.o)
    0x0800082c   0x0800082c   0x00000070   Code   RO         3922    .text               c_w.l(strtol.o)
    0x0800089c   0x0800089c   0x0000003e   Code   RO         3924    .text               c_w.l(strlen.o)
    0x080008da   0x080008da   0x00000096   Code   RO         3926    .text               c_w.l(strncmp.o)
    0x08000970   0x08000970   0x0000004e   Code   RO         3928    .text               c_w.l(rt_memclr_w.o)
    0x080009be   0x080009be   0x00000056   Code   RO         3930    .text               c_w.l(strncpy.o)
    0x08000a14   0x08000a14   0x00000006   Code   RO         3932    .text               c_w.l(heapauxi.o)
    0x08000a1a   0x08000a1a   0x00000002   Code   RO         3940    .text               c_w.l(use_no_semi.o)
    0x08000a1c   0x08000a1c   0x00000010   Code   RO         3943    .text               c_w.l(rt_ctype_table.o)
    0x08000a2c   0x08000a2c   0x00000008   Code   RO         3952    .text               c_w.l(rt_errno_addr_intlibspace.o)
    0x08000a34   0x08000a34   0x000000b2   Code   RO         3954    .text               c_w.l(_printf_intcommon.o)
    0x08000ae6   0x08000ae6   0x0000041e   Code   RO         3956    .text               c_w.l(_printf_fp_dec.o)
    0x08000f04   0x08000f04   0x0000002c   Code   RO         3958    .text               c_w.l(_printf_char.o)
    0x08000f30   0x08000f30   0x00000024   Code   RO         3960    .text               c_w.l(_printf_char_file.o)
    0x08000f54   0x08000f54   0x0000001c   Code   RO         3963    .text               c_w.l(_chval.o)
    0x08000f70   0x08000f70   0x0000002c   Code   RO         3965    .text               c_w.l(scanf_char.o)
    0x08000f9c   0x08000f9c   0x00000040   Code   RO         3967    .text               c_w.l(_sgetc.o)
    0x08000fdc   0x08000fdc   0x0000009e   Code   RO         3969    .text               c_w.l(_strtoul.o)
    0x0800107a   0x0800107a   0x00000044   Code   RO         3971    .text               c_w.l(rt_memclr.o)
    0x080010be   0x080010be   0x00000002   PAD
    0x080010c0   0x080010c0   0x00000008   Code   RO         3978    .text               c_w.l(libspace.o)
    0x080010c8   0x080010c8   0x00000008   Code   RO         4001    .text               c_w.l(rt_locale_intlibspace.o)
    0x080010d0   0x080010d0   0x0000008a   Code   RO         4003    .text               c_w.l(lludiv10.o)
    0x0800115a   0x0800115a   0x00000012   Code   RO         4005    .text               c_w.l(isspace.o)
    0x0800116c   0x0800116c   0x00000030   Code   RO         4007    .text               c_w.l(_printf_char_common.o)
    0x0800119c   0x0800119c   0x00000080   Code   RO         4009    .text               c_w.l(_printf_fp_infnan.o)
    0x0800121c   0x0800121c   0x00000374   Code   RO         4011    .text               c_w.l(_scanf.o)
    0x08001590   0x08001590   0x000000e4   Code   RO         4013    .text               c_w.l(bigflt0.o)
    0x08001674   0x08001674   0x00000008   Code   RO         4038    .text               c_w.l(ferror.o)
    0x0800167c   0x0800167c   0x0000004a   Code   RO         4052    .text               c_w.l(sys_stackheap_outer.o)
    0x080016c6   0x080016c6   0x00000012   Code   RO         4056    .text               c_w.l(exit.o)
    0x080016d8   0x080016d8   0x00000080   Code   RO         4062    .text               c_w.l(strcmpv7m.o)
    0x08001758   0x08001758   0x0000003e   Code   RO         4016    CL$$btod_d2e        c_w.l(btod.o)
    0x08001796   0x08001796   0x00000046   Code   RO         4018    CL$$btod_d2e_denorm_low  c_w.l(btod.o)
    0x080017dc   0x080017dc   0x00000060   Code   RO         4017    CL$$btod_d2e_norm_op1  c_w.l(btod.o)
    0x0800183c   0x0800183c   0x00000338   Code   RO         4026    CL$$btod_div_common  c_w.l(btod.o)
    0x08001b74   0x08001b74   0x000000dc   Code   RO         4023    CL$$btod_e2e        c_w.l(btod.o)
    0x08001c50   0x08001c50   0x0000002a   Code   RO         4020    CL$$btod_ediv       c_w.l(btod.o)
    0x08001c7a   0x08001c7a   0x0000002a   Code   RO         4019    CL$$btod_emul       c_w.l(btod.o)
    0x08001ca4   0x08001ca4   0x00000244   Code   RO         4025    CL$$btod_mult_common  c_w.l(btod.o)
    0x08001ee8   0x08001ee8   0x0000006e   Code   RO         1065    i.ADC_DMAConvCplt   stm32f4xx_hal_adc.o
    0x08001f56   0x08001f56   0x00000016   Code   RO         1066    i.ADC_DMAError      stm32f4xx_hal_adc.o
    0x08001f6c   0x08001f6c   0x0000000a   Code   RO         1067    i.ADC_DMAHalfConvCplt  stm32f4xx_hal_adc.o
    0x08001f76   0x08001f76   0x00000002   PAD
    0x08001f78   0x08001f78   0x00000128   Code   RO         1068    i.ADC_Init          stm32f4xx_hal_adc.o
    0x080020a0   0x080020a0   0x00000014   Code   RO          696    i.BSP_ADC_Init      bsp_adc.o
    0x080020b4   0x080020b4   0x00000074   Code   RO          697    i.BSP_Get_Battery_Voltage  bsp_adc.o
    0x08002128   0x08002128   0x0000002c   Code   RO           13    i.BootMarker        main.o
    0x08002154   0x08002154   0x00000002   Code   RO          488    i.BusFault_Handler  stm32f4xx_it.o
    0x08002156   0x08002156   0x0000001a   Code   RO          843    i.Checksum8         bsp_protocol.o
    0x08002170   0x08002170   0x0000001a   Code   RO          899    i.Checksum8         bsp_debug.o
    0x0800218a   0x0800218a   0x00000002   PAD
    0x0800218c   0x0800218c   0x000002a8   Code   RO          900    i.Cmd_HELP          bsp_debug.o
    0x08002434   0x08002434   0x0000022c   Code   RO          901    i.Cmd_INFO          bsp_debug.o
    0x08002660   0x08002660   0x00000128   Code   RO          902    i.Cmd_SEND          bsp_debug.o
    0x08002788   0x08002788   0x0000035c   Code   RO          903    i.Cmd_STATUS        bsp_debug.o
    0x08002ae4   0x08002ae4   0x00000100   Code   RO          904    i.Cmd_TEST          bsp_debug.o
    0x08002be4   0x08002be4   0x0000000c   Code   RO          489    i.DMA1_Stream5_IRQHandler  stm32f4xx_it.o
    0x08002bf0   0x08002bf0   0x0000000c   Code   RO          490    i.DMA1_Stream6_IRQHandler  stm32f4xx_it.o
    0x08002bfc   0x08002bfc   0x0000000c   Code   RO          491    i.DMA2_Stream0_IRQHandler  stm32f4xx_it.o
    0x08002c08   0x08002c08   0x0000000c   Code   RO          492    i.DMA2_Stream1_IRQHandler  stm32f4xx_it.o
    0x08002c14   0x08002c14   0x0000000c   Code   RO          493    i.DMA2_Stream2_IRQHandler  stm32f4xx_it.o
    0x08002c20   0x08002c20   0x00000028   Code   RO         1799    i.DMA_CalcBaseAndBitshift  stm32f4xx_hal_dma.o
    0x08002c48   0x08002c48   0x00000054   Code   RO         1800    i.DMA_CheckFifoParam  stm32f4xx_hal_dma.o
    0x08002c9c   0x08002c9c   0x00000028   Code   RO         1801    i.DMA_SetConfig     stm32f4xx_hal_dma.o
    0x08002cc4   0x08002cc4   0x00000002   Code   RO          494    i.DebugMon_Handler  stm32f4xx_it.o
    0x08002cc6   0x08002cc6   0x00000002   PAD
    0x08002cc8   0x08002cc8   0x00000030   Code   RO          905    i.Debug_Init        bsp_debug.o
    0x08002cf8   0x08002cf8   0x00000444   Code   RO          906    i.Debug_Process     bsp_debug.o
    0x0800313c   0x0800313c   0x00000040   Code   RO          985    i.Diag_Heartbeat_Init  bsp_diag.o
    0x0800317c   0x0800317c   0x00000010   Code   RO          986    i.Diag_Heartbeat_Toggle  bsp_diag.o
    0x0800318c   0x0800318c   0x0000000c   Code   RO          734    i.Encoder_Get_Left_Accum  bsp_encoder.o
    0x08003198   0x08003198   0x0000001c   Code   RO          735    i.Encoder_Get_Left_Distance_M  bsp_encoder.o
    0x080031b4   0x080031b4   0x00000050   Code   RO          736    i.Encoder_Get_Left_Speed  bsp_encoder.o
    0x08003204   0x08003204   0x0000000c   Code   RO          737    i.Encoder_Get_Right_Accum  bsp_encoder.o
    0x08003210   0x08003210   0x0000001c   Code   RO          738    i.Encoder_Get_Right_Distance_M  bsp_encoder.o
    0x0800322c   0x0800322c   0x00000050   Code   RO          739    i.Encoder_Get_Right_Speed  bsp_encoder.o
    0x0800327c   0x0800327c   0x00000088   Code   RO          740    i.Encoder_Init      bsp_encoder.o
    0x08003304   0x08003304   0x00000030   Code   RO          741    i.Encoder_Reset_Filters  bsp_encoder.o
    0x08003334   0x08003334   0x00000006   Code   RO           14    i.Error_Handler     main.o
    0x0800333a   0x0800333a   0x00000002   PAD
    0x0800333c   0x0800333c   0x00000054   Code   RO         1246    i.HAL_ADCEx_MultiModeConfigChannel  stm32f4xx_hal_adc_ex.o
    0x08003390   0x08003390   0x0000014c   Code   RO         1070    i.HAL_ADC_ConfigChannel  stm32f4xx_hal_adc.o
    0x080034dc   0x080034dc   0x00000002   Code   RO         1071    i.HAL_ADC_ConvCpltCallback  stm32f4xx_hal_adc.o
    0x080034de   0x080034de   0x00000002   Code   RO         1072    i.HAL_ADC_ConvHalfCpltCallback  stm32f4xx_hal_adc.o
    0x080034e0   0x080034e0   0x00000002   Code   RO         1074    i.HAL_ADC_ErrorCallback  stm32f4xx_hal_adc.o
    0x080034e2   0x080034e2   0x00000054   Code   RO         1079    i.HAL_ADC_Init      stm32f4xx_hal_adc.o
    0x08003536   0x08003536   0x00000002   PAD
    0x08003538   0x08003538   0x000000f8   Code   RO          267    i.HAL_ADC_MspInit   adc.o
    0x08003630   0x08003630   0x00000158   Code   RO         1086    i.HAL_ADC_Start_DMA  stm32f4xx_hal_adc.o
    0x08003788   0x08003788   0x00000092   Code   RO         1802    i.HAL_DMA_Abort     stm32f4xx_hal_dma.o
    0x0800381a   0x0800381a   0x00000024   Code   RO         1803    i.HAL_DMA_Abort_IT  stm32f4xx_hal_dma.o
    0x0800383e   0x0800383e   0x00000002   PAD
    0x08003840   0x08003840   0x000001a0   Code   RO         1807    i.HAL_DMA_IRQHandler  stm32f4xx_hal_dma.o
    0x080039e0   0x080039e0   0x000000d4   Code   RO         1808    i.HAL_DMA_Init      stm32f4xx_hal_dma.o
    0x08003ab4   0x08003ab4   0x0000006e   Code   RO         1812    i.HAL_DMA_Start_IT  stm32f4xx_hal_dma.o
    0x08003b22   0x08003b22   0x00000002   PAD
    0x08003b24   0x08003b24   0x000001f0   Code   RO         1695    i.HAL_GPIO_Init     stm32f4xx_hal_gpio.o
    0x08003d14   0x08003d14   0x0000000a   Code   RO         1699    i.HAL_GPIO_WritePin  stm32f4xx_hal_gpio.o
    0x08003d1e   0x08003d1e   0x00000002   PAD
    0x08003d20   0x08003d20   0x0000000c   Code   RO         2245    i.HAL_GetTick       stm32f4xx_hal.o
    0x08003d2c   0x08003d2c   0x0000005e   Code   RO         2490    i.HAL_IWDG_Init     stm32f4xx_hal_iwdg.o
    0x08003d8a   0x08003d8a   0x0000000c   Code   RO         2491    i.HAL_IWDG_Refresh  stm32f4xx_hal_iwdg.o
    0x08003d96   0x08003d96   0x00000002   PAD
    0x08003d98   0x08003d98   0x00000010   Code   RO         2251    i.HAL_IncTick       stm32f4xx_hal.o
    0x08003da8   0x08003da8   0x00000034   Code   RO         2252    i.HAL_Init          stm32f4xx_hal.o
    0x08003ddc   0x08003ddc   0x00000040   Code   RO         2253    i.HAL_InitTick      stm32f4xx_hal.o
    0x08003e1c   0x08003e1c   0x00000030   Code   RO          634    i.HAL_MspInit       stm32f4xx_hal_msp.o
    0x08003e4c   0x08003e4c   0x0000001a   Code   RO         2087    i.HAL_NVIC_EnableIRQ  stm32f4xx_hal_cortex.o
    0x08003e66   0x08003e66   0x00000002   PAD
    0x08003e68   0x08003e68   0x00000040   Code   RO         2093    i.HAL_NVIC_SetPriority  stm32f4xx_hal_cortex.o
    0x08003ea8   0x08003ea8   0x00000024   Code   RO         2094    i.HAL_NVIC_SetPriorityGrouping  stm32f4xx_hal_cortex.o
    0x08003ecc   0x08003ecc   0x00000002   Code   RO         1340    i.HAL_RCC_CSSCallback  stm32f4xx_hal_rcc.o
    0x08003ece   0x08003ece   0x00000002   PAD
    0x08003ed0   0x08003ed0   0x00000040   Code   RO         1345    i.HAL_RCC_GetClockConfig  stm32f4xx_hal_rcc.o
    0x08003f10   0x08003f10   0x0000000c   Code   RO         1346    i.HAL_RCC_GetHCLKFreq  stm32f4xx_hal_rcc.o
    0x08003f1c   0x08003f1c   0x00000020   Code   RO         1348    i.HAL_RCC_GetPCLK1Freq  stm32f4xx_hal_rcc.o
    0x08003f3c   0x08003f3c   0x00000020   Code   RO         1349    i.HAL_RCC_GetPCLK2Freq  stm32f4xx_hal_rcc.o
    0x08003f5c   0x08003f5c   0x00000064   Code   RO         1350    i.HAL_RCC_GetSysClockFreq  stm32f4xx_hal_rcc.o
    0x08003fc0   0x08003fc0   0x0000001c   Code   RO         1352    i.HAL_RCC_NMI_IRQHandler  stm32f4xx_hal_rcc.o
    0x08003fdc   0x08003fdc   0x00000028   Code   RO         2098    i.HAL_SYSTICK_Config  stm32f4xx_hal_cortex.o
    0x08004004   0x08004004   0x00000002   Code   RO         3226    i.HAL_TIMEx_BreakCallback  stm32f4xx_hal_tim_ex.o
    0x08004006   0x08004006   0x00000002   Code   RO         3227    i.HAL_TIMEx_CommutCallback  stm32f4xx_hal_tim_ex.o
    0x08004008   0x08004008   0x00000054   Code   RO         3229    i.HAL_TIMEx_ConfigBreakDeadTime  stm32f4xx_hal_tim_ex.o
    0x0800405c   0x0800405c   0x00000090   Code   RO         3245    i.HAL_TIMEx_MasterConfigSynchronization  stm32f4xx_hal_tim_ex.o
    0x080040ec   0x080040ec   0x0000005a   Code   RO         2522    i.HAL_TIM_Base_Init  stm32f4xx_hal_tim.o
    0x08004146   0x08004146   0x00000002   PAD
    0x08004148   0x08004148   0x000000b8   Code   RO          369    i.HAL_TIM_Base_MspInit  tim.o
    0x08004200   0x08004200   0x000000dc   Code   RO         2531    i.HAL_TIM_ConfigClockSource  stm32f4xx_hal_tim.o
    0x080042dc   0x080042dc   0x000000a4   Code   RO         2543    i.HAL_TIM_Encoder_Init  stm32f4xx_hal_tim.o
    0x08004380   0x08004380   0x00000100   Code   RO          371    i.HAL_TIM_Encoder_MspInit  tim.o
    0x08004480   0x08004480   0x0000008e   Code   RO         2546    i.HAL_TIM_Encoder_Start  stm32f4xx_hal_tim.o
    0x0800450e   0x0800450e   0x00000002   Code   RO         2552    i.HAL_TIM_ErrorCallback  stm32f4xx_hal_tim.o
    0x08004510   0x08004510   0x00000002   Code   RO         2556    i.HAL_TIM_IC_CaptureCallback  stm32f4xx_hal_tim.o
    0x08004512   0x08004512   0x00000130   Code   RO         2570    i.HAL_TIM_IRQHandler  stm32f4xx_hal_tim.o
    0x08004642   0x08004642   0x00000002   PAD
    0x08004644   0x08004644   0x00000054   Code   RO          372    i.HAL_TIM_MspPostInit  tim.o
    0x08004698   0x08004698   0x00000002   Code   RO         2573    i.HAL_TIM_OC_DelayElapsedCallback  stm32f4xx_hal_tim.o
    0x0800469a   0x0800469a   0x000000cc   Code   RO         2594    i.HAL_TIM_PWM_ConfigChannel  stm32f4xx_hal_tim.o
    0x08004766   0x08004766   0x0000005a   Code   RO         2597    i.HAL_TIM_PWM_Init  stm32f4xx_hal_tim.o
    0x080047c0   0x080047c0   0x00000002   Code   RO         2599    i.HAL_TIM_PWM_MspInit  stm32f4xx_hal_tim.o
    0x080047c2   0x080047c2   0x00000002   Code   RO         2600    i.HAL_TIM_PWM_PulseFinishedCallback  stm32f4xx_hal_tim.o
    0x080047c4   0x080047c4   0x00000002   Code   RO         2601    i.HAL_TIM_PWM_PulseFinishedHalfCpltCallback  stm32f4xx_hal_tim.o
    0x080047c6   0x080047c6   0x00000002   PAD
    0x080047c8   0x080047c8   0x000001c0   Code   RO         2603    i.HAL_TIM_PWM_Start_DMA  stm32f4xx_hal_tim.o
    0x08004988   0x08004988   0x00000002   Code   RO         2608    i.HAL_TIM_PeriodElapsedCallback  stm32f4xx_hal_tim.o
    0x0800498a   0x0800498a   0x00000002   Code   RO         2613    i.HAL_TIM_TriggerCallback  stm32f4xx_hal_tim.o
    0x0800498c   0x0800498c   0x0000004a   Code   RO         3503    i.HAL_UARTEx_ReceiveToIdle_DMA  stm32f4xx_hal_uart.o
    0x080049d6   0x080049d6   0x00000002   Code   RO         3505    i.HAL_UARTEx_RxEventCallback  stm32f4xx_hal_uart.o
    0x080049d8   0x080049d8   0x00000070   Code   RO         3517    i.HAL_UART_DMAStop  stm32f4xx_hal_uart.o
    0x08004a48   0x08004a48   0x00000002   Code   RO         3519    i.HAL_UART_ErrorCallback  stm32f4xx_hal_uart.o
    0x08004a4a   0x08004a4a   0x00000002   PAD
    0x08004a4c   0x08004a4c   0x00000280   Code   RO         3522    i.HAL_UART_IRQHandler  stm32f4xx_hal_uart.o
    0x08004ccc   0x08004ccc   0x00000064   Code   RO         3523    i.HAL_UART_Init     stm32f4xx_hal_uart.o
    0x08004d30   0x08004d30   0x00000140   Code   RO          441    i.HAL_UART_MspInit  usart.o
    0x08004e70   0x08004e70   0x0000001c   Code   RO         3528    i.HAL_UART_Receive_IT  stm32f4xx_hal_uart.o
    0x08004e8c   0x08004e8c   0x00000064   Code   RO          907    i.HAL_UART_RxCpltCallback  bsp_debug.o
    0x08004ef0   0x08004ef0   0x00000002   Code   RO         3530    i.HAL_UART_RxHalfCpltCallback  stm32f4xx_hal_uart.o
    0x08004ef2   0x08004ef2   0x000000a0   Code   RO         3531    i.HAL_UART_Transmit  stm32f4xx_hal_uart.o
    0x08004f92   0x08004f92   0x00000002   Code   RO         3534    i.HAL_UART_TxCpltCallback  stm32f4xx_hal_uart.o
    0x08004f94   0x08004f94   0x00000002   Code   RO          495    i.HardFault_Handler  stm32f4xx_it.o
    0x08004f96   0x08004f96   0x00000002   PAD
    0x08004f98   0x08004f98   0x00000088   Code   RO          268    i.MX_ADC1_Init      adc.o
    0x08005020   0x08005020   0x00000058   Code   RO          269    i.MX_ADC2_Init      adc.o
    0x08005078   0x08005078   0x0000007c   Code   RO          314    i.MX_DMA_Init       dma.o
    0x080050f4   0x080050f4   0x0000017c   Code   RO          242    i.MX_GPIO_Init      gpio.o
    0x08005270   0x08005270   0x0000002c   Code   RO          338    i.MX_IWDG_Init      iwdg.o
    0x0800529c   0x0800529c   0x000000dc   Code   RO          373    i.MX_TIM1_Init      tim.o
    0x08005378   0x08005378   0x0000006c   Code   RO          374    i.MX_TIM2_Init      tim.o
    0x080053e4   0x080053e4   0x0000006c   Code   RO          375    i.MX_TIM3_Init      tim.o
    0x08005450   0x08005450   0x00000038   Code   RO          443    i.MX_USART2_UART_Init  usart.o
    0x08005488   0x08005488   0x00000002   Code   RO          496    i.MemManage_Handler  stm32f4xx_it.o
    0x0800548a   0x0800548a   0x00000002   PAD
    0x0800548c   0x0800548c   0x00000044   Code   RO          806    i.Motor_Init        bsp_motor.o
    0x080054d0   0x080054d0   0x0000009c   Code   RO          807    i.Motor_Set_PWM     bsp_motor.o
    0x0800556c   0x0800556c   0x00000006   Code   RO          497    i.NMI_Handler       stm32f4xx_it.o
    0x08005572   0x08005572   0x00000002   PAD
    0x08005574   0x08005574   0x00000198   Code   RO         1029    i.PID_Calc          pid.o
    0x0800570c   0x0800570c   0x0000004c   Code   RO         1030    i.PID_Init          pid.o
    0x08005758   0x08005758   0x00000020   Code   RO         1031    i.PID_Reset         pid.o
    0x08005778   0x08005778   0x00000002   Code   RO          498    i.PendSV_Handler    stm32f4xx_it.o
    0x0800577a   0x0800577a   0x00000002   PAD
    0x0800577c   0x0800577c   0x00000034   Code   RO          844    i.Protocol_Init     bsp_protocol.o
    0x080057b0   0x080057b0   0x000000fc   Code   RO          845    i.Protocol_Process  bsp_protocol.o
    0x080058ac   0x080058ac   0x00000060   Code   RO          846    i.Protocol_Send_Telemetry  bsp_protocol.o
    0x0800590c   0x0800590c   0x00000002   Code   RO          499    i.SVC_Handler       stm32f4xx_it.o
    0x0800590e   0x0800590e   0x00000004   Code   RO          500    i.SysTick_Handler   stm32f4xx_it.o
    0x08005912   0x08005912   0x00000002   PAD
    0x08005914   0x08005914   0x00000010   Code   RO          659    i.SystemInit        system_stm32f4xx.o
    0x08005924   0x08005924   0x0000000c   Code   RO          501    i.TIM1_UP_TIM10_IRQHandler  stm32f4xx_it.o
    0x08005930   0x08005930   0x0000000c   Code   RO          502    i.TIM2_IRQHandler   stm32f4xx_it.o
    0x0800593c   0x0800593c   0x000000d0   Code   RO         2615    i.TIM_Base_SetConfig  stm32f4xx_hal_tim.o
    0x08005a0c   0x08005a0c   0x0000001a   Code   RO         2616    i.TIM_CCxChannelCmd  stm32f4xx_hal_tim.o
    0x08005a26   0x08005a26   0x0000005e   Code   RO         2619    i.TIM_DMADelayPulseCplt  stm32f4xx_hal_tim.o
    0x08005a84   0x08005a84   0x00000038   Code   RO         2620    i.TIM_DMADelayPulseHalfCplt  stm32f4xx_hal_tim.o
    0x08005abc   0x08005abc   0x00000054   Code   RO         2621    i.TIM_DMAError      stm32f4xx_hal_tim.o
    0x08005b10   0x08005b10   0x00000014   Code   RO         2626    i.TIM_ETR_SetConfig  stm32f4xx_hal_tim.o
    0x08005b24   0x08005b24   0x00000010   Code   RO         2627    i.TIM_ITRx_SetConfig  stm32f4xx_hal_tim.o
    0x08005b34   0x08005b34   0x00000060   Code   RO         2628    i.TIM_OC1_SetConfig  stm32f4xx_hal_tim.o
    0x08005b94   0x08005b94   0x0000006c   Code   RO         2629    i.TIM_OC2_SetConfig  stm32f4xx_hal_tim.o
    0x08005c00   0x08005c00   0x00000068   Code   RO         2630    i.TIM_OC3_SetConfig  stm32f4xx_hal_tim.o
    0x08005c68   0x08005c68   0x00000050   Code   RO         2631    i.TIM_OC4_SetConfig  stm32f4xx_hal_tim.o
    0x08005cb8   0x08005cb8   0x00000022   Code   RO         2633    i.TIM_TI1_ConfigInputStage  stm32f4xx_hal_tim.o
    0x08005cda   0x08005cda   0x00000024   Code   RO         2635    i.TIM_TI2_ConfigInputStage  stm32f4xx_hal_tim.o
    0x08005cfe   0x08005cfe   0x0000000e   Code   RO         3536    i.UART_DMAAbortOnError  stm32f4xx_hal_uart.o
    0x08005d0c   0x08005d0c   0x0000004a   Code   RO         3537    i.UART_DMAError     stm32f4xx_hal_uart.o
    0x08005d56   0x08005d56   0x00000086   Code   RO         3538    i.UART_DMAReceiveCplt  stm32f4xx_hal_uart.o
    0x08005ddc   0x08005ddc   0x0000001e   Code   RO         3540    i.UART_DMARxHalfCplt  stm32f4xx_hal_uart.o
    0x08005dfa   0x08005dfa   0x0000004e   Code   RO         3546    i.UART_EndRxTransfer  stm32f4xx_hal_uart.o
    0x08005e48   0x08005e48   0x0000001c   Code   RO         3547    i.UART_EndTxTransfer  stm32f4xx_hal_uart.o
    0x08005e64   0x08005e64   0x000000c2   Code   RO         3548    i.UART_Receive_IT   stm32f4xx_hal_uart.o
    0x08005f26   0x08005f26   0x00000002   PAD
    0x08005f28   0x08005f28   0x0000010c   Code   RO         3549    i.UART_SetConfig    stm32f4xx_hal_uart.o
    0x08006034   0x08006034   0x000000a0   Code   RO         3550    i.UART_Start_Receive_DMA  stm32f4xx_hal_uart.o
    0x080060d4   0x080060d4   0x00000036   Code   RO         3551    i.UART_Start_Receive_IT  stm32f4xx_hal_uart.o
    0x0800610a   0x0800610a   0x00000072   Code   RO         3552    i.UART_WaitOnFlagUntilTimeout  stm32f4xx_hal_uart.o
    0x0800617c   0x0800617c   0x00000028   Code   RO          503    i.USART1_IRQHandler  stm32f4xx_it.o
    0x080061a4   0x080061a4   0x00000044   Code   RO          504    i.USART2_IRQHandler  stm32f4xx_it.o
    0x080061e8   0x080061e8   0x00000010   Code   RO          908    i.USART2_Send       bsp_debug.o
    0x080061f8   0x080061f8   0x00000002   Code   RO          505    i.UsageFault_Handler  stm32f4xx_it.o
    0x080061fa   0x080061fa   0x00000030   Code   RO         4050    i.__ARM_fpclassify  m_wm.l(fpclassify.o)
    0x0800622a   0x0800622a   0x00000020   Code   RO         2100    i.__NVIC_SetPriority  stm32f4xx_hal_cortex.o
    0x0800624a   0x0800624a   0x0000000e   Code   RO         3902    i._is_digit         c_w.l(__printf_wp.o)
    0x08006258   0x08006258   0x00000002   Code   RO           16    i._sys_exit         main.o
    0x0800625a   0x0800625a   0x00000002   PAD
    0x0800625c   0x0800625c   0x00000018   Code   RO           18    i.fputc             main.o
    0x08006274   0x08006274   0x000005cc   Code   RO           19    i.main              main.o
    0x08006840   0x08006840   0x0000002c   Code   RO         4043    locale$$code        c_w.l(lc_ctype_c.o)
    0x0800686c   0x0800686c   0x0000002c   Code   RO         4046    locale$$code        c_w.l(lc_numeric_c.o)
    0x08006898   0x08006898   0x0000000c   Code   RO         3973    x$fpl$dretinf       fz_wm.l(dretinf.o)
    0x080068a4   0x080068a4   0x00000056   Code   RO         3936    x$fpl$f2d           fz_wm.l(f2d.o)
    0x080068fa   0x080068fa   0x0000008c   Code   RO         3975    x$fpl$fnaninf       fz_wm.l(fnaninf.o)
    0x08006986   0x08006986   0x0000000a   Code   RO         4125    x$fpl$fpinit        fz_wm.l(fpinit.o)
    0x08006990   0x08006990   0x00000004   Code   RO         3938    x$fpl$printf1       fz_wm.l(printf1.o)
    0x08006994   0x08006994   0x00000000   Code   RO         3977    x$fpl$usenofp       fz_wm.l(usenofp.o)
    0x08006994   0x08006994   0x00000008   Data   RO          661    .constdata          system_stm32f4xx.o
    0x0800699c   0x0800699c   0x00000008   Data   RO         1814    .constdata          stm32f4xx_hal_dma.o
    0x080069a4   0x080069a4   0x00000028   Data   RO         3875    .constdata          c_w.l(_printf_hex_int.o)
    0x080069cc   0x080069cc   0x00000011   Data   RO         3910    .constdata          c_w.l(__printf_flags_ss_wp.o)
    0x080069dd   0x080069dd   0x00000003   PAD
    0x080069e0   0x080069e0   0x00000094   Data   RO         4014    .constdata          c_w.l(bigflt0.o)
    0x08006a74   0x08006a74   0x0000006a   Data   RO           21    .conststring        main.o
    0x08006ade   0x08006ade   0x00000002   PAD
    0x08006ae0   0x08006ae0   0x00000020   Data   RO         4190    Region$$Table       anon$$obj.o
    0x08006b00   0x08006b00   0x00000110   Data   RO         4042    locale$$data        c_w.l(lc_ctype_c.o)
    0x08006c10   0x08006c10   0x0000001c   Data   RO         4045    locale$$data        c_w.l(lc_numeric_c.o)


    Execution Region RW_IRAM1 (Exec base: 0x20000000, Load base: 0x08006c2c, Size: 0x00000bc0, Max: 0x0001c000, ABSOLUTE)

    Exec Addr    Load Addr    Size         Type   Attr      Idx    E Section Name        Object

    0x20000000   0x08006c2c   0x00000028   Data   RW           22    .data               main.o
    0x20000028   0x08006c54   0x00000004   Data   RW           23    .data               main.o
    0x2000002c   0x08006c58   0x00000004   Data   RW          662    .data               system_stm32f4xx.o
    0x20000030   0x08006c5c   0x00000004   Data   RW          699    .data               bsp_adc.o
    0x20000034   0x08006c60   0x00000010   Data   RW          742    .data               bsp_encoder.o
    0x20000044   0x08006c70   0x00000004   Data   RW          808    .data               bsp_motor.o
    0x20000048   0x08006c74   0x0000000c   Data   RW          848    .data               bsp_protocol.o
    0x20000054   0x08006c80   0x00000003   Data   RW          910    .data               bsp_debug.o
    0x20000057   0x08006c83   0x00000001   PAD
    0x20000058   0x08006c84   0x0000000c   Data   RW         2259    .data               stm32f4xx_hal.o
    0x20000064        -       0x00000070   Zero   RW           20    .bss                main.o
    0x200000d4        -       0x000000f0   Zero   RW          270    .bss                adc.o
    0x200001c4        -       0x0000000c   Zero   RW          339    .bss                iwdg.o
    0x200001d0        -       0x00000198   Zero   RW          376    .bss                tim.o
    0x20000368        -       0x00000150   Zero   RW          444    .bss                usart.o
    0x200004b8        -       0x00000028   Zero   RW          698    .bss                bsp_adc.o
    0x200004e0        -       0x00000040   Zero   RW          847    .bss                bsp_protocol.o
    0x20000520        -       0x00000040   Zero   RW          909    .bss                bsp_debug.o
    0x20000560        -       0x00000060   Zero   RW         3979    .bss                c_w.l(libspace.o)
    0x200005c0        -       0x00000200   Zero   RW            2    HEAP                startup_stm32f407xx.o
    0x200007c0        -       0x00000400   Zero   RW            1    STACK               startup_stm32f407xx.o


    Execution Region RW_IRAM2 (Exec base: 0x2001c000, Load base: 0x08006c90, Size: 0x00000000, Max: 0x00004000, ABSOLUTE)

    **** No section assigned to this execution region ****


==============================================================================

Image component sizes


      Code (inc. data)   RO Data    RW Data    ZI Data      Debug   Object Name

       472         52          0          0        240       2692   adc.o
       136         36          0          4         40       1699   bsp_adc.o
      3930       2338          0          3         64       8565   bsp_debug.o
        80         14          0          0          0        974   bsp_diag.o
       424        102          0         16          0       4630   bsp_encoder.o
       224         28          0          4          0       1735   bsp_motor.o
       426         32          0         12         64       4135   bsp_protocol.o
       124          4          0          0          0        866   dma.o
       380         32          0          0          0       1227   gpio.o
        44          8          0          0         12        747   iwdg.o
      1560        626        106         44        112     719299   main.o
       516         46          0          0          0       3110   pid.o
        64         26        392          0       1536        856   startup_stm32f407xx.o
       144         24          0         12          0       8857   stm32f4xx_hal.o
      1204         66          0          0          0       7657   stm32f4xx_hal_adc.o
        84          6          0          0          0       1239   stm32f4xx_hal_adc_ex.o
       198         14          0          0          0      33891   stm32f4xx_hal_cortex.o
      1084         16          8          0          0       7454   stm32f4xx_hal_dma.o
       506         46          0          0          0       2228   stm32f4xx_hal_gpio.o
       106          0          0          0          0       1943   stm32f4xx_hal_iwdg.o
        48          6          0          0          0        882   stm32f4xx_hal_msp.o
       270         56          0          0          0       5022   stm32f4xx_hal_rcc.o
      2640        122          0          0          0      22864   stm32f4xx_hal_tim.o
       232         28          0          0          0       3365   stm32f4xx_hal_tim_ex.o
      2270         28          0          0          0      17461   stm32f4xx_hal_uart.o
       216         60          0          0          0       9415   stm32f4xx_it.o
        16          4          8          4          0       1163   system_stm32f4xx.o
       960         72          0          0        408       5024   tim.o
       376         32          0          0        336       2107   usart.o

    ----------------------------------------------------------------------
     18778       3924        548        100       2812     881107   Object Totals
         0          0         32          0          0          0   (incl. Generated)
        44          0          2          1          0          0   (incl. Padding)

    ----------------------------------------------------------------------

      Code (inc. data)   RO Data    RW Data    ZI Data      Debug   Library Member Name

        60          8          0          0          0         84   __0sscanf.o
         8          0          0          0          0         68   __main.o
       392          4         17          0          0         92   __printf_flags_ss_wp.o
        14          0          0          0          0         68   __printf_wp.o
         0          0          0          0          0          0   __rtentry.o
        12          0          0          0          0          0   __rtentry2.o
         6          0          0          0          0          0   __rtentry4.o
        52          8          0          0          0          0   __scatter.o
        26          0          0          0          0          0   __scatter_copy.o
        28          0          0          0          0          0   __scatter_zi.o
        28          0          0          0          0         68   _chval.o
        44          0          0          0          0        108   _printf_char.o
        48          6          0          0          0         96   _printf_char_common.o
        36          4          0          0          0         80   _printf_char_file.o
         6          0          0          0          0          0   _printf_d.o
       120         16          0          0          0         92   _printf_dec.o
         6          0          0          0          0          0   _printf_f.o
      1054          0          0          0          0        216   _printf_fp_dec.o
       128         16          0          0          0         84   _printf_fp_infnan.o
        88          4         40          0          0         88   _printf_hex_int.o
       178          0          0          0          0         88   _printf_intcommon.o
        78          0          0          0          0        108   _printf_pad.o
         0          0          0          0          0          0   _printf_percent.o
         4          0          0          0          0          0   _printf_percent_end.o
         6          0          0          0          0          0   _printf_s.o
        82          0          0          0          0         80   _printf_str.o
         6          0          0          0          0          0   _printf_u.o
         6          0          0          0          0          0   _printf_x.o
       884          6          0          0          0        100   _scanf.o
       332          0          0          0          0         96   _scanf_int.o
        64          0          0          0          0         84   _sgetc.o
       158          0          0          0          0         92   _strtoul.o
       228          4        148          0          0         96   bigflt0.o
      1936        128          0          0          0        672   btod.o
        18          0          0          0          0         80   exit.o
         8          0          0          0          0         68   ferror.o
         6          0          0          0          0        152   heapauxi.o
        18          0          0          0          0         76   isspace.o
        44         10        272          0          0         76   lc_ctype_c.o
        44         10         28          0          0         76   lc_numeric_c.o
         2          0          0          0          0          0   libinit.o
        34          0          0          0          0          0   libinit2.o
         2          0          0          0          0          0   libshutdown.o
         2          0          0          0          0          0   libshutdown2.o
         8          4          0          0         96         68   libspace.o
       138          0          0          0          0         80   lludiv10.o
       238          0          0          0          0        100   lludivv7m.o
        24          4          0          0          0         84   noretval__2printf.o
        16          4          0          0          0         76   rt_ctype_table.o
         8          4          0          0          0         68   rt_errno_addr_intlibspace.o
         8          4          0          0          0         68   rt_locale_intlibspace.o
        68          0          0          0          0         68   rt_memclr.o
        78          0          0          0          0         80   rt_memclr_w.o
         2          0          0          0          0          0   rtexit.o
        10          0          0          0          0          0   rtexit2.o
        44          8          0          0          0         84   scanf_char.o
       128          0          0          0          0         68   strcmpv7m.o
        62          0          0          0          0         76   strlen.o
       150          0          0          0          0         80   strncmp.o
        86          0          0          0          0         76   strncpy.o
       112          0          0          0          0         88   strtol.o
        74          0          0          0          0         80   sys_stackheap_outer.o
         2          0          0          0          0         68   use_no_semi.o
         2          0          0          0          0         68   use_no_semi_2.o
        12          0          0          0          0        116   dretinf.o
        86          4          0          0          0        132   f2d.o
       140          4          0          0          0        132   fnaninf.o
        10          0          0          0          0        116   fpinit.o
         4          0          0          0          0        116   printf1.o
         0          0          0          0          0          0   usenofp.o
        48          0          0          0          0        124   fpclassify.o

    ----------------------------------------------------------------------
      7858        260        508          0         96       5204   Library Totals
         4          0          3          0          0          0   (incl. Padding)

    ----------------------------------------------------------------------

      Code (inc. data)   RO Data    RW Data    ZI Data      Debug   Library Name

      7554        252        505          0         96       4468   c_w.l
       252          8          0          0          0        612   fz_wm.l
        48          0          0          0          0        124   m_wm.l

    ----------------------------------------------------------------------
      7858        260        508          0         96       5204   Library Totals

    ----------------------------------------------------------------------

==============================================================================


      Code (inc. data)   RO Data    RW Data    ZI Data      Debug   

     26636       4184       1056        100       2908     868363   Grand Totals
     26636       4184       1056        100       2908     868363   ELF Image Totals
     26636       4184       1056        100          0          0   ROM Totals

==============================================================================

    Total RO  Size (Code + RO Data)                27692 (  27.04kB)
    Total RW  Size (RW Data + ZI Data)              3008 (   2.94kB)
    Total ROM Size (Code + RO Data + RW Data)      27792 (  27.14kB)

==============================================================================

