Component: ARM Compiler 5.06 update 5 (build 528) Tool: armlink [4d35e2]

==============================================================================

Section Cross References

    startup_stm32f407xx.o(STACK) refers (Special) to heapauxi.o(.text) for __use_two_region_memory
    startup_stm32f407xx.o(HEAP) refers (Special) to heapauxi.o(.text) for __use_two_region_memory
    startup_stm32f407xx.o(RESET) refers (Special) to heapauxi.o(.text) for __use_two_region_memory
    startup_stm32f407xx.o(RESET) refers to startup_stm32f407xx.o(STACK) for __initial_sp
    startup_stm32f407xx.o(RESET) refers to startup_stm32f407xx.o(.text) for Reset_Handler
    startup_stm32f407xx.o(RESET) refers to stm32f4xx_it.o(i.NMI_Handler) for NMI_Handler
    startup_stm32f407xx.o(RESET) refers to stm32f4xx_it.o(i.HardFault_Handler) for HardFault_Handler
    startup_stm32f407xx.o(RESET) refers to stm32f4xx_it.o(i.MemManage_Handler) for MemManage_Handler
    startup_stm32f407xx.o(RESET) refers to stm32f4xx_it.o(i.BusFault_Handler) for BusFault_Handler
    startup_stm32f407xx.o(RESET) refers to stm32f4xx_it.o(i.UsageFault_Handler) for UsageFault_Handler
    startup_stm32f407xx.o(RESET) refers to stm32f4xx_it.o(i.SVC_Handler) for SVC_Handler
    startup_stm32f407xx.o(RESET) refers to stm32f4xx_it.o(i.DebugMon_Handler) for DebugMon_Handler
    startup_stm32f407xx.o(RESET) refers to stm32f4xx_it.o(i.PendSV_Handler) for PendSV_Handler
    startup_stm32f407xx.o(RESET) refers to stm32f4xx_it.o(i.SysTick_Handler) for SysTick_Handler
    startup_stm32f407xx.o(RESET) refers to stm32f4xx_it.o(i.DMA1_Stream5_IRQHandler) for DMA1_Stream5_IRQHandler
    startup_stm32f407xx.o(RESET) refers to stm32f4xx_it.o(i.DMA1_Stream6_IRQHandler) for DMA1_Stream6_IRQHandler
    startup_stm32f407xx.o(RESET) refers to stm32f4xx_it.o(i.TIM1_UP_TIM10_IRQHandler) for TIM1_UP_TIM10_IRQHandler
    startup_stm32f407xx.o(RESET) refers to stm32f4xx_it.o(i.TIM2_IRQHandler) for TIM2_IRQHandler
    startup_stm32f407xx.o(RESET) refers to stm32f4xx_it.o(i.USART1_IRQHandler) for USART1_IRQHandler
    startup_stm32f407xx.o(RESET) refers to stm32f4xx_it.o(i.USART2_IRQHandler) for USART2_IRQHandler
    startup_stm32f407xx.o(RESET) refers to stm32f4xx_it.o(i.DMA2_Stream0_IRQHandler) for DMA2_Stream0_IRQHandler
    startup_stm32f407xx.o(RESET) refers to stm32f4xx_it.o(i.DMA2_Stream1_IRQHandler) for DMA2_Stream1_IRQHandler
    startup_stm32f407xx.o(RESET) refers to stm32f4xx_it.o(i.DMA2_Stream2_IRQHandler) for DMA2_Stream2_IRQHandler
    startup_stm32f407xx.o(.text) refers (Special) to heapauxi.o(.text) for __use_two_region_memory
    startup_stm32f407xx.o(.text) refers to system_stm32f4xx.o(i.SystemInit) for SystemInit
    startup_stm32f407xx.o(.text) refers to __main.o(!!!main) for __main
    startup_stm32f407xx.o(.text) refers to startup_stm32f407xx.o(HEAP) for Heap_Mem
    startup_stm32f407xx.o(.text) refers to startup_stm32f407xx.o(STACK) for Stack_Mem
    main.o(.rev16_text) refers (Special) to use_no_semi_2.o(.text) for __use_no_semihosting
    main.o(.revsh_text) refers (Special) to use_no_semi_2.o(.text) for __use_no_semihosting
    main.o(.rrx_text) refers (Special) to use_no_semi_2.o(.text) for __use_no_semihosting
    main.o(i.BootMarker) refers (Special) to use_no_semi_2.o(.text) for __use_no_semihosting
    main.o(i.Error_Handler) refers (Special) to use_no_semi_2.o(.text) for __use_no_semihosting
    main.o(i.SystemClock_Config) refers (Special) to use_no_semi_2.o(.text) for __use_no_semihosting
    main.o(i._sys_exit) refers (Special) to use_no_semi_2.o(.text) for __use_no_semihosting
    main.o(i._write) refers (Special) to use_no_semi_2.o(.text) for __use_no_semihosting
    main.o(i._write) refers to stm32f4xx_hal_uart.o(i.HAL_UART_Transmit) for HAL_UART_Transmit
    main.o(i._write) refers to usart.o(.bss) for huart1
    main.o(i.fputc) refers (Special) to use_no_semi_2.o(.text) for __use_no_semihosting
    main.o(i.fputc) refers to stm32f4xx_hal_uart.o(i.HAL_UART_Transmit) for HAL_UART_Transmit
    main.o(i.fputc) refers to usart.o(.bss) for huart1
    main.o(i.main) refers (Special) to use_no_semi_2.o(.text) for __use_no_semihosting
    main.o(i.main) refers to _printf_percent.o(.ARM.Collect$$_printf_percent$$00000000) for _printf_percent
    main.o(i.main) refers to _printf_f.o(.ARM.Collect$$_printf_percent$$00000003) for _printf_f
    main.o(i.main) refers to printf1.o(x$fpl$printf1) for _printf_fp_dec
    main.o(i.main) refers to _printf_d.o(.ARM.Collect$$_printf_percent$$00000009) for _printf_d
    main.o(i.main) refers to _printf_s.o(.ARM.Collect$$_printf_percent$$00000014) for _printf_s
    main.o(i.main) refers to _printf_dec.o(.text) for _printf_int_dec
    main.o(i.main) refers to _printf_str.o(.text) for _printf_str
    main.o(i.main) refers to _printf_pad.o(.text) for _printf_pre_padding
    main.o(i.main) refers to _printf_u.o(.ARM.Collect$$_printf_percent$$0000000A) for _printf_u
    main.o(i.main) refers to main.o(i.BootMarker) for BootMarker
[...]
    DMA2_Stream5_IRQHandler                  0x0800027f   Thumb Code     0  startup_stm32f407xx.o(.text)
    DMA2_Stream6_IRQHandler                  0x0800027f   Thumb Code     0  startup_stm32f407xx.o(.text)
    DMA2_Stream7_IRQHandler                  0x0800027f   Thumb Code     0  startup_stm32f407xx.o(.text)
    ETH_IRQHandler                           0x0800027f   Thumb Code     0  startup_stm32f407xx.o(.text)
    ETH_WKUP_IRQHandler                      0x0800027f   Thumb Code     0  startup_stm32f407xx.o(.text)
    EXTI0_IRQHandler                         0x0800027f   Thumb Code     0  startup_stm32f407xx.o(.text)
    EXTI15_10_IRQHandler                     0x0800027f   Thumb Code     0  startup_stm32f407xx.o(.text)
    EXTI1_IRQHandler                         0x0800027f   Thumb Code     0  startup_stm32f407xx.o(.text)
    EXTI2_IRQHandler                         0x0800027f   Thumb Code     0  startup_stm32f407xx.o(.text)
    EXTI3_IRQHandler                         0x0800027f   Thumb Code     0  startup_stm32f407xx.o(.text)
    EXTI4_IRQHandler                         0x0800027f   Thumb Code     0  startup_stm32f407xx.o(.text)
    EXTI9_5_IRQHandler                       0x0800027f   Thumb Code     0  startup_stm32f407xx.o(.text)
    FLASH_IRQHandler                         0x0800027f   Thumb Code     0  startup_stm32f407xx.o(.text)
    FMC_IRQHandler                           0x0800027f   Thumb Code     0  startup_stm32f407xx.o(.text)
    FPU_IRQHandler                           0x0800027f   Thumb Code     0  startup_stm32f407xx.o(.text)
    HASH_RNG_IRQHandler                      0x0800027f   Thumb Code     0  startup_stm32f407xx.o(.text)
    I2C1_ER_IRQHandler                       0x0800027f   Thumb Code     0  startup_stm32f407xx.o(.text)
    I2C1_EV_IRQHandler                       0x0800027f   Thumb Code     0  startup_stm32f407xx.o(.text)
    I2C2_ER_IRQHandler                       0x0800027f   Thumb Code     0  startup_stm32f407xx.o(.text)
    I2C2_EV_IRQHandler                       0x0800027f   Thumb Code     0  startup_stm32f407xx.o(.text)
    I2C3_ER_IRQHandler                       0x0800027f   Thumb Code     0  startup_stm32f407xx.o(.text)
    I2C3_EV_IRQHandler                       0x0800027f   Thumb Code     0  startup_stm32f407xx.o(.text)
    OTG_FS_IRQHandler                        0x0800027f   Thumb Code     0  startup_stm32f407xx.o(.text)
    OTG_FS_WKUP_IRQHandler                   0x0800027f   Thumb Code     0  startup_stm32f407xx.o(.text)
    OTG_HS_EP1_IN_IRQHandler                 0x0800027f   Thumb Code     0  startup_stm32f407xx.o(.text)
    OTG_HS_EP1_OUT_IRQHandler                0x0800027f   Thumb Code     0  startup_stm32f407xx.o(.text)
    OTG_HS_IRQHandler                        0x0800027f   Thumb Code     0  startup_stm32f407xx.o(.text)
    OTG_HS_WKUP_IRQHandler                   0x0800027f   Thumb Code     0  startup_stm32f407xx.o(.text)
    PVD_IRQHandler                           0x0800027f   Thumb Code     0  startup_stm32f407xx.o(.text)
    RCC_IRQHandler                           0x0800027f   Thumb Code     0  startup_stm32f407xx.o(.text)
    RTC_Alarm_IRQHandler                     0x0800027f   Thumb Code     0  startup_stm32f407xx.o(.text)
    RTC_WKUP_IRQHandler                      0x0800027f   Thumb Code     0  startup_stm32f407xx.o(.text)
    SDIO_IRQHandler                          0x0800027f   Thumb Code     0  startup_stm32f407xx.o(.text)
    SPI1_IRQHandler                          0x0800027f   Thumb Code     0  startup_stm32f407xx.o(.text)
    SPI2_IRQHandler                          0x0800027f   Thumb Code     0  startup_stm32f407xx.o(.text)
    SPI3_IRQHandler                          0x0800027f   Thumb Code     0  startup_stm32f407xx.o(.text)
    TAMP_STAMP_IRQHandler                    0x0800027f   Thumb Code     0  startup_stm32f407xx.o(.text)
    TIM1_BRK_TIM9_IRQHandler                 0x0800027f   Thumb Code     0  startup_stm32f407xx.o(.text)
    TIM1_CC_IRQHandler                       0x0800027f   Thumb Code     0  startup_stm32f407xx.o(.text)
    TIM1_TRG_COM_TIM11_IRQHandler            0x0800027f   Thumb Code     0  startup_stm32f407xx.o(.text)
    TIM3_IRQHandler                          0x0800027f   Thumb Code     0  startup_stm32f407xx.o(.text)
    TIM4_IRQHandler                          0x0800027f   Thumb Code     0  startup_stm32f407xx.o(.text)
    TIM5_IRQHandler                          0x0800027f   Thumb Code     0  startup_stm32f407xx.o(.text)
    TIM6_DAC_IRQHandler                      0x0800027f   Thumb Code     0  startup_stm32f407xx.o(.text)
    TIM7_IRQHandler                          0x0800027f   Thumb Code     0  startup_stm32f407xx.o(.text)
    TIM8_BRK_TIM12_IRQHandler                0x0800027f   Thumb Code     0  startup_stm32f407xx.o(.text)
    TIM8_CC_IRQHandler                       0x0800027f   Thumb Code     0  startup_stm32f407xx.o(.text)
    TIM8_TRG_COM_TIM14_IRQHandler            0x0800027f   Thumb Code     0  startup_stm32f407xx.o(.text)
    TIM8_UP_TIM13_IRQHandler                 0x0800027f   Thumb Code     0  startup_stm32f407xx.o(.text)
    UART4_IRQHandler                         0x0800027f   Thumb Code     0  startup_stm32f407xx.o(.text)
    UART5_IRQHandler                         0x0800027f   Thumb Code     0  startup_stm32f407xx.o(.text)
    USART3_IRQHandler                        0x0800027f   Thumb Code     0  startup_stm32f407xx.o(.text)
    USART6_IRQHandler                        0x0800027f   Thumb Code     0  startup_stm32f407xx.o(.text)
    WWDG_IRQHandler                          0x0800027f   Thumb Code     0  startup_stm32f407xx.o(.text)
    __user_initial_stackheap                 0x08000281   Thumb Code     0  startup_stm32f407xx.o(.text)
    __use_no_semihosting                     0x080002a5   Thumb Code     2  use_no_semi_2.o(.text)
    __aeabi_uldivmod                         0x080002a7   Thumb Code     0  lludivv7m.o(.text)
    _ll_udiv                                 0x080002a7   Thumb Code   238  lludivv7m.o(.text)
    __2printf                                0x08000395   Thumb Code    20  noretval__2printf.o(.text)
    _printf_pre_padding                      0x080003ad   Thumb Code    44  _printf_pad.o(.text)
    _printf_post_padding                     0x080003d9   Thumb Code    34  _printf_pad.o(.text)
    _printf_str                              0x080003fb   Thumb Code    82  _printf_str.o(.text)
    _printf_int_dec                          0x0800044d   Thumb Code   104  _printf_dec.o(.text)
    _printf_int_hex                          0x080004c5   Thumb Code    84  _printf_hex_int.o(.text)
    _printf_longlong_hex                     0x080004c5   Thumb Code     0  _printf_hex_int.o(.text)
    __printf                                 0x0800051d   Thumb Code   388  __printf_flags_ss_wp.o(.text)
    __0sscanf                                0x080006a5   Thumb Code    52  __0sscanf.o(.text)
    _scanf_int                               0x080006e1   Thumb Code   332  _scanf_int.o(.text)
    strtol                                   0x0800082d   Thumb Code   112  strtol.o(.text)
    strlen                                   0x0800089d   Thumb Code    62  strlen.o(.text)
    strncmp                                  0x080008db   Thumb Code   150  strncmp.o(.text)
    __aeabi_memclr                           0x08000971   Thumb Code     0  rt_memclr.o(.text)
    __rt_memclr                              0x08000971   Thumb Code    68  rt_memclr.o(.text)
    _memset                                  0x08000975   Thumb Code     0  rt_memclr.o(.text)
    __aeabi_memclr4                          0x080009b5   Thumb Code     0  rt_memclr_w.o(.text)
    __aeabi_memclr8                          0x080009b5   Thumb Code     0  rt_memclr_w.o(.text)
    __rt_memclr_w                            0x080009b5   Thumb Code    78  rt_memclr_w.o(.text)
    _memset_w                                0x080009b9   Thumb Code     0  rt_memclr_w.o(.text)
    strncpy                                  0x08000a03   Thumb Code    86  strncpy.o(.text)
    __use_two_region_memory                  0x08000a59   Thumb Code     2  heapauxi.o(.text)
    __rt_heap_escrow$2region                 0x08000a5b   Thumb Code     2  heapauxi.o(.text)
    __rt_heap_expand$2region                 0x08000a5d   Thumb Code     2  heapauxi.o(.text)
    __I$use$semihosting                      0x08000a5f   Thumb Code     0  use_no_semi.o(.text)
    __use_no_semihosting_swi                 0x08000a5f   Thumb Code     2  use_no_semi.o(.text)
    __rt_ctype_table                         0x08000a61   Thumb Code    16  rt_ctype_table.o(.text)
    __aeabi_errno_addr                       0x08000a71   Thumb Code     8  rt_errno_addr_intlibspace.o(.text)
    __errno$intlibspace                      0x08000a71   Thumb Code     0  rt_errno_addr_intlibspace.o(.text)
    __rt_errno_addr$intlibspace              0x08000a71   Thumb Code     0  rt_errno_addr_intlibspace.o(.text)
    _printf_int_common                       0x08000a79   Thumb Code   178  _printf_intcommon.o(.text)
    __lib_sel_fp_printf                      0x08000b2b   Thumb Code     2  _printf_fp_dec.o(.text)
    _printf_fp_dec_real                      0x08000cdd   Thumb Code   620  _printf_fp_dec.o(.text)
    _printf_cs_common                        0x08000f49   Thumb Code    20  _printf_char.o(.text)
    _printf_char                             0x08000f5d   Thumb Code    16  _printf_char.o(.text)
    _printf_string                           0x08000f6d   Thumb Code     8  _printf_char.o(.text)
    _printf_char_file                        0x08000f75   Thumb Code    32  _printf_char_file.o(.text)
    _chval                                   0x08000f99   Thumb Code    28  _chval.o(.text)
    _scanf_really_real                       0x08001201   Thumb Code   684  scanf_fp.o(.text)
    __vfscanf_char                           0x080014b9   Thumb Code    24  scanf_char.o(.text)
    _sgetc                                   0x080014d9   Thumb Code    30  _sgetc.o(.text)
    _sbackspace                              0x080014f7   Thumb Code    34  _sgetc.o(.text)
    _strtoul                                 0x08001519   Thumb Code   158  _strtoul.o(.text)
    __user_libspace                          0x080015b9   Thumb Code     8  libspace.o(.text)
    __user_perproc_libspace                  0x080015b9   Thumb Code     0  libspace.o(.text)
    __user_perthread_libspace                0x080015b9   Thumb Code     0  libspace.o(.text)
    __rt_locale                              0x080015c1   Thumb Code     8  rt_locale_intlibspace.o(.text)
    _ll_udiv10                               0x080015c9   Thumb Code   138  lludiv10.o(.text)
    isspace                                  0x08001653   Thumb Code    18  isspace.o(.text)
    _printf_char_common                      0x0800166f   Thumb Code    32  _printf_char_common.o(.text)
    _printf_fp_infnan                        0x08001695   Thumb Code   112  _printf_fp_infnan.o(.text)
    __vfscanf                                0x08001715   Thumb Code   878  _scanf.o(.text)
    _btod_etento                             0x08001a89   Thumb Code   224  bigflt0.o(.text)
    ferror                                   0x08001b6d   Thumb Code     8  ferror.o(.text)
    __user_setup_stackheap                   0x08001b75   Thumb Code    74  sys_stackheap_outer.o(.text)
    __read_errno                             0x08001bbf   Thumb Code    10  _rserrno.o(.text)
    __set_errno                              0x08001bc9   Thumb Code    12  _rserrno.o(.text)
    _scanf_really_hex_real                   0x08001bd5   Thumb Code   786  scanf_hexfp.o(.text)
    _scanf_really_infnan                     0x08001ef5   Thumb Code   292  scanf_infnan.o(.text)
    exit                                     0x08002029   Thumb Code    18  exit.o(.text)
    strcmp                                   0x0800203d   Thumb Code   128  strcmpv7m.o(.text)
    __aeabi_llsl                             0x080020bd   Thumb Code     0  llshl.o(.text)
    _ll_shift_l                              0x080020bd   Thumb Code    38  llshl.o(.text)
    _btod_d2e                                0x080020e3   Thumb Code    62  btod.o(CL$$btod_d2e)
    _d2e_denorm_low                          0x08002121   Thumb Code    70  btod.o(CL$$btod_d2e_denorm_low)
    _d2e_norm_op1                            0x08002167   Thumb Code    96  btod.o(CL$$btod_d2e_norm_op1)
    __btod_div_common                        0x080021c7   Thumb Code   696  btod.o(CL$$btod_div_common)
    _e2d                                     0x08002501   Thumb Code   122  btod.o(CL$$btod_e2d)
    _e2e                                     0x08002585   Thumb Code   220  btod.o(CL$$btod_e2e)
    _btod_ediv                               0x08002661   Thumb Code    42  btod.o(CL$$btod_ediv)
    _btod_edivd                              0x0800268b   Thumb Code    42  btod.o(CL$$btod_edivd)
    _btod_emul                               0x080026b5   Thumb Code    42  btod.o(CL$$btod_emul)
    _btod_emuld                              0x080026df   Thumb Code    42  btod.o(CL$$btod_emuld)
    __btod_mult_common                       0x08002709   Thumb Code   580  btod.o(CL$$btod_mult_common)
    AT_Abort                                 0x08002b05   Thumb Code    22  pid_autotune.o(i.AT_Abort)
    AT_Init                                  0x08002b3d   Thumb Code    16  pid_autotune.o(i.AT_Init)
    AT_Is_Active                             0x08002b4d   Thumb Code    20  pid_autotune.o(i.AT_Is_Active)
    AT_Start                                 0x08002b61   Thumb Code   416  pid_autotune.o(i.AT_Start)
    AT_State_Name                            0x08002d65   Thumb Code    52  pid_autotune.o(i.AT_State_Name)
    AT_Tick                                  0x08002de1   Thumb Code  1730  pid_autotune.o(i.AT_Tick)
    BSP_ADC_Init                             0x08003629   Thumb Code    10  bsp_adc.o(i.BSP_ADC_Init)
    BSP_Get_Battery_Voltage                  0x0800363d   Thumb Code   118  bsp_adc.o(i.BSP_Get_Battery_Voltage)
    BusFault_Handler                         0x080036fd   Thumb Code     2  stm32f4xx_it.o(i.BusFault_Handler)
    CTS_Init                                 0x08003701   Thumb Code   118  cross_track.o(i.CTS_Init)
    CTS_Reset                                0x0800378d   Thumb Code    40  cross_track.o(i.CTS_Reset)
    CTS_Update                               0x080037b9   Thumb Code   740  cross_track.o(i.CTS_Update)
    DMA1_Stream5_IRQHandler                  0x08004c15   Thumb Code     6  stm32f4xx_it.o(i.DMA1_Stream5_IRQHandler)
    DMA1_Stream6_IRQHandler                  0x08004c21   Thumb Code     6  stm32f4xx_it.o(i.DMA1_Stream6_IRQHandler)
    DMA2_Stream0_IRQHandler                  0x08004c2d   Thumb Code     6  stm32f4xx_it.o(i.DMA2_Stream0_IRQHandler)
    DMA2_Stream1_IRQHandler                  0x08004c39   Thumb Code     6  stm32f4xx_it.o(i.DMA2_Stream1_IRQHandler)
    DMA2_Stream2_IRQHandler                  0x08004c45   Thumb Code     6  stm32f4xx_it.o(i.DMA2_Stream2_IRQHandler)
    DOB_Init                                 0x08004cf5   Thumb Code    98  pid_disturbance.o(i.DOB_Init)
    DOB_Reset                                0x08004d6d   Thumb Code    30  pid_disturbance.o(i.DOB_Reset)
    DOB_Update                               0x08004d95   Thumb Code   128  pid_disturbance.o(i.DOB_Update)
    DebugMon_Handler                         0x08004e35   Thumb Code     2  stm32f4xx_it.o(i.DebugMon_Handler)
    Debug_Init                               0x08004e39   Thumb Code    30  bsp_debug.o(i.Debug_Init)
    Debug_Process                            0x08004e69   Thumb Code   608  bsp_debug.o(i.Debug_Process)
    Diag_Heartbeat_Init                      0x080052f1   Thumb Code    54  bsp_diag.o(i.Diag_Heartbeat_Init)
    Diag_Heartbeat_Toggle                    0x08005331   Thumb Code    12  bsp_diag.o(i.Diag_Heartbeat_Toggle)
    Encoder_Get_Cumulative_Left              0x08005341   Thumb Code     6  bsp_encoder.o(i.Encoder_Get_Cumulative_Left)
    Encoder_Get_Cumulative_Right             0x0800534d   Thumb Code     6  bsp_encoder.o(i.Encoder_Get_Cumulative_Right)
    Encoder_Get_Left_Outlier_Count           0x08005359   Thumb Code     6  bsp_encoder.o(i.Encoder_Get_Left_Outlier_Count)
    Encoder_Get_Left_Raw_Delta               0x08005365   Thumb Code     8  bsp_encoder.o(i.Encoder_Get_Left_Raw_Delta)
    Encoder_Get_Left_Speed                   0x08005371   Thumb Code   162  bsp_encoder.o(i.Encoder_Get_Left_Speed)
    Encoder_Get_Right_Outlier_Count          0x08005431   Thumb Code     6  bsp_encoder.o(i.Encoder_Get_Right_Outlier_Count)
    Encoder_Get_Right_Raw_Delta              0x0800543d   Thumb Code     8  bsp_encoder.o(i.Encoder_Get_Right_Raw_Delta)
    Encoder_Get_Right_Speed                  0x08005449   Thumb Code   156  bsp_encoder.o(i.Encoder_Get_Right_Speed)
    Encoder_Init                             0x08005501   Thumb Code   114  bsp_encoder.o(i.Encoder_Init)
    Encoder_Reset_Filters                    0x08005589   Thumb Code    26  bsp_encoder.o(i.Encoder_Reset_Filters)
    Error_Handler                            0x080055ad   Thumb Code     6  main.o(i.Error_Handler)
    HAL_ADCEx_MultiModeConfigChannel         0x080055b5   Thumb Code    78  stm32f4xx_hal_adc_ex.o(i.HAL_ADCEx_MultiModeConfigChannel)
    HAL_ADC_ConfigChannel                    0x08005609   Thumb Code   316  stm32f4xx_hal_adc.o(i.HAL_ADC_ConfigChannel)
    HAL_ADC_ConvCpltCallback                 0x08005755   Thumb Code     2  stm32f4xx_hal_adc.o(i.HAL_ADC_ConvCpltCallback)
    HAL_ADC_ConvHalfCpltCallback             0x08005757   Thumb Code     2  stm32f4xx_hal_adc.o(i.HAL_ADC_ConvHalfCpltCallback)
    HAL_ADC_ErrorCallback                    0x08005759   Thumb Code     2  stm32f4xx_hal_adc.o(i.HAL_ADC_ErrorCallback)
    HAL_ADC_Init                             0x0800575b   Thumb Code    84  stm32f4xx_hal_adc.o(i.HAL_ADC_Init)
    HAL_ADC_MspInit                          0x080057b1   Thumb Code   216  adc.o(i.HAL_ADC_MspInit)
    HAL_ADC_Start_DMA                        0x080058a9   Thumb Code   306  stm32f4xx_hal_adc.o(i.HAL_ADC_Start_DMA)
    HAL_DMA_Abort                            0x08005a01   Thumb Code   146  stm32f4xx_hal_dma.o(i.HAL_DMA_Abort)
    HAL_DMA_Abort_IT                         0x08005a93   Thumb Code    36  stm32f4xx_hal_dma.o(i.HAL_DMA_Abort_IT)
    HAL_DMA_IRQHandler                       0x08005ab9   Thumb Code   412  stm32f4xx_hal_dma.o(i.HAL_DMA_IRQHandler)
    HAL_DMA_Init                             0x08005c59   Thumb Code   206  stm32f4xx_hal_dma.o(i.HAL_DMA_Init)
    HAL_DMA_Start_IT                         0x08005d2d   Thumb Code   110  stm32f4xx_hal_dma.o(i.HAL_DMA_Start_IT)
    HAL_GPIO_Init                            0x08005d9d   Thumb Code   450  stm32f4xx_hal_gpio.o(i.HAL_GPIO_Init)
    HAL_GPIO_WritePin                        0x08005f8d   Thumb Code    10  stm32f4xx_hal_gpio.o(i.HAL_GPIO_WritePin)
    HAL_GetTick                              0x08005f99   Thumb Code     6  stm32f4xx_hal.o(i.HAL_GetTick)
    HAL_IWDG_Init                            0x08005fa5   Thumb Code    94  stm32f4xx_hal_iwdg.o(i.HAL_IWDG_Init)
    HAL_IWDG_Refresh                         0x08006003   Thumb Code    12  stm32f4xx_hal_iwdg.o(i.HAL_IWDG_Refresh)
    HAL_IncTick                              0x08006011   Thumb Code    12  stm32f4xx_hal.o(i.HAL_IncTick)
    HAL_Init                                 0x08006021   Thumb Code    48  stm32f4xx_hal.o(i.HAL_Init)
    HAL_InitTick                             0x08006055   Thumb Code    54  stm32f4xx_hal.o(i.HAL_InitTick)
    HAL_MspInit                              0x08006095   Thumb Code    42  stm32f4xx_hal_msp.o(i.HAL_MspInit)
    HAL_NVIC_EnableIRQ                       0x080060c5   Thumb Code    26  stm32f4xx_hal_cortex.o(i.HAL_NVIC_EnableIRQ)
    HAL_NVIC_SetPriority                     0x080060e1   Thumb Code    60  stm32f4xx_hal_cortex.o(i.HAL_NVIC_SetPriority)
    HAL_NVIC_SetPriorityGrouping             0x08006121   Thumb Code    26  stm32f4xx_hal_cortex.o(i.HAL_NVIC_SetPriorityGrouping)
    HAL_RCC_CSSCallback                      0x08006145   Thumb Code     2  stm32f4xx_hal_rcc.o(i.HAL_RCC_CSSCallback)
    HAL_RCC_GetClockConfig                   0x08006149   Thumb Code    54  stm32f4xx_hal_rcc.o(i.HAL_RCC_GetClockConfig)
    HAL_RCC_GetHCLKFreq                      0x08006189   Thumb Code     6  stm32f4xx_hal_rcc.o(i.HAL_RCC_GetHCLKFreq)
    HAL_RCC_GetPCLK1Freq                     0x08006195   Thumb Code    20  stm32f4xx_hal_rcc.o(i.HAL_RCC_GetPCLK1Freq)
    HAL_RCC_GetPCLK2Freq                     0x080061b5   Thumb Code    20  stm32f4xx_hal_rcc.o(i.HAL_RCC_GetPCLK2Freq)
    HAL_RCC_GetSysClockFreq                  0x080061d5   Thumb Code    88  stm32f4xx_hal_rcc.o(i.HAL_RCC_GetSysClockFreq)
    HAL_RCC_NMI_IRQHandler                   0x08006239   Thumb Code    24  stm32f4xx_hal_rcc.o(i.HAL_RCC_NMI_IRQHandler)
    HAL_SYSTICK_Config                       0x08006255   Thumb Code    40  stm32f4xx_hal_cortex.o(i.HAL_SYSTICK_Config)
    HAL_TIMEx_BreakCallback                  0x0800627d   Thumb Code     2  stm32f4xx_hal_tim_ex.o(i.HAL_TIMEx_BreakCallback)
    HAL_TIMEx_CommutCallback                 0x0800627f   Thumb Code     2  stm32f4xx_hal_tim_ex.o(i.HAL_TIMEx_CommutCallback)
    HAL_TIMEx_ConfigBreakDeadTime            0x08006281   Thumb Code    84  stm32f4xx_hal_tim_ex.o(i.HAL_TIMEx_ConfigBreakDeadTime)
    HAL_TIMEx_MasterConfigSynchronization    0x080062d5   Thumb Code   116  stm32f4xx_hal_tim_ex.o(i.HAL_TIMEx_MasterConfigSynchronization)
    HAL_TIM_Base_Init                        0x08006365   Thumb Code    90  stm32f4xx_hal_tim.o(i.HAL_TIM_Base_Init)
    HAL_TIM_Base_MspInit                     0x080063c1   Thumb Code   168  tim.o(i.HAL_TIM_Base_MspInit)
    HAL_TIM_ConfigClockSource                0x08006479   Thumb Code   220  stm32f4xx_hal_tim.o(i.HAL_TIM_ConfigClockSource)
    HAL_TIM_Encoder_Init                     0x08006555   Thumb Code   164  stm32f4xx_hal_tim.o(i.HAL_TIM_Encoder_Init)
    HAL_TIM_Encoder_MspInit                  0x080065f9   Thumb Code   236  tim.o(i.HAL_TIM_Encoder_MspInit)
    HAL_TIM_Encoder_Start                    0x080066f9   Thumb Code   142  stm32f4xx_hal_tim.o(i.HAL_TIM_Encoder_Start)
    HAL_TIM_ErrorCallback                    0x08006787   Thumb Code     2  stm32f4xx_hal_tim.o(i.HAL_TIM_ErrorCallback)
    HAL_TIM_IC_CaptureCallback               0x08006789   Thumb Code     2  stm32f4xx_hal_tim.o(i.HAL_TIM_IC_CaptureCallback)
    HAL_TIM_IRQHandler                       0x0800678b   Thumb Code   304  stm32f4xx_hal_tim.o(i.HAL_TIM_IRQHandler)
    HAL_TIM_MspPostInit                      0x080068bd   Thumb Code    72  tim.o(i.HAL_TIM_MspPostInit)
    HAL_TIM_OC_DelayElapsedCallback          0x08006911   Thumb Code     2  stm32f4xx_hal_tim.o(i.HAL_TIM_OC_DelayElapsedCallback)
    HAL_TIM_PWM_ConfigChannel                0x08006913   Thumb Code   204  stm32f4xx_hal_tim.o(i.HAL_TIM_PWM_ConfigChannel)
    HAL_TIM_PWM_Init                         0x080069df   Thumb Code    90  stm32f4xx_hal_tim.o(i.HAL_TIM_PWM_Init)
    HAL_TIM_PWM_MspInit                      0x08006a39   Thumb Code     2  stm32f4xx_hal_tim.o(i.HAL_TIM_PWM_MspInit)
    HAL_TIM_PWM_PulseFinishedCallback        0x08006a3b   Thumb Code     2  stm32f4xx_hal_tim.o(i.HAL_TIM_PWM_PulseFinishedCallback)
    HAL_TIM_PWM_PulseFinishedHalfCpltCallback 0x08006a3d   Thumb Code     2  stm32f4xx_hal_tim.o(i.HAL_TIM_PWM_PulseFinishedHalfCpltCallback)
    HAL_TIM_PWM_Start_DMA                    0x08006a41   Thumb Code   406  stm32f4xx_hal_tim.o(i.HAL_TIM_PWM_Start_DMA)
    HAL_TIM_PeriodElapsedCallback            0x08006c01   Thumb Code     2  stm32f4xx_hal_tim.o(i.HAL_TIM_PeriodElapsedCallback)
    HAL_TIM_TriggerCallback                  0x08006c03   Thumb Code     2  stm32f4xx_hal_tim.o(i.HAL_TIM_TriggerCallback)
    HAL_UARTEx_ReceiveToIdle_DMA             0x08006c05   Thumb Code    74  stm32f4xx_hal_uart.o(i.HAL_UARTEx_ReceiveToIdle_DMA)
    HAL_UARTEx_RxEventCallback               0x08006c4f   Thumb Code     2  stm32f4xx_hal_uart.o(i.HAL_UARTEx_RxEventCallback)
    HAL_UART_ErrorCallback                   0x08006c51   Thumb Code     2  stm32f4xx_hal_uart.o(i.HAL_UART_ErrorCallback)
    HAL_UART_IRQHandler                      0x08006c55   Thumb Code   636  stm32f4xx_hal_uart.o(i.HAL_UART_IRQHandler)
    HAL_UART_Init                            0x08006ed5   Thumb Code   100  stm32f4xx_hal_uart.o(i.HAL_UART_Init)
    HAL_UART_MspInit                         0x08006f39   Thumb Code   296  usart.o(i.HAL_UART_MspInit)
    HAL_UART_Receive_IT                      0x08007079   Thumb Code    28  stm32f4xx_hal_uart.o(i.HAL_UART_Receive_IT)
    HAL_UART_RxCpltCallback                  0x08007095   Thumb Code    82  bsp_debug.o(i.HAL_UART_RxCpltCallback)
    HAL_UART_RxHalfCpltCallback              0x080070f9   Thumb Code     2  stm32f4xx_hal_uart.o(i.HAL_UART_RxHalfCpltCallback)
    HAL_UART_Transmit                        0x080070fb   Thumb Code   160  stm32f4xx_hal_uart.o(i.HAL_UART_Transmit)
    HAL_UART_Transmit_DMA                    0x0800719d   Thumb Code   120  stm32f4xx_hal_uart.o(i.HAL_UART_Transmit_DMA)
    HAL_UART_TxCpltCallback                  0x08007221   Thumb Code    14  bsp_protocol.o(i.HAL_UART_TxCpltCallback)
    HAL_UART_TxHalfCpltCallback              0x08007239   Thumb Code     2  stm32f4xx_hal_uart.o(i.HAL_UART_TxHalfCpltCallback)
    HardFault_Handler                        0x0800723b   Thumb Code     2  stm32f4xx_it.o(i.HardFault_Handler)
    MX_ADC1_Init                             0x0800723d   Thumb Code   124  adc.o(i.MX_ADC1_Init)
    MX_ADC2_Init                             0x080072c5   Thumb Code    80  adc.o(i.MX_ADC2_Init)
    MX_DMA_Init                              0x0800731d   Thumb Code   120  dma.o(i.MX_DMA_Init)
    MX_GPIO_Init                             0x08007399   Thumb Code   348  gpio.o(i.MX_GPIO_Init)
    MX_IWDG_Init                             0x08007515   Thumb Code    36  iwdg.o(i.MX_IWDG_Init)
    MX_TIM1_Init                             0x08007541   Thumb Code   210  tim.o(i.MX_TIM1_Init)
    MX_TIM2_Init                             0x0800761d   Thumb Code   102  tim.o(i.MX_TIM2_Init)
    MX_TIM3_Init                             0x08007689   Thumb Code   100  tim.o(i.MX_TIM3_Init)
    MX_USART2_UART_Init                      0x080076f5   Thumb Code    48  usart.o(i.MX_USART2_UART_Init)
    MemManage_Handler                        0x0800772d   Thumb Code     2  stm32f4xx_it.o(i.MemManage_Handler)
    Motor_Init                               0x08007731   Thumb Code    54  bsp_motor.o(i.Motor_Init)
    Motor_Set_PWM                            0x08007775   Thumb Code   226  bsp_motor.o(i.Motor_Set_PWM)
    NMI_Handler                              0x08007865   Thumb Code     6  stm32f4xx_it.o(i.NMI_Handler)
    PID_Calc                                 0x0800786d   Thumb Code   902  pid.o(i.PID_Calc)
    PID_Get_Gain_Entry                       0x08007c35   Thumb Code    26  pid.o(i.PID_Get_Gain_Entry)
    PID_Get_Gain_Entry_Mutable               0x08007c55   Thumb Code    20  pid.o(i.PID_Get_Gain_Entry_Mutable)
    PID_Init                                 0x08007c6d   Thumb Code    88  pid.o(i.PID_Init)
    PID_Reset                                0x08007cd5   Thumb Code    40  pid.o(i.PID_Reset)
    PendSV_Handler                           0x08007d01   Thumb Code     2  stm32f4xx_it.o(i.PendSV_Handler)
    Protocol_Init                            0x08007d05   Thumb Code    38  bsp_protocol.o(i.Protocol_Init)
    Protocol_Process                         0x08007d39   Thumb Code   490  bsp_protocol.o(i.Protocol_Process)
    Protocol_Send_Chassis_Status             0x08007f4d   Thumb Code   154  bsp_protocol.o(i.Protocol_Send_Chassis_Status)
    SVC_Handler                              0x08007ff5   Thumb Code     2  stm32f4xx_it.o(i.SVC_Handler)
    SysTick_Handler                          0x08007ff7   Thumb Code     4  stm32f4xx_it.o(i.SysTick_Handler)
    SystemInit                               0x08007ffd   Thumb Code    12  system_stm32f4xx.o(i.SystemInit)
    TIM1_UP_TIM10_IRQHandler                 0x0800800d   Thumb Code     6  stm32f4xx_it.o(i.TIM1_UP_TIM10_IRQHandler)
    TIM2_IRQHandler                          0x08008019   Thumb Code     6  stm32f4xx_it.o(i.TIM2_IRQHandler)
    TIM_Base_SetConfig                       0x08008025   Thumb Code   164  stm32f4xx_hal_tim.o(i.TIM_Base_SetConfig)
    TIM_CCxChannelCmd                        0x080080f5   Thumb Code    26  stm32f4xx_hal_tim.o(i.TIM_CCxChannelCmd)
    TIM_DMADelayPulseHalfCplt                0x0800816d   Thumb Code    56  stm32f4xx_hal_tim.o(i.TIM_DMADelayPulseHalfCplt)
    TIM_DMAError                             0x080081a5   Thumb Code    84  stm32f4xx_hal_tim.o(i.TIM_DMAError)
    TIM_ETR_SetConfig                        0x080081f9   Thumb Code    20  stm32f4xx_hal_tim.o(i.TIM_ETR_SetConfig)
    TIM_OC2_SetConfig                        0x0800827d   Thumb Code    98  stm32f4xx_hal_tim.o(i.TIM_OC2_SetConfig)
    UART_Start_Receive_DMA                   0x08008769   Thumb Code   146  stm32f4xx_hal_uart.o(i.UART_Start_Receive_DMA)
    UART_Start_Receive_IT                    0x08008809   Thumb Code    54  stm32f4xx_hal_uart.o(i.UART_Start_Receive_IT)
    USART1_IRQHandler                        0x080088b1   Thumb Code    34  stm32f4xx_it.o(i.USART1_IRQHandler)
    USART2_IRQHandler                        0x080088d9   Thumb Code    62  stm32f4xx_it.o(i.USART2_IRQHandler)
    UsageFault_Handler                       0x08008935   Thumb Code     2  stm32f4xx_it.o(i.UsageFault_Handler)
    __ARM_fpclassify                         0x08008937   Thumb Code    48  fpclassify.o(i.__ARM_fpclassify)
    __hardfp___mathlib_tofloat               0x08008989   Thumb Code   232  narrow.o(i.__hardfp___mathlib_tofloat)
    __hardfp_ldexp                           0x08008a81   Thumb Code   200  ldexp.o(i.__hardfp_ldexp)
    __mathlib_dbl_overflow                   0x08008b51   Thumb Code    24  dunder.o(i.__mathlib_dbl_overflow)
    __mathlib_dbl_underflow                  0x08008b71   Thumb Code    24  dunder.o(i.__mathlib_dbl_underflow)
    __mathlib_narrow                         0x08008b91   Thumb Code    18  narrow.o(i.__mathlib_narrow)
    __support_ldexp                          0x08008ba3   Thumb Code    20  ldexp.o(i.__support_ldexp)
    _is_digit                                0x08008bb7   Thumb Code    14  __printf_wp.o(i._is_digit)
    _sys_exit                                0x08008bc5   Thumb Code     2  main.o(i._sys_exit)
    crc16_ccitt                              0x08008c07   Thumb Code    60  bsp_protocol.o(i.crc16_ccitt)
    fputc                                    0x08008c55   Thumb Code    20  main.o(i.fputc)
    frexp                                    0x08008c71   Thumb Code   118  frexp.o(i.frexp)
    main                                     0x08008cfd   Thumb Code  2506  main.o(i.main)
    _get_lc_ctype                            0x08009761   Thumb Code    44  lc_ctype_c.o(locale$$code)
    _get_lc_numeric                          0x0800978d   Thumb Code    44  lc_numeric_c.o(locale$$code)
    __aeabi_d2f                              0x080097b9   Thumb Code     0  d2f.o(x$fpl$d2f)
    _d2f                                     0x080097b9   Thumb Code    98  d2f.o(x$fpl$d2f)
    __fpl_dcheck_NaN1                        0x0800981d   Thumb Code    10  dcheck1.o(x$fpl$dcheck1)
    __fpl_dcmp_Inf                           0x0800982d   Thumb Code    24  dcmpi.o(x$fpl$dcmpinf)
    __aeabi_cdcmpeq                          0x08009845   Thumb Code     0  deqf.o(x$fpl$deqf)
    _dcmpeq                                  0x08009845   Thumb Code   120  deqf.o(x$fpl$deqf)
    __aeabi_cdcmple                          0x080098bd   Thumb Code     0  dleqf.o(x$fpl$dleqf)
    _dcmple                                  0x080098bd   Thumb Code   120  dleqf.o(x$fpl$dleqf)
    __fpl_dcmple_InfNaN                      0x0800991f   Thumb Code     0  dleqf.o(x$fpl$dleqf)
    __aeabi_dmul                             0x08009935   Thumb Code     0  dmul.o(x$fpl$dmul)
    _dmul                                    0x08009935   Thumb Code   332  dmul.o(x$fpl$dmul)
    __fpl_dnaninf                            0x08009a89   Thumb Code   156  dnaninf.o(x$fpl$dnaninf)
    __fpl_dretinf                            0x08009b25   Thumb Code    12  dretinf.o(x$fpl$dretinf)
    __aeabi_cdrcmple                         0x08009b31   Thumb Code     0  drleqf.o(x$fpl$drleqf)
    _drcmple                                 0x08009b31   Thumb Code   108  drleqf.o(x$fpl$drleqf)
    __aeabi_f2d                              0x08009b9d   Thumb Code     0  f2d.o(x$fpl$f2d)
    _f2d                                     0x08009b9d   Thumb Code    86  f2d.o(x$fpl$f2d)
    __fpl_fnaninf                            0x08009bf3   Thumb Code   140  fnaninf.o(x$fpl$fnaninf)
    _fp_init                                 0x08009c7f   Thumb Code    10  fpinit.o(x$fpl$fpinit)
    __fplib_config_fpu_vfp                   0x08009c87   Thumb Code     0  fpinit.o(x$fpl$fpinit)
    __fplib_config_pureend_doubles           0x08009c87   Thumb Code     0  fpinit.o(x$fpl$fpinit)
    __fpl_fretinf                            0x08009c89   Thumb Code    10  fretinf.o(x$fpl$fretinf)
    __ieee_status                            0x08009c93   Thumb Code     6  istatus.o(x$fpl$ieeestatus)
    _printf_fp_dec                           0x08009c99   Thumb Code     4  printf1.o(x$fpl$printf1)
    __fpl_return_NaN                         0x08009c9d   Thumb Code   100  retnan.o(x$fpl$retnan)
    __ARM_scalbn                             0x08009d01   Thumb Code    92  scalbn.o(x$fpl$scalbn)
    _scanf_real                              0x08009d5d   Thumb Code     4  scanf1.o(x$fpl$scanf1)
    _scanf_hex_real                          0x08009d61   Thumb Code     4  scanf2.o(x$fpl$scanf2)
    _scanf_infnan                            0x08009d65   Thumb Code     4  scanf2.o(x$fpl$scanf2)
    __fpl_cmpreturn                          0x08009d69   Thumb Code    48  trapv.o(x$fpl$trapveneer)
    APBPrescTable                            0x08009d98   Data           8  system_stm32f4xx.o(.constdata)
    __I$use$fp                               0x08009d98   Number         0  usenofp.o(x$fpl$usenofp)
    Region$$Table$$Base                      0x0800a114   Number         0  anon$$obj.o(Region$$Table)
    Region$$Table$$Limit                     0x0800a134   Number         0  anon$$obj.o(Region$$Table)
    __aeabi_HUGE_VAL                         0x0800a134   Data           0  fpconst.o(c$$dinf)
    __aeabi_HUGE_VALL                        0x0800a134   Data           0  fpconst.o(c$$dinf)
    __aeabi_INFINITY                         0x0800a134   Data           0  fpconst.o(c$$dinf)
    __dInf                                   0x0800a134   Data           0  fpconst.o(c$$dinf)
    __huge_val                               0x0800a134   Data           0  fpconst.o(c$$dinf)
    __dbl_max                                0x0800a13c   Data           0  fpconst.o(c$$dmax)
    __ctype                                  0x0800a151   Data           0  lc_ctype_c.o(locale$$data)
    speed_left                               0x20000000   Data           4  main.o(.data)
    speed_right                              0x20000004   Data           4  main.o(.data)
    out_left                                 0x20000008   Data           4  main.o(.data)
    out_right                                0x2000000c   Data           4  main.o(.data)
    dob_ff_left                              0x20000010   Data           4  main.o(.data)
    dob_ff_right                             0x20000014   Data           4  main.o(.data)
    battery_voltage                          0x20000018   Data           4  main.o(.data)
    last_pid_tick                            0x2000001c   Data           4  main.o(.data)
    last_print_tick                          0x20000020   Data           4  main.o(.data)
    last_heartbeat_tick                      0x20000024   Data           4  main.o(.data)
    last_iwdg_tick                           0x20000028   Data           4  main.o(.data)
    last_telem_tick                          0x2000002c   Data           4  main.o(.data)
    last_autotune_print                      0x20000030   Data           4  main.o(.data)
    __stdout                                 0x20000050   Data           4  main.o(.data)
    SystemCoreClock                          0x20000054   Data           4  system_stm32f4xx.o(.data)
    pwm_dma_buf                              0x20000080   Data           4  bsp_motor.o(.data)
    rx_flag                                  0x20000084   Data           1  bsp_protocol.o(.data)
    rx_len                                   0x20000086   Data           2  bsp_protocol.o(.data)
    target_speed_left                        0x20000088   Data           4  bsp_protocol.o(.data)
    target_speed_right                       0x2000008c   Data           4  bsp_protocol.o(.data)
    uwTickFreq                               0x200000f4   Data           1  stm32f4xx_hal.o(.data)
    uwTickPrio                               0x200000f8   Data           4  stm32f4xx_hal.o(.data)
    uwTick                                   0x200000fc   Data           4  stm32f4xx_hal.o(.data)
    pid_left                                 0x20000100   Data          84  main.o(.bss)
    pid_right                                0x20000154   Data          84  main.o(.bss)
    autotuner                                0x200001a8   Data          92  main.o(.bss)
    dob_left                                 0x20000204   Data          24  main.o(.bss)
    dob_right                                0x2000021c   Data          24  main.o(.bss)
    cts                                      0x20000234   Data          60  main.o(.bss)
    hadc1                                    0x20000270   Data          72  adc.o(.bss)
    hadc2                                    0x200002b8   Data          72  adc.o(.bss)
    hdma_adc1                                0x20000300   Data          96  adc.o(.bss)
    hiwdg                                    0x20000360   Data          12  iwdg.o(.bss)
    htim1                                    0x2000036c   Data          72  tim.o(.bss)
    htim2                                    0x200003b4   Data          72  tim.o(.bss)
    htim3                                    0x200003fc   Data          72  tim.o(.bss)
    hdma_tim1_ch1                            0x20000444   Data          96  tim.o(.bss)
    hdma_tim1_ch2                            0x200004a4   Data          96  tim.o(.bss)
    huart1                                   0x20000504   Data          72  usart.o(.bss)
    huart2                                   0x2000054c   Data          72  usart.o(.bss)
    hdma_usart2_rx                           0x20000594   Data          96  usart.o(.bss)
    hdma_usart2_tx                           0x200005f4   Data          96  usart.o(.bss)
    adc_dma_buf                              0x20000654   Data          40  bsp_adc.o(.bss)
    rx_buff                                  0x2000067c   Data          64  bsp_protocol.o(.bss)
    __libspace_start                         0x2000071c   Data          96  libspace.o(.bss)
    __temporary_stack_top$libspace           0x2000077c   Data           0  libspace.o(.bss)



==============================================================================

Memory Map of the image

  Image Entry point : 0x08000189

  Load Region LR_IROM1 (Base: 0x08000000, Size: 0x0000a370, Max: 0x00100000, ABSOLUTE)

    Execution Region ER_IROM1 (Exec base: 0x08000000, Load base: 0x08000000, Size: 0x0000a270, Max: 0x00100000, ABSOLUTE)

    Exec Addr    Load Addr    Size         Type   Attr      Idx    E Section Name        Object

    0x08000000   0x08000000   0x00000188   Data   RO            3    RESET               startup_stm32f407xx.o
    0x08000188   0x08000188   0x00000008   Code   RO         4149  * !!!main             c_w.l(__main.o)
    0x08000190   0x08000190   0x00000034   Code   RO         4506    !!!scatter          c_w.l(__scatter.o)
    0x080001c4   0x080001c4   0x0000001a   Code   RO         4508    !!handler_copy      c_w.l(__scatter_copy.o)
    0x080001de   0x080001de   0x00000002   PAD
    0x080001e0   0x080001e0   0x0000001c   Code   RO         4510    !!handler_zi        c_w.l(__scatter_zi.o)
    0x080001fc   0x080001fc   0x00000000   Code   RO         4130    .ARM.Collect$$_printf_percent$$00000000  c_w.l(_printf_percent.o)
    0x080001fc   0x080001fc   0x00000006   Code   RO         4129    .ARM.Collect$$_printf_percent$$00000003  c_w.l(_printf_f.o)
    0x08000202   0x08000202   0x00000006   Code   RO         4127    .ARM.Collect$$_printf_percent$$00000009  c_w.l(_printf_d.o)
    0x08000208   0x08000208   0x00000006   Code   RO         4128    .ARM.Collect$$_printf_percent$$0000000A  c_w.l(_printf_u.o)
    0x0800020e   0x0800020e   0x00000006   Code   RO         4126    .ARM.Collect$$_printf_percent$$0000000C  c_w.l(_printf_x.o)
    0x08000214   0x08000214   0x00000006   Code   RO         4125    .ARM.Collect$$_printf_percent$$00000014  c_w.l(_printf_s.o)
    0x0800021a   0x0800021a   0x00000004   Code   RO         4179    .ARM.Collect$$_printf_percent$$00000017  c_w.l(_printf_percent_end.o)
    0x0800021e   0x0800021e   0x00000002   Code   RO         4310    .ARM.Collect$$libinit$$00000000  c_w.l(libinit.o)
    0x08000220   0x08000220   0x00000004   Code   RO         4311    .ARM.Collect$$libinit$$00000001  c_w.l(libinit2.o)
    0x08000224   0x08000224   0x00000000   Code   RO         4314    .ARM.Collect$$libinit$$00000004  c_w.l(libinit2.o)
    0x08000224   0x08000224   0x00000000   Code   RO         4317    .ARM.Collect$$libinit$$0000000A  c_w.l(libinit2.o)
    0x08000224   0x08000224   0x00000000   Code   RO         4319    .ARM.Collect$$libinit$$0000000C  c_w.l(libinit2.o)
    0x08000224   0x08000224   0x00000000   Code   RO         4321    .ARM.Collect$$libinit$$0000000E  c_w.l(libinit2.o)
    0x08000224   0x08000224   0x00000006   Code   RO         4322    .ARM.Collect$$libinit$$0000000F  c_w.l(libinit2.o)
    0x0800022a   0x0800022a   0x00000000   Code   RO         4324    .ARM.Collect$$libinit$$00000011  c_w.l(libinit2.o)
    0x0800022a   0x0800022a   0x0000000c   Code   RO         4325    .ARM.Collect$$libinit$$00000012  c_w.l(libinit2.o)
    0x08000236   0x08000236   0x00000000   Code   RO         4326    .ARM.Collect$$libinit$$00000013  c_w.l(libinit2.o)
    0x08000236   0x08000236   0x00000000   Code   RO         4328    .ARM.Collect$$libinit$$00000015  c_w.l(libinit2.o)
    0x08000236   0x08000236   0x0000000a   Code   RO         4329    .ARM.Collect$$libinit$$00000016  c_w.l(libinit2.o)
    0x08000240   0x08000240   0x00000000   Code   RO         4330    .ARM.Collect$$libinit$$00000017  c_w.l(libinit2.o)
    0x08000240   0x08000240   0x00000000   Code   RO         4332    .ARM.Collect$$libinit$$00000019  c_w.l(libinit2.o)
    0x08000240   0x08000240   0x00000000   Code   RO         4334    .ARM.Collect$$libinit$$0000001B  c_w.l(libinit2.o)
    0x08000240   0x08000240   0x00000000   Code   RO         4336    .ARM.Collect$$libinit$$0000001D  c_w.l(libinit2.o)
    0x08000240   0x08000240   0x00000000   Code   RO         4338    .ARM.Collect$$libinit$$0000001F  c_w.l(libinit2.o)
    0x08000240   0x08000240   0x00000000   Code   RO         4340    .ARM.Collect$$libinit$$00000021  c_w.l(libinit2.o)
    0x08000240   0x08000240   0x00000000   Code   RO         4342    .ARM.Collect$$libinit$$00000023  c_w.l(libinit2.o)
    0x08000240   0x08000240   0x00000000   Code   RO         4344    .ARM.Collect$$libinit$$00000025  c_w.l(libinit2.o)
    0x08000240   0x08000240   0x00000000   Code   RO         4348    .ARM.Collect$$libinit$$0000002C  c_w.l(libinit2.o)
    0x08000240   0x08000240   0x00000000   Code   RO         4350    .ARM.Collect$$libinit$$0000002E  c_w.l(libinit2.o)
    0x08000240   0x08000240   0x00000000   Code   RO         4352    .ARM.Collect$$libinit$$00000030  c_w.l(libinit2.o)
    0x08000240   0x08000240   0x00000000   Code   RO         4354    .ARM.Collect$$libinit$$00000032  c_w.l(libinit2.o)
    0x08000240   0x08000240   0x00000002   Code   RO         4355    .ARM.Collect$$libinit$$00000033  c_w.l(libinit2.o)
    0x08000242   0x08000242   0x00000002   Code   RO         4454    .ARM.Collect$$libshutdown$$00000000  c_w.l(libshutdown.o)
    0x08000244   0x08000244   0x00000000   Code   RO         4485    .ARM.Collect$$libshutdown$$00000002  c_w.l(libshutdown2.o)
    0x08000244   0x08000244   0x00000000   Code   RO         4487    .ARM.Collect$$libshutdown$$00000004  c_w.l(libshutdown2.o)
    0x08000244   0x08000244   0x00000000   Code   RO         4490    .ARM.Collect$$libshutdown$$00000007  c_w.l(libshutdown2.o)
    0x08000244   0x08000244   0x00000000   Code   RO         4493    .ARM.Collect$$libshutdown$$0000000A  c_w.l(libshutdown2.o)
    0x08000244   0x08000244   0x00000000   Code   RO         4495    .ARM.Collect$$libshutdown$$0000000C  c_w.l(libshutdown2.o)
    0x08000244   0x08000244   0x00000000   Code   RO         4498    .ARM.Collect$$libshutdown$$0000000F  c_w.l(libshutdown2.o)
    0x08000244   0x08000244   0x00000002   Code   RO         4499    .ARM.Collect$$libshutdown$$00000010  c_w.l(libshutdown2.o)
    0x08000246   0x08000246   0x00000000   Code   RO         4159    .ARM.Collect$$rtentry$$00000000  c_w.l(__rtentry.o)
    0x08000246   0x08000246   0x00000000   Code   RO         4199    .ARM.Collect$$rtentry$$00000002  c_w.l(__rtentry2.o)
    0x08000246   0x08000246   0x00000006   Code   RO         4211    .ARM.Collect$$rtentry$$00000004  c_w.l(__rtentry4.o)
    0x0800024c   0x0800024c   0x00000000   Code   RO         4201    .ARM.Collect$$rtentry$$00000009  c_w.l(__rtentry2.o)
    0x0800024c   0x0800024c   0x00000004   Code   RO         4202    .ARM.Collect$$rtentry$$0000000A  c_w.l(__rtentry2.o)
    0x08000250   0x08000250   0x00000000   Code   RO         4204    .ARM.Collect$$rtentry$$0000000C  c_w.l(__rtentry2.o)
    0x08000250   0x08000250   0x00000008   Code   RO         4205    .ARM.Collect$$rtentry$$0000000D  c_w.l(__rtentry2.o)
    0x08000258   0x08000258   0x00000002   Code   RO         4368    .ARM.Collect$$rtexit$$00000000  c_w.l(rtexit.o)
    0x0800025a   0x0800025a   0x00000000   Code   RO         4409    .ARM.Collect$$rtexit$$00000002  c_w.l(rtexit2.o)
    0x0800025a   0x0800025a   0x00000004   Code   RO         4410    .ARM.Collect$$rtexit$$00000003  c_w.l(rtexit2.o)
    0x0800025e   0x0800025e   0x00000006   Code   RO         4411    .ARM.Collect$$rtexit$$00000004  c_w.l(rtexit2.o)
    0x08000264   0x08000264   0x00000040   Code   RO            4    .text               startup_stm32f407xx.o
    0x080002a4   0x080002a4   0x00000002   Code   RO         4068    .text               c_w.l(use_no_semi_2.o)
    0x080002a6   0x080002a6   0x000000ee   Code   RO         4070    .text               c_w.l(lludivv7m.o)
    0x08000394   0x08000394   0x00000018   Code   RO         4074    .text               c_w.l(noretval__2printf.o)
    0x080003ac   0x080003ac   0x0000004e   Code   RO         4078    .text               c_w.l(_printf_pad.o)
    0x080003fa   0x080003fa   0x00000052   Code   RO         4080    .text               c_w.l(_printf_str.o)
    0x0800044c   0x0800044c   0x00000078   Code   RO         4082    .text               c_w.l(_printf_dec.o)
    0x080004c4   0x080004c4   0x00000058   Code   RO         4087    .text               c_w.l(_printf_hex_int.o)
    0x0800051c   0x0800051c   0x00000188   Code   RO         4122    .text               c_w.l(__printf_flags_ss_wp.o)
    0x080006a4   0x080006a4   0x0000003c   Code   RO         4131    .text               c_w.l(__0sscanf.o)
    0x080006e0   0x080006e0   0x0000014c   Code   RO         4133    .text               c_w.l(_scanf_int.o)
    0x0800082c   0x0800082c   0x00000070   Code   RO         4135    .text               c_w.l(strtol.o)
    0x0800089c   0x0800089c   0x0000003e   Code   RO         4137    .text               c_w.l(strlen.o)
    0x080008da   0x080008da   0x00000096   Code   RO         4139    .text               c_w.l(strncmp.o)
    0x08000970   0x08000970   0x00000044   Code   RO         4141    .text               c_w.l(rt_memclr.o)
    0x080009b4   0x080009b4   0x0000004e   Code   RO         4143    .text               c_w.l(rt_memclr_w.o)
    0x08000a02   0x08000a02   0x00000056   Code   RO         4145    .text               c_w.l(strncpy.o)
    0x08000a58   0x08000a58   0x00000006   Code   RO         4147    .text               c_w.l(heapauxi.o)
    0x08000a5e   0x08000a5e   0x00000002   Code   RO         4157    .text               c_w.l(use_no_semi.o)
    0x08000a60   0x08000a60   0x00000010   Code   RO         4160    .text               c_w.l(rt_ctype_table.o)
    0x08000a70   0x08000a70   0x00000008   Code   RO         4169    .text               c_w.l(rt_errno_addr_intlibspace.o)
    0x08000a78   0x08000a78   0x000000b2   Code   RO         4171    .text               c_w.l(_printf_intcommon.o)
    0x08000b2a   0x08000b2a   0x0000041e   Code   RO         4173    .text               c_w.l(_printf_fp_dec.o)
    0x08000f48   0x08000f48   0x0000002c   Code   RO         4175    .text               c_w.l(_printf_char.o)
    0x08000f74   0x08000f74   0x00000024   Code   RO         4177    .text               c_w.l(_printf_char_file.o)
    0x08000f98   0x08000f98   0x0000001c   Code   RO         4180    .text               c_w.l(_chval.o)
    0x08000fb4   0x08000fb4   0x000004f8   Code   RO         4182    .text               c_w.l(scanf_fp.o)
    0x080014ac   0x080014ac   0x0000002c   Code   RO         4184    .text               c_w.l(scanf_char.o)
    0x080014d8   0x080014d8   0x00000040   Code   RO         4186    .text               c_w.l(_sgetc.o)
    0x08001518   0x08001518   0x0000009e   Code   RO         4188    .text               c_w.l(_strtoul.o)
    0x080015b6   0x080015b6   0x00000002   PAD
    0x080015b8   0x080015b8   0x00000008   Code   RO         4195    .text               c_w.l(libspace.o)
    0x080015c0   0x080015c0   0x00000008   Code   RO         4218    .text               c_w.l(rt_locale_intlibspace.o)
    0x080015c8   0x080015c8   0x0000008a   Code   RO         4220    .text               c_w.l(lludiv10.o)
    0x08001652   0x08001652   0x00000012   Code   RO         4222    .text               c_w.l(isspace.o)
    0x08001664   0x08001664   0x00000030   Code   RO         4224    .text               c_w.l(_printf_char_common.o)
    0x08001694   0x08001694   0x00000080   Code   RO         4226    .text               c_w.l(_printf_fp_infnan.o)
    0x08001714   0x08001714   0x00000374   Code   RO         4228    .text               c_w.l(_scanf.o)
    0x08001a88   0x08001a88   0x000000e4   Code   RO         4230    .text               c_w.l(bigflt0.o)
    0x08001b6c   0x08001b6c   0x00000008   Code   RO         4255    .text               c_w.l(ferror.o)
    0x08001b74   0x08001b74   0x0000004a   Code   RO         4287    .text               c_w.l(sys_stackheap_outer.o)
    0x08001bbe   0x08001bbe   0x00000016   Code   RO         4289    .text               c_w.l(_rserrno.o)
    0x08001bd4   0x08001bd4   0x00000320   Code   RO         4293    .text               c_w.l(scanf_hexfp.o)
    0x08001ef4   0x08001ef4   0x00000134   Code   RO         4295    .text               c_w.l(scanf_infnan.o)
    0x08002028   0x08002028   0x00000012   Code   RO         4297    .text               c_w.l(exit.o)
    0x0800203a   0x0800203a   0x00000002   PAD
    0x0800203c   0x0800203c   0x00000080   Code   RO         4303    .text               c_w.l(strcmpv7m.o)
    0x080020bc   0x080020bc   0x00000026   Code   RO         4372    .text               c_w.l(llshl.o)
    0x080020e2   0x080020e2   0x0000003e   Code   RO         4233    CL$$btod_d2e        c_w.l(btod.o)
    0x08002120   0x08002120   0x00000046   Code   RO         4235    CL$$btod_d2e_denorm_low  c_w.l(btod.o)
    0x08002166   0x08002166   0x00000060   Code   RO         4234    CL$$btod_d2e_norm_op1  c_w.l(btod.o)
    0x080021c6   0x080021c6   0x00000338   Code   RO         4243    CL$$btod_div_common  c_w.l(btod.o)
    0x080024fe   0x080024fe   0x00000002   PAD
    0x08002500   0x08002500   0x00000084   Code   RO         4241    CL$$btod_e2d        c_w.l(btod.o)
    0x08002584   0x08002584   0x000000dc   Code   RO         4240    CL$$btod_e2e        c_w.l(btod.o)
    0x08002660   0x08002660   0x0000002a   Code   RO         4237    CL$$btod_ediv       c_w.l(btod.o)
    0x0800268a   0x0800268a   0x0000002a   Code   RO         4239    CL$$btod_edivd      c_w.l(btod.o)
    0x080026b4   0x080026b4   0x0000002a   Code   RO         4236    CL$$btod_emul       c_w.l(btod.o)
    0x080026de   0x080026de   0x0000002a   Code   RO         4238    CL$$btod_emuld      c_w.l(btod.o)
    0x08002708   0x08002708   0x00000244   Code   RO         4242    CL$$btod_mult_common  c_w.l(btod.o)
    0x0800294c   0x0800294c   0x0000006e   Code   RO         1278    i.ADC_DMAConvCplt   stm32f4xx_hal_adc.o
    0x080029ba   0x080029ba   0x00000016   Code   RO         1279    i.ADC_DMAError      stm32f4xx_hal_adc.o
    0x080029d0   0x080029d0   0x0000000a   Code   RO         1280    i.ADC_DMAHalfConvCplt  stm32f4xx_hal_adc.o
    0x080029da   0x080029da   0x00000002   PAD
    0x080029dc   0x080029dc   0x00000128   Code   RO         1281    i.ADC_Init          stm32f4xx_hal_adc.o
    0x08002b04   0x08002b04   0x00000038   Code   RO         1123    i.AT_Abort          pid_autotune.o
    0x08002b3c   0x08002b3c   0x00000010   Code   RO         1125    i.AT_Init           pid_autotune.o
    0x08002b4c   0x08002b4c   0x00000014   Code   RO         1126    i.AT_Is_Active      pid_autotune.o
    0x08002b60   0x08002b60   0x00000204   Code   RO         1128    i.AT_Start          pid_autotune.o
    0x08002d64   0x08002d64   0x0000007c   Code   RO         1129    i.AT_State_Name     pid_autotune.o
    0x08002de0   0x08002de0   0x00000848   Code   RO         1130    i.AT_Tick           pid_autotune.o
    0x08003628   0x08003628   0x00000014   Code   RO          705    i.BSP_ADC_Init      bsp_adc.o
    0x0800363c   0x0800363c   0x00000094   Code   RO          706    i.BSP_Get_Battery_Voltage  bsp_adc.o
    0x080036d0   0x080036d0   0x0000002c   Code   RO           13    i.BootMarker        main.o
    0x080036fc   0x080036fc   0x00000002   Code   RO          497    i.BusFault_Handler  stm32f4xx_it.o
    0x080036fe   0x080036fe   0x00000002   PAD
    0x08003700   0x08003700   0x0000008c   Code   RO         1232    i.CTS_Init          cross_track.o
    0x0800378c   0x0800378c   0x0000002c   Code   RO         1233    i.CTS_Reset         cross_track.o
    0x080037b8   0x080037b8   0x000002f0   Code   RO         1234    i.CTS_Update        cross_track.o
    0x08003aa8   0x08003aa8   0x0000033c   Code   RO          939    i.Cmd_HELP          bsp_debug.o
    0x08003de4   0x08003de4   0x00000230   Code   RO          940    i.Cmd_INFO          bsp_debug.o
    0x08004014   0x08004014   0x00000128   Code   RO          941    i.Cmd_SEND          bsp_debug.o
    0x0800413c   0x0800413c   0x000005d0   Code   RO          942    i.Cmd_STATUS        bsp_debug.o
    0x0800470c   0x0800470c   0x00000104   Code   RO          943    i.Cmd_TEST          bsp_debug.o
    0x08004810   0x08004810   0x00000404   Code   RO          944    i.Cmd_TUNE          bsp_debug.o
    0x08004c14   0x08004c14   0x0000000c   Code   RO          498    i.DMA1_Stream5_IRQHandler  stm32f4xx_it.o
    0x08004c20   0x08004c20   0x0000000c   Code   RO          499    i.DMA1_Stream6_IRQHandler  stm32f4xx_it.o
    0x08004c2c   0x08004c2c   0x0000000c   Code   RO          500    i.DMA2_Stream0_IRQHandler  stm32f4xx_it.o
    0x08004c38   0x08004c38   0x0000000c   Code   RO          501    i.DMA2_Stream1_IRQHandler  stm32f4xx_it.o
    0x08004c44   0x08004c44   0x0000000c   Code   RO          502    i.DMA2_Stream2_IRQHandler  stm32f4xx_it.o
    0x08004c50   0x08004c50   0x00000028   Code   RO         2012    i.DMA_CalcBaseAndBitshift  stm32f4xx_hal_dma.o
    0x08004c78   0x08004c78   0x00000054   Code   RO         2013    i.DMA_CheckFifoParam  stm32f4xx_hal_dma.o
    0x08004ccc   0x08004ccc   0x00000028   Code   RO         2014    i.DMA_SetConfig     stm32f4xx_hal_dma.o
    0x08004cf4   0x08004cf4   0x00000078   Code   RO         1197    i.DOB_Init          pid_disturbance.o
    0x08004d6c   0x08004d6c   0x00000028   Code   RO         1198    i.DOB_Reset         pid_disturbance.o
    0x08004d94   0x08004d94   0x000000a0   Code   RO         1199    i.DOB_Update        pid_disturbance.o
    0x08004e34   0x08004e34   0x00000002   Code   RO          503    i.DebugMon_Handler  stm32f4xx_it.o
    0x08004e36   0x08004e36   0x00000002   PAD
    0x08004e38   0x08004e38   0x00000030   Code   RO          945    i.Debug_Init        bsp_debug.o
    0x08004e68   0x08004e68   0x00000488   Code   RO          946    i.Debug_Process     bsp_debug.o
    0x080052f0   0x080052f0   0x00000040   Code   RO         1029    i.Diag_Heartbeat_Init  bsp_diag.o
    0x08005330   0x08005330   0x00000010   Code   RO         1030    i.Diag_Heartbeat_Toggle  bsp_diag.o
    0x08005340   0x08005340   0x0000000c   Code   RO          743    i.Encoder_Get_Cumulative_Left  bsp_encoder.o
    0x0800534c   0x0800534c   0x0000000c   Code   RO          744    i.Encoder_Get_Cumulative_Right  bsp_encoder.o
    0x08005358   0x08005358   0x0000000c   Code   RO          745    i.Encoder_Get_Left_Outlier_Count  bsp_encoder.o
    0x08005364   0x08005364   0x0000000c   Code   RO          746    i.Encoder_Get_Left_Raw_Delta  bsp_encoder.o
    0x08005370   0x08005370   0x000000c0   Code   RO          747    i.Encoder_Get_Left_Speed  bsp_encoder.o
    0x08005430   0x08005430   0x0000000c   Code   RO          748    i.Encoder_Get_Right_Outlier_Count  bsp_encoder.o
    0x0800543c   0x0800543c   0x0000000c   Code   RO          749    i.Encoder_Get_Right_Raw_Delta  bsp_encoder.o
    0x08005448   0x08005448   0x000000b8   Code   RO          750    i.Encoder_Get_Right_Speed  bsp_encoder.o
    0x08005500   0x08005500   0x00000088   Code   RO          751    i.Encoder_Init      bsp_encoder.o
    0x08005588   0x08005588   0x00000024   Code   RO          752    i.Encoder_Reset_Filters  bsp_encoder.o
    0x080055ac   0x080055ac   0x00000006   Code   RO           14    i.Error_Handler     main.o
    0x080055b2   0x080055b2   0x00000002   PAD
    0x080055b4   0x080055b4   0x00000054   Code   RO         1459    i.HAL_ADCEx_MultiModeConfigChannel  stm32f4xx_hal_adc_ex.o
    0x08005608   0x08005608   0x0000014c   Code   RO         1283    i.HAL_ADC_ConfigChannel  stm32f4xx_hal_adc.o
    0x08005754   0x08005754   0x00000002   Code   RO         1284    i.HAL_ADC_ConvCpltCallback  stm32f4xx_hal_adc.o
    0x08005756   0x08005756   0x00000002   Code   RO         1285    i.HAL_ADC_ConvHalfCpltCallback  stm32f4xx_hal_adc.o
    0x08005758   0x08005758   0x00000002   Code   RO         1287    i.HAL_ADC_ErrorCallback  stm32f4xx_hal_adc.o
    0x0800575a   0x0800575a   0x00000054   Code   RO         1292    i.HAL_ADC_Init      stm32f4xx_hal_adc.o
    0x080057ae   0x080057ae   0x00000002   PAD
    0x080057b0   0x080057b0   0x000000f8   Code   RO          276    i.HAL_ADC_MspInit   adc.o
    0x080058a8   0x080058a8   0x00000158   Code   RO         1299    i.HAL_ADC_Start_DMA  stm32f4xx_hal_adc.o
    0x08005a00   0x08005a00   0x00000092   Code   RO         2015    i.HAL_DMA_Abort     stm32f4xx_hal_dma.o
    0x08005a92   0x08005a92   0x00000024   Code   RO         2016    i.HAL_DMA_Abort_IT  stm32f4xx_hal_dma.o
    0x08005ab6   0x08005ab6   0x00000002   PAD
    0x08005ab8   0x08005ab8   0x000001a0   Code   RO         2020    i.HAL_DMA_IRQHandler  stm32f4xx_hal_dma.o
    0x08005c58   0x08005c58   0x000000d4   Code   RO         2021    i.HAL_DMA_Init      stm32f4xx_hal_dma.o
    0x08005d2c   0x08005d2c   0x0000006e   Code   RO         2025    i.HAL_DMA_Start_IT  stm32f4xx_hal_dma.o
    0x08005d9a   0x08005d9a   0x00000002   PAD
    0x08005d9c   0x08005d9c   0x000001f0   Code   RO         1908    i.HAL_GPIO_Init     stm32f4xx_hal_gpio.o
    0x08005f8c   0x08005f8c   0x0000000a   Code   RO         1912    i.HAL_GPIO_WritePin  stm32f4xx_hal_gpio.o
    0x08005f96   0x08005f96   0x00000002   PAD
    0x08005f98   0x08005f98   0x0000000c   Code   RO         2458    i.HAL_GetTick       stm32f4xx_hal.o
    0x08005fa4   0x08005fa4   0x0000005e   Code   RO         2703    i.HAL_IWDG_Init     stm32f4xx_hal_iwdg.o
    0x08006002   0x08006002   0x0000000c   Code   RO         2704    i.HAL_IWDG_Refresh  stm32f4xx_hal_iwdg.o
    0x0800600e   0x0800600e   0x00000002   PAD
    0x08006010   0x08006010   0x00000010   Code   RO         2464    i.HAL_IncTick       stm32f4xx_hal.o
    0x08006020   0x08006020   0x00000034   Code   RO         2465    i.HAL_Init          stm32f4xx_hal.o
    0x08006054   0x08006054   0x00000040   Code   RO         2466    i.HAL_InitTick      stm32f4xx_hal.o
    0x08006094   0x08006094   0x00000030   Code   RO          643    i.HAL_MspInit       stm32f4xx_hal_msp.o
    0x080060c4   0x080060c4   0x0000001a   Code   RO         2300    i.HAL_NVIC_EnableIRQ  stm32f4xx_hal_cortex.o
    0x080060de   0x080060de   0x00000002   PAD
    0x080060e0   0x080060e0   0x00000040   Code   RO         2306    i.HAL_NVIC_SetPriority  stm32f4xx_hal_cortex.o
    0x08006120   0x08006120   0x00000024   Code   RO         2307    i.HAL_NVIC_SetPriorityGrouping  stm32f4xx_hal_cortex.o
    0x08006144   0x08006144   0x00000002   Code   RO         1553    i.HAL_RCC_CSSCallback  stm32f4xx_hal_rcc.o
    0x08006146   0x08006146   0x00000002   PAD
    0x08006148   0x08006148   0x00000040   Code   RO         1558    i.HAL_RCC_GetClockConfig  stm32f4xx_hal_rcc.o
    0x08006188   0x08006188   0x0000000c   Code   RO         1559    i.HAL_RCC_GetHCLKFreq  stm32f4xx_hal_rcc.o
    0x08006194   0x08006194   0x00000020   Code   RO         1561    i.HAL_RCC_GetPCLK1Freq  stm32f4xx_hal_rcc.o
    0x080061b4   0x080061b4   0x00000020   Code   RO         1562    i.HAL_RCC_GetPCLK2Freq  stm32f4xx_hal_rcc.o
    0x080061d4   0x080061d4   0x00000064   Code   RO         1563    i.HAL_RCC_GetSysClockFreq  stm32f4xx_hal_rcc.o
    0x08006238   0x08006238   0x0000001c   Code   RO         1565    i.HAL_RCC_NMI_IRQHandler  stm32f4xx_hal_rcc.o
    0x08006254   0x08006254   0x00000028   Code   RO         2311    i.HAL_SYSTICK_Config  stm32f4xx_hal_cortex.o
    0x0800627c   0x0800627c   0x00000002   Code   RO         3439    i.HAL_TIMEx_BreakCallback  stm32f4xx_hal_tim_ex.o
    0x0800627e   0x0800627e   0x00000002   Code   RO         3440    i.HAL_TIMEx_CommutCallback  stm32f4xx_hal_tim_ex.o
    0x08006280   0x08006280   0x00000054   Code   RO         3442    i.HAL_TIMEx_ConfigBreakDeadTime  stm32f4xx_hal_tim_ex.o
    0x080062d4   0x080062d4   0x00000090   Code   RO         3458    i.HAL_TIMEx_MasterConfigSynchronization  stm32f4xx_hal_tim_ex.o
    0x08006364   0x08006364   0x0000005a   Code   RO         2735    i.HAL_TIM_Base_Init  stm32f4xx_hal_tim.o
    0x080063be   0x080063be   0x00000002   PAD
    0x080063c0   0x080063c0   0x000000b8   Code   RO          378    i.HAL_TIM_Base_MspInit  tim.o
    0x08006478   0x08006478   0x000000dc   Code   RO         2744    i.HAL_TIM_ConfigClockSource  stm32f4xx_hal_tim.o
    0x08006554   0x08006554   0x000000a4   Code   RO         2756    i.HAL_TIM_Encoder_Init  stm32f4xx_hal_tim.o
    0x080065f8   0x080065f8   0x00000100   Code   RO          380    i.HAL_TIM_Encoder_MspInit  tim.o
    0x080066f8   0x080066f8   0x0000008e   Code   RO         2759    i.HAL_TIM_Encoder_Start  stm32f4xx_hal_tim.o
    0x08006786   0x08006786   0x00000002   Code   RO         2765    i.HAL_TIM_ErrorCallback  stm32f4xx_hal_tim.o
    0x08006788   0x08006788   0x00000002   Code   RO         2769    i.HAL_TIM_IC_CaptureCallback  stm32f4xx_hal_tim.o
    0x0800678a   0x0800678a   0x00000130   Code   RO         2783    i.HAL_TIM_IRQHandler  stm32f4xx_hal_tim.o
    0x080068ba   0x080068ba   0x00000002   PAD
    0x080068bc   0x080068bc   0x00000054   Code   RO          381    i.HAL_TIM_MspPostInit  tim.o
    0x08006910   0x08006910   0x00000002   Code   RO         2786    i.HAL_TIM_OC_DelayElapsedCallback  stm32f4xx_hal_tim.o
    0x08006912   0x08006912   0x000000cc   Code   RO         2807    i.HAL_TIM_PWM_ConfigChannel  stm32f4xx_hal_tim.o
    0x080069de   0x080069de   0x0000005a   Code   RO         2810    i.HAL_TIM_PWM_Init  stm32f4xx_hal_tim.o
    0x08006a38   0x08006a38   0x00000002   Code   RO         2812    i.HAL_TIM_PWM_MspInit  stm32f4xx_hal_tim.o
    0x08006a3a   0x08006a3a   0x00000002   Code   RO         2813    i.HAL_TIM_PWM_PulseFinishedCallback  stm32f4xx_hal_tim.o
    0x08006a3c   0x08006a3c   0x00000002   Code   RO         2814    i.HAL_TIM_PWM_PulseFinishedHalfCpltCallback  stm32f4xx_hal_tim.o
    0x08006a3e   0x08006a3e   0x00000002   PAD
    0x08006a40   0x08006a40   0x000001c0   Code   RO         2816    i.HAL_TIM_PWM_Start_DMA  stm32f4xx_hal_tim.o
    0x08006c00   0x08006c00   0x00000002   Code   RO         2821    i.HAL_TIM_PeriodElapsedCallback  stm32f4xx_hal_tim.o
    0x08006c02   0x08006c02   0x00000002   Code   RO         2826    i.HAL_TIM_TriggerCallback  stm32f4xx_hal_tim.o
    0x08006c04   0x08006c04   0x0000004a   Code   RO         3716    i.HAL_UARTEx_ReceiveToIdle_DMA  stm32f4xx_hal_uart.o
    0x08006c4e   0x08006c4e   0x00000002   Code   RO         3718    i.HAL_UARTEx_RxEventCallback  stm32f4xx_hal_uart.o
    0x08006c50   0x08006c50   0x00000002   Code   RO         3732    i.HAL_UART_ErrorCallback  stm32f4xx_hal_uart.o
    0x08006c52   0x08006c52   0x00000002   PAD
    0x08006c54   0x08006c54   0x00000280   Code   RO         3735    i.HAL_UART_IRQHandler  stm32f4xx_hal_uart.o
    0x08006ed4   0x08006ed4   0x00000064   Code   RO         3736    i.HAL_UART_Init     stm32f4xx_hal_uart.o
    0x08006f38   0x08006f38   0x00000140   Code   RO          450    i.HAL_UART_MspInit  usart.o
    0x08007078   0x08007078   0x0000001c   Code   RO         3741    i.HAL_UART_Receive_IT  stm32f4xx_hal_uart.o
    0x08007094   0x08007094   0x00000064   Code   RO          947    i.HAL_UART_RxCpltCallback  bsp_debug.o
    0x080070f8   0x080070f8   0x00000002   Code   RO         3743    i.HAL_UART_RxHalfCpltCallback  stm32f4xx_hal_uart.o
    0x080070fa   0x080070fa   0x000000a0   Code   RO         3744    i.HAL_UART_Transmit  stm32f4xx_hal_uart.o
    0x0800719a   0x0800719a   0x00000002   PAD
    0x0800719c   0x0800719c   0x00000084   Code   RO         3745    i.HAL_UART_Transmit_DMA  stm32f4xx_hal_uart.o
    0x08007220   0x08007220   0x00000018   Code   RO          869    i.HAL_UART_TxCpltCallback  bsp_protocol.o
    0x08007238   0x08007238   0x00000002   Code   RO         3748    i.HAL_UART_TxHalfCpltCallback  stm32f4xx_hal_uart.o
    0x0800723a   0x0800723a   0x00000002   Code   RO          504    i.HardFault_Handler  stm32f4xx_it.o
    0x0800723c   0x0800723c   0x00000088   Code   RO          277    i.MX_ADC1_Init      adc.o
    0x080072c4   0x080072c4   0x00000058   Code   RO          278    i.MX_ADC2_Init      adc.o
    0x0800731c   0x0800731c   0x0000007c   Code   RO          323    i.MX_DMA_Init       dma.o
    0x08007398   0x08007398   0x0000017c   Code   RO          251    i.MX_GPIO_Init      gpio.o
    0x08007514   0x08007514   0x0000002c   Code   RO          347    i.MX_IWDG_Init      iwdg.o
    0x08007540   0x08007540   0x000000dc   Code   RO          382    i.MX_TIM1_Init      tim.o
    0x0800761c   0x0800761c   0x0000006c   Code   RO          383    i.MX_TIM2_Init      tim.o
    0x08007688   0x08007688   0x0000006c   Code   RO          384    i.MX_TIM3_Init      tim.o
    0x080076f4   0x080076f4   0x00000038   Code   RO          452    i.MX_USART2_UART_Init  usart.o
    0x0800772c   0x0800772c   0x00000002   Code   RO          505    i.MemManage_Handler  stm32f4xx_it.o
    0x0800772e   0x0800772e   0x00000002   PAD
    0x08007730   0x08007730   0x00000044   Code   RO          832    i.Motor_Init        bsp_motor.o
    0x08007774   0x08007774   0x000000f0   Code   RO          833    i.Motor_Set_PWM     bsp_motor.o
    0x08007864   0x08007864   0x00000006   Code   RO          506    i.NMI_Handler       stm32f4xx_it.o
    0x0800786a   0x0800786a   0x00000002   PAD
    0x0800786c   0x0800786c   0x000003c8   Code   RO         1073    i.PID_Calc          pid.o
    0x08007c34   0x08007c34   0x00000020   Code   RO         1074    i.PID_Get_Gain_Entry  pid.o
    0x08007c54   0x08007c54   0x00000018   Code   RO         1075    i.PID_Get_Gain_Entry_Mutable  pid.o
    0x08007c6c   0x08007c6c   0x00000068   Code   RO         1076    i.PID_Init          pid.o
    0x08007cd4   0x08007cd4   0x0000002c   Code   RO         1077    i.PID_Reset         pid.o
    0x08007d00   0x08007d00   0x00000002   Code   RO          507    i.PendSV_Handler    stm32f4xx_it.o
    0x08007d02   0x08007d02   0x00000002   PAD
    0x08007d04   0x08007d04   0x00000034   Code   RO          870    i.Protocol_Init     bsp_protocol.o
    0x08007d38   0x08007d38   0x00000214   Code   RO          871    i.Protocol_Process  bsp_protocol.o
    0x08007f4c   0x08007f4c   0x000000a8   Code   RO          872    i.Protocol_Send_Chassis_Status  bsp_protocol.o
    0x08007ff4   0x08007ff4   0x00000002   Code   RO          508    i.SVC_Handler       stm32f4xx_it.o
    0x08007ff6   0x08007ff6   0x00000004   Code   RO          509    i.SysTick_Handler   stm32f4xx_it.o
    0x08007ffa   0x08007ffa   0x00000002   PAD
    0x08007ffc   0x08007ffc   0x00000010   Code   RO          668    i.SystemInit        system_stm32f4xx.o
    0x0800800c   0x0800800c   0x0000000c   Code   RO          510    i.TIM1_UP_TIM10_IRQHandler  stm32f4xx_it.o
    0x08008018   0x08008018   0x0000000c   Code   RO          511    i.TIM2_IRQHandler   stm32f4xx_it.o
    0x08008024   0x08008024   0x000000d0   Code   RO         2828    i.TIM_Base_SetConfig  stm32f4xx_hal_tim.o
    0x080080f4   0x080080f4   0x0000001a   Code   RO         2829    i.TIM_CCxChannelCmd  stm32f4xx_hal_tim.o
    0x0800810e   0x0800810e   0x0000005e   Code   RO         2832    i.TIM_DMADelayPulseCplt  stm32f4xx_hal_tim.o
    0x0800816c   0x0800816c   0x00000038   Code   RO         2833    i.TIM_DMADelayPulseHalfCplt  stm32f4xx_hal_tim.o
    0x080081a4   0x080081a4   0x00000054   Code   RO         2834    i.TIM_DMAError      stm32f4xx_hal_tim.o
    0x080081f8   0x080081f8   0x00000014   Code   RO         2839    i.TIM_ETR_SetConfig  stm32f4xx_hal_tim.o
    0x0800820c   0x0800820c   0x00000010   Code   RO         2840    i.TIM_ITRx_SetConfig  stm32f4xx_hal_tim.o
    0x0800821c   0x0800821c   0x00000060   Code   RO         2841    i.TIM_OC1_SetConfig  stm32f4xx_hal_tim.o
    0x0800827c   0x0800827c   0x0000006c   Code   RO         2842    i.TIM_OC2_SetConfig  stm32f4xx_hal_tim.o
    0x080082e8   0x080082e8   0x00000068   Code   RO         2843    i.TIM_OC3_SetConfig  stm32f4xx_hal_tim.o
    0x08008350   0x08008350   0x00000050   Code   RO         2844    i.TIM_OC4_SetConfig  stm32f4xx_hal_tim.o
    0x080083a0   0x080083a0   0x00000022   Code   RO         2846    i.TIM_TI1_ConfigInputStage  stm32f4xx_hal_tim.o
    0x080083c2   0x080083c2   0x00000024   Code   RO         2848    i.TIM_TI2_ConfigInputStage  stm32f4xx_hal_tim.o
    0x080083e6   0x080083e6   0x0000000e   Code   RO         3749    i.UART_DMAAbortOnError  stm32f4xx_hal_uart.o
    0x080083f4   0x080083f4   0x0000004a   Code   RO         3750    i.UART_DMAError     stm32f4xx_hal_uart.o
    0x0800843e   0x0800843e   0x00000086   Code   RO         3751    i.UART_DMAReceiveCplt  stm32f4xx_hal_uart.o
    0x080084c4   0x080084c4   0x0000001e   Code   RO         3753    i.UART_DMARxHalfCplt  stm32f4xx_hal_uart.o
    0x080084e2   0x080084e2   0x00000042   Code   RO         3755    i.UART_DMATransmitCplt  stm32f4xx_hal_uart.o
    0x08008524   0x08008524   0x0000000a   Code   RO         3757    i.UART_DMATxHalfCplt  stm32f4xx_hal_uart.o
    0x0800852e   0x0800852e   0x0000004e   Code   RO         3759    i.UART_EndRxTransfer  stm32f4xx_hal_uart.o
    0x0800857c   0x0800857c   0x0000001c   Code   RO         3760    i.UART_EndTxTransfer  stm32f4xx_hal_uart.o
    0x08008598   0x08008598   0x000000c2   Code   RO         3761    i.UART_Receive_IT   stm32f4xx_hal_uart.o
    0x0800865a   0x0800865a   0x00000002   PAD
    0x0800865c   0x0800865c   0x0000010c   Code   RO         3762    i.UART_SetConfig    stm32f4xx_hal_uart.o
    0x08008768   0x08008768   0x000000a0   Code   RO         3763    i.UART_Start_Receive_DMA  stm32f4xx_hal_uart.o
    0x08008808   0x08008808   0x00000036   Code   RO         3764    i.UART_Start_Receive_IT  stm32f4xx_hal_uart.o
    0x0800883e   0x0800883e   0x00000072   Code   RO         3765    i.UART_WaitOnFlagUntilTimeout  stm32f4xx_hal_uart.o
    0x080088b0   0x080088b0   0x00000028   Code   RO          512    i.USART1_IRQHandler  stm32f4xx_it.o
    0x080088d8   0x080088d8   0x0000004c   Code   RO          513    i.USART2_IRQHandler  stm32f4xx_it.o
    0x08008924   0x08008924   0x00000010   Code   RO          948    i.USART2_Send       bsp_debug.o
    0x08008934   0x08008934   0x00000002   Code   RO          514    i.UsageFault_Handler  stm32f4xx_it.o
    0x08008936   0x08008936   0x00000030   Code   RO         4277    i.__ARM_fpclassify  m_wm.l(fpclassify.o)
    0x08008966   0x08008966   0x00000020   Code   RO         2313    i.__NVIC_SetPriority  stm32f4xx_hal_cortex.o
    0x08008986   0x08008986   0x00000002   PAD
    0x08008988   0x08008988   0x000000f8   Code   RO         4279    i.__hardfp___mathlib_tofloat  m_wm.l(narrow.o)
    0x08008a80   0x08008a80   0x000000d0   Code   RO         4392    i.__hardfp_ldexp    m_wm.l(ldexp.o)
    0x08008b50   0x08008b50   0x00000020   Code   RO         4429    i.__mathlib_dbl_overflow  m_wm.l(dunder.o)
    0x08008b70   0x08008b70   0x00000020   Code   RO         4431    i.__mathlib_dbl_underflow  m_wm.l(dunder.o)
    0x08008b90   0x08008b90   0x00000012   Code   RO         4280    i.__mathlib_narrow  m_wm.l(narrow.o)
    0x08008ba2   0x08008ba2   0x00000014   Code   RO         4394    i.__support_ldexp   m_wm.l(ldexp.o)
    0x08008bb6   0x08008bb6   0x0000000e   Code   RO         4115    i._is_digit         c_w.l(__printf_wp.o)
    0x08008bc4   0x08008bc4   0x00000002   Code   RO           16    i._sys_exit         main.o
    0x08008bc6   0x08008bc6   0x00000020   Code   RO         1131    i.clampf            pid_autotune.o
    0x08008be6   0x08008be6   0x00000020   Code   RO         1235    i.clampf            cross_track.o
    0x08008c06   0x08008c06   0x0000003c   Code   RO          873    i.crc16_ccitt       bsp_protocol.o
    0x08008c42   0x08008c42   0x00000010   Code   RO         1236    i.fabsf_local       cross_track.o
    0x08008c52   0x08008c52   0x00000002   PAD
    0x08008c54   0x08008c54   0x00000018   Code   RO           18    i.fputc             main.o
    0x08008c6c   0x08008c6c   0x00000004   PAD
    0x08008c70   0x08008c70   0x0000008c   Code   RO         4364    i.frexp             m_wm.l(frexp.o)
    0x08008cfc   0x08008cfc   0x00000a2c   Code   RO           19    i.main              main.o
    0x08009728   0x08009728   0x00000038   Code   RO          753    i.max_credible_innovation  bsp_encoder.o
    0x08009760   0x08009760   0x0000002c   Code   RO         4260    locale$$code        c_w.l(lc_ctype_c.o)
    0x0800978c   0x0800978c   0x0000002c   Code   RO         4263    locale$$code        c_w.l(lc_numeric_c.o)
    0x080097b8   0x080097b8   0x00000062   Code   RO         4356    x$fpl$d2f           fz_wm.l(d2f.o)
    0x0800981a   0x0800981a   0x00000002   PAD
    0x0800981c   0x0800981c   0x00000010   Code   RO         4461    x$fpl$dcheck1       fz_wm.l(dcheck1.o)
    0x0800982c   0x0800982c   0x00000018   Code   RO         4380    x$fpl$dcmpinf       fz_wm.l(dcmpi.o)
    0x08009844   0x08009844   0x00000078   Code   RO         4358    x$fpl$deqf          fz_wm.l(deqf.o)
    0x080098bc   0x080098bc   0x00000078   Code   RO         4382    x$fpl$dleqf         fz_wm.l(dleqf.o)
    0x08009934   0x08009934   0x00000154   Code   RO         4384    x$fpl$dmul          fz_wm.l(dmul.o)
    0x08009a88   0x08009a88   0x0000009c   Code   RO         4386    x$fpl$dnaninf       fz_wm.l(dnaninf.o)
    0x08009b24   0x08009b24   0x0000000c   Code   RO         4190    x$fpl$dretinf       fz_wm.l(dretinf.o)
    0x08009b30   0x08009b30   0x0000006c   Code   RO         4360    x$fpl$drleqf        fz_wm.l(drleqf.o)
    0x08009b9c   0x08009b9c   0x00000056   Code   RO         4151    x$fpl$f2d           fz_wm.l(f2d.o)
    0x08009bf2   0x08009bf2   0x0000008c   Code   RO         4192    x$fpl$fnaninf       fz_wm.l(fnaninf.o)
    0x08009c7e   0x08009c7e   0x0000000a   Code   RO         4388    x$fpl$fpinit        fz_wm.l(fpinit.o)
    0x08009c88   0x08009c88   0x0000000a   Code   RO         4390    x$fpl$fretinf       fz_wm.l(fretinf.o)
    0x08009c92   0x08009c92   0x00000006   Code   RO         4269    x$fpl$ieeestatus    fz_wm.l(istatus.o)
    0x08009c98   0x08009c98   0x00000004   Code   RO         4153    x$fpl$printf1       fz_wm.l(printf1.o)
    0x08009c9c   0x08009c9c   0x00000064   Code   RO         4500    x$fpl$retnan        fz_wm.l(retnan.o)
    0x08009d00   0x08009d00   0x0000005c   Code   RO         4423    x$fpl$scalbn        fz_wm.l(scalbn.o)
    0x08009d5c   0x08009d5c   0x00000004   Code   RO         4155    x$fpl$scanf1        fz_wm.l(scanf1.o)
    0x08009d60   0x08009d60   0x00000008   Code   RO         4271    x$fpl$scanf2        fz_wm.l(scanf2.o)
    0x08009d68   0x08009d68   0x00000030   Code   RO         4502    x$fpl$trapveneer    fz_wm.l(trapv.o)
    0x08009d98   0x08009d98   0x00000000   Code   RO         4194    x$fpl$usenofp       fz_wm.l(usenofp.o)
    0x08009d98   0x08009d98   0x00000008   Data   RO          670    .constdata          system_stm32f4xx.o
    0x08009da0   0x08009da0   0x00000008   Data   RO         2027    .constdata          stm32f4xx_hal_dma.o
    0x08009da8   0x08009da8   0x00000028   Data   RO         4088    .constdata          c_w.l(_printf_hex_int.o)
    0x08009dd0   0x08009dd0   0x00000011   Data   RO         4123    .constdata          c_w.l(__printf_flags_ss_wp.o)
    0x08009de1   0x08009de1   0x00000003   PAD
    0x08009de4   0x08009de4   0x00000094   Data   RO         4231    .constdata          c_w.l(bigflt0.o)
    0x08009e78   0x08009e78   0x000000ad   Data   RO           21    .conststring        main.o
    0x08009f25   0x08009f25   0x00000003   PAD
    0x08009f28   0x08009f28   0x000000cf   Data   RO          950    .conststring        bsp_debug.o
    0x08009ff7   0x08009ff7   0x00000001   PAD
    0x08009ff8   0x08009ff8   0x00000119   Data   RO         1132    .conststring        pid_autotune.o
    0x0800a111   0x0800a111   0x00000003   PAD
    0x0800a114   0x0800a114   0x00000020   Data   RO         4504    Region$$Table       anon$$obj.o
    0x0800a134   0x0800a134   0x00000008   Data   RO         4265    c$$dinf             fz_wm.l(fpconst.o)
    0x0800a13c   0x0800a13c   0x00000008   Data   RO         4268    c$$dmax             fz_wm.l(fpconst.o)
    0x0800a144   0x0800a144   0x00000110   Data   RO         4259    locale$$data        c_w.l(lc_ctype_c.o)
    0x0800a254   0x0800a254   0x0000001c   Data   RO         4262    locale$$data        c_w.l(lc_numeric_c.o)


    Execution Region RW_IRAM1 (Exec base: 0x20000000, Load base: 0x0800a270, Size: 0x00000d80, Max: 0x0001c000, ABSOLUTE)

    Exec Addr    Load Addr    Size         Type   Attr      Idx    E Section Name        Object

    0x20000000   0x0800a270   0x00000050   Data   RW           22    .data               main.o
    0x20000050   0x0800a2c0   0x00000004   Data   RW           23    .data               main.o
    0x20000054   0x0800a2c4   0x00000004   Data   RW          671    .data               system_stm32f4xx.o
    0x20000058   0x0800a2c8   0x00000004   Data   RW          708    .data               bsp_adc.o
    0x2000005c   0x0800a2cc   0x00000020   Data   RW          754    .data               bsp_encoder.o
    0x2000007c   0x0800a2ec   0x00000008   Data   RW          834    .data               bsp_motor.o
    0x20000084   0x0800a2f4   0x0000000c   Data   RW          875    .data               bsp_protocol.o
    0x20000090   0x0800a300   0x00000003   Data   RW          951    .data               bsp_debug.o
    0x20000093   0x0800a303   0x00000001   PAD
    0x20000094   0x0800a304   0x00000060   Data   RW         1078    .data               pid.o
    0x200000f4   0x0800a364   0x0000000c   Data   RW         2472    .data               stm32f4xx_hal.o
    0x20000100        -       0x00000170   Zero   RW           20    .bss                main.o
    0x20000270        -       0x000000f0   Zero   RW          279    .bss                adc.o
    0x20000360        -       0x0000000c   Zero   RW          348    .bss                iwdg.o
    0x2000036c        -       0x00000198   Zero   RW          385    .bss                tim.o
    0x20000504        -       0x00000150   Zero   RW          453    .bss                usart.o
    0x20000654        -       0x00000028   Zero   RW          707    .bss                bsp_adc.o
    0x2000067c        -       0x00000060   Zero   RW          874    .bss                bsp_protocol.o
    0x200006dc        -       0x00000040   Zero   RW          949    .bss                bsp_debug.o
    0x2000071c        -       0x00000060   Zero   RW         4196    .bss                c_w.l(libspace.o)
    0x2000077c   0x0800a370   0x00000004   PAD
    0x20000780        -       0x00000200   Zero   RW            2    HEAP                startup_stm32f407xx.o
    0x20000980        -       0x00000400   Zero   RW            1    STACK               startup_stm32f407xx.o


    Execution Region RW_IRAM2 (Exec base: 0x2001c000, Load base: 0x0800a370, Size: 0x00000000, Max: 0x00004000, ABSOLUTE)

    **** No section assigned to this execution region ****


==============================================================================

Image component sizes


      Code (inc. data)   RO Data    RW Data    ZI Data      Debug   Object Name

       472         52          0          0        240       2640   adc.o
       168         40          0          4         40       1675   bsp_adc.o
      5784       3394        207          3         64      10199   bsp_debug.o
        80         14          0          0          0        954   bsp_diag.o
       676        132          0         32          0       7273   bsp_encoder.o
       308         28          0          8          0       1899   bsp_motor.o
       836         80          0         12         96       7516   bsp_protocol.o
       984         38          0          0          0       5184   cross_track.o
       124          4          0          0          0        846   dma.o
       380         32          0          0          0       1203   gpio.o
        44          8          0          0         12        727   iwdg.o
      2680        934        173         84        368     723133   main.o
      1172         96          0         96          0       5776   pid.o
      2884        944        281          0          0       7985   pid_autotune.o
       320         64          0          0          0       2660   pid_disturbance.o
        64         26        392          0       1536        844   startup_stm32f407xx.o
       144         24          0         12          0       8781   stm32f4xx_hal.o
      1204         66          0          0          0       7533   stm32f4xx_hal_adc.o
        84          6          0          0          0       1215   stm32f4xx_hal_adc_ex.o
       198         14          0          0          0      33819   stm32f4xx_hal_cortex.o
      1084         16          8          0          0       7358   stm32f4xx_hal_dma.o
       506         46          0          0          0       2192   stm32f4xx_hal_gpio.o
       106          0          0          0          0       1907   stm32f4xx_hal_iwdg.o
        48          6          0          0          0        862   stm32f4xx_hal_msp.o
       270         56          0          0          0       4938   stm32f4xx_hal_rcc.o
      2640        122          0          0          0      22556   stm32f4xx_hal_tim.o
       232         28          0          0          0       3309   stm32f4xx_hal_tim_ex.o
      2366         40          0          0          0      18578   stm32f4xx_hal_uart.o
       224         62          0          0          0       9216   stm32f4xx_it.o
        16          4          8          4          0       1127   system_stm32f4xx.o
       960         72          0          0        408       4940   tim.o
       376         32          0          0        336       2071   usart.o

    ----------------------------------------------------------------------
     27484       6484       1108        256       3100     910916   Object Totals
         0          0         32          0          0          0   (incl. Generated)
        50          4          7          1          0          0   (incl. Padding)

    ----------------------------------------------------------------------

      Code (inc. data)   RO Data    RW Data    ZI Data      Debug   Library Member Name

        60          8          0          0          0         84   __0sscanf.o
         8          0          0          0          0         68   __main.o
       392          4         17          0          0         92   __printf_flags_ss_wp.o
        14          0          0          0          0         68   __printf_wp.o
         0          0          0          0          0          0   __rtentry.o
        12          0          0          0          0          0   __rtentry2.o
         6          0          0          0          0          0   __rtentry4.o
        52          8          0          0          0          0   __scatter.o
        26          0          0          0          0          0   __scatter_copy.o
        28          0          0          0          0          0   __scatter_zi.o
        28          0          0          0          0         68   _chval.o
        44          0          0          0          0        108   _printf_char.o
        48          6          0          0          0         96   _printf_char_common.o
        36          4          0          0          0         80   _printf_char_file.o
         6          0          0          0          0          0   _printf_d.o
       120         16          0          0          0         92   _printf_dec.o
         6          0          0          0          0          0   _printf_f.o
      1054          0          0          0          0        216   _printf_fp_dec.o
       128         16          0          0          0         84   _printf_fp_infnan.o
        88          4         40          0          0         88   _printf_hex_int.o
       178          0          0          0          0         88   _printf_intcommon.o
        78          0          0          0          0        108   _printf_pad.o
         0          0          0          0          0          0   _printf_percent.o
         4          0          0          0          0          0   _printf_percent_end.o
         6          0          0          0          0          0   _printf_s.o
        82          0          0          0          0         80   _printf_str.o
         6          0          0          0          0          0   _printf_u.o
         6          0          0          0          0          0   _printf_x.o
        22          0          0          0          0        100   _rserrno.o
       884          6          0          0          0        100   _scanf.o
       332          0          0          0          0         96   _scanf_int.o
        64          0          0          0          0         84   _sgetc.o
       158          0          0          0          0         92   _strtoul.o
       228          4        148          0          0         96   bigflt0.o
      2152        136          0          0          0        960   btod.o
        18          0          0          0          0         80   exit.o
         8          0          0          0          0         68   ferror.o
         6          0          0          0          0        152   heapauxi.o
        18          0          0          0          0         76   isspace.o
        44         10        272          0          0         76   lc_ctype_c.o
        44         10         28          0          0         76   lc_numeric_c.o
         2          0          0          0          0          0   libinit.o
        34          0          0          0          0          0   libinit2.o
         2          0          0          0          0          0   libshutdown.o
         2          0          0          0          0          0   libshutdown2.o
         8          4          0          0         96         68   libspace.o
        38          0          0          0          0         68   llshl.o
       138          0          0          0          0         80   lludiv10.o
       238          0          0          0          0        100   lludivv7m.o
        24          4          0          0          0         84   noretval__2printf.o
        16          4          0          0          0         76   rt_ctype_table.o
         8          4          0          0          0         68   rt_errno_addr_intlibspace.o
         8          4          0          0          0         68   rt_locale_intlibspace.o
        68          0          0          0          0         68   rt_memclr.o
        78          0          0          0          0         80   rt_memclr_w.o
         2          0          0          0          0          0   rtexit.o
        10          0          0          0          0          0   rtexit2.o
        44          8          0          0          0         84   scanf_char.o
      1272         16          0          0          0        168   scanf_fp.o
       800         14          0          0          0        100   scanf_hexfp.o
       308         16          0          0          0        100   scanf_infnan.o
       128          0          0          0          0         68   strcmpv7m.o
        62          0          0          0          0         76   strlen.o
       150          0          0          0          0         80   strncmp.o
        86          0          0          0          0         76   strncpy.o
       112          0          0          0          0         88   strtol.o
        74          0          0          0          0         80   sys_stackheap_outer.o
         2          0          0          0          0         68   use_no_semi.o
         2          0          0          0          0         68   use_no_semi_2.o
        98          4          0          0          0        140   d2f.o
        16          4          0          0          0        116   dcheck1.o
        24          0          0          0          0        116   dcmpi.o
       120          4          0          0          0        140   deqf.o
       120          4          0          0          0        140   dleqf.o
       340         12          0          0          0        152   dmul.o
       156          4          0          0          0        140   dnaninf.o
        12          0          0          0          0        116   dretinf.o
       108          0          0          0          0        128   drleqf.o
        86          4          0          0          0        132   f2d.o
       140          4          0          0          0        132   fnaninf.o
         0          0         16          0          0          0   fpconst.o
        10          0          0          0          0        116   fpinit.o
        10          0          0          0          0        116   fretinf.o
         6          0          0          0          0        116   istatus.o
         4          0          0          0          0        116   printf1.o
       100          0          0          0          0        116   retnan.o
        92          0          0          0          0        116   scalbn.o
         4          0          0          0          0        116   scanf1.o
         8          0          0          0          0        132   scanf2.o
        48          0          0          0          0        116   trapv.o
         0          0          0          0          0          0   usenofp.o
        64         16          0          0          0        248   dunder.o
        48          0          0          0          0        124   fpclassify.o
       140         22          0          0          0        132   frexp.o
       228          8          0          0          0        308   ldexp.o
       266         16          0          0          0        308   narrow.o

    ----------------------------------------------------------------------
     12468        410        524          0        100       8924   Library Totals
        10          2          3          0          4          0   (incl. Padding)

    ----------------------------------------------------------------------

      Code (inc. data)   RO Data    RW Data    ZI Data      Debug   Library Name

     10210        306        505          0         96       5292   c_w.l
      1502         40         16          0          0       2512   fz_wm.l
       746         62          0          0          0       1120   m_wm.l

    ----------------------------------------------------------------------
     12468        410        524          0        100       8924   Library Totals

    ----------------------------------------------------------------------

==============================================================================


      Code (inc. data)   RO Data    RW Data    ZI Data      Debug   

     39952       6894       1632        256       3200     896976   Grand Totals
     39952       6894       1632        256       3200     896976   ELF Image Totals
     39952       6894       1632        256          0          0   ROM Totals

==============================================================================

    Total RO  Size (Code + RO Data)                41584 (  40.61kB)
    Total RW  Size (RW Data + ZI Data)              3456 (   3.38kB)
    Total ROM Size (Code + RO Data + RW Data)      41840 (  40.86kB)

==============================================================================

