<html>
<body>
<pre>
<h1>µVision Build Log</h1>
<h2>Tool Versions:</h2>
IDE-Version: ¦ÌVision V5.43.1.0
Copyright (C) 2025 ARM Ltd and ARM Germany GmbH. All rights reserved.
License Information: wjun,  , LIC=RC93N-Y6826-HL1CL-0S30U-SK4DI-3MB56
 
Tool Versions:
Toolchain:       MDK-ARM Plus  Version: 5.43.0.0
Toolchain Path:  E:\keil_MDK\ARM\ARMCLANG\Bin
C Compiler:      ArmClang.exe V6.24
Assembler:       Armasm.exe V6.24
Linker/Locator:  ArmLink.exe V6.24
Library Manager: ArmAr.exe V6.24
Hex Converter:   FromElf.exe V6.24
CPU DLL:         SARMCM3.DLL V5.43.0.0
Dialog DLL:      DCM.DLL V1.17.5.0
Target DLL:      STLink\ST-LINKIII-KEIL_SWO.dll V3.3.1.0
Dialog DLL:      TCM.DLL V1.56.6.0
 
<h2>Project:</h2>
E:\smart_agri_sentry\firmware\chassis\MDK-ARM\Intelligent_Agricultural_Robot_Car.uvprojx
Project File Date:  07/06/2026

<h2>Output:</h2>
*** Using Compiler 'V6.24', folder: 'E:\keil_MDK\ARM\ARMCLANG\Bin'
Rebuild target 'Intelligent_Agricultural_Robot_Car'
assembling startup_stm32f407xx.s...
compiling gpio.c...
compiling dma.c...
compiling adc.c...
compiling tim.c...
compiling pid_disturbance.c...
compiling main.c...
compiling system_stm32f4xx.c...
compiling stm32f4xx_it.c...
compiling bsp_encoder.c...
compiling iwdg.c...
compiling pid.c...
compiling bsp_motor.c...
compiling cross_track.c...
compiling bsp_protocol.c...
compiling bsp_diag.c...
compiling usart.c...
compiling stm32f4xx_hal_msp.c...
compiling bsp_debug.c...
compiling bsp_adc.c...
compiling stm32f4xx_hal_rcc.c...
compiling stm32f4xx_hal_adc_ex.c...
compiling stm32f4xx_hal_adc.c...
compiling pid_autotune.c...
compiling stm32f4xx_hal_flash_ramfunc.c...
compiling stm32f4xx_hal_flash.c...
compiling stm32f4xx_hal_flash_ex.c...
compiling stm32f4xx_hal_rcc_ex.c...
compiling stm32f4xx_hal_gpio.c...
compiling stm32f4xx_hal_pwr.c...
compiling stm32f4xx_hal_dma_ex.c...
compiling stm32f4xx_hal_dma.c...
compiling stm32f4xx_hal_pwr_ex.c...
compiling stm32f4xx_hal_cortex.c...
compiling stm32f4xx_hal_iwdg.c...
compiling stm32f4xx_hal_exti.c...
compiling stm32f4xx_hal.c...
compiling stm32f4xx_hal_tim_ex.c...
compiling stm32f4xx_hal_uart.c...
compiling stm32f4xx_hal_tim.c...
linking...
Program Size: Code=95248 RO-data=5780 RW-data=140 ZI-data=2716  
FromELF: creating hex file...
"Intelligent_Agricultural_Robot_Car\Intelligent_Agricultural_Robot_Car.axf" - 0 Error(s), 0 Warning(s).

<h2>Software Packages used:</h2>

Package Vendor: ARM
                https://www.keil.com/pack/ARM.CMSIS.6.2.0.pack
                ARM::CMSIS@6.2.0
                CMSIS (Common Microcontroller Software Interface Standard)
   * Component: CORE Version: 6.1.1

Package Vendor: Keil
                https://www.keil.com/pack/Keil.STM32F4xx_DFP.2.17.1.pack
                Keil::STM32F4xx_DFP@2.17.1
                STMicroelectronics STM32F4 Series Device Support, Drivers and Examples

<h2>Collection of Component include folders:</h2>
  ./RTE/_Intelligent_Agricultural_Robot_Car
  E:/keil_MDK/pack/ARM/CMSIS/6.2.0/CMSIS/Core/Include
  E:/keil_MDK/pack/Keil/STM32F4xx_DFP/2.17.1/Drivers/CMSIS/Device/ST/STM32F4xx/Include

<h2>Collection of Component Files used:</h2>

   * Component: ARM::CMSIS:CORE@6.1.1
      Include file:  CMSIS/Core/Include/tz_context.h
Build Time Elapsed:  00:00:03
</pre>
</body>
</html>
